05:26:22 <INFO> Started REINVENT 4.6.22 (C) AstraZeneca 2017, 2023 on 2025-08-11
05:26:22 <INFO> Command line: /home/corey/miniconda3/envs/reinvent4/bin/reinvent -l 2025-08-11_libinvent.log staged_learning.toml
05:26:22 <INFO> Reading run configuration from /home/corey/Documents/comp_chem/generation/2025-08-11_libinvent/staged_learning.toml using format toml
05:26:22 <INFO> User corey on host thetinkerfactory
05:26:22 <INFO> Python version 3.10.18
05:26:22 <INFO> PyTorch version 2.7.1+cu128, git e2d141dbde55c2a4370fac5165b0561b6af4798b
05:26:22 <INFO> PyTorch compiled with CUDA version 12.8
05:26:22 <INFO> RDKit version 2025.03.3
05:26:22 <INFO> Platform Linux-6.14.0-27-generic-x86_64-with-glibc2.41
05:26:22 <INFO> CUDA driver version 570.153.02
05:26:22 <INFO> Number of PyTorch CUDA devices 1
05:26:22 <WARN> 'use_cuda' is deprecated, use 'device' instead
05:26:22 <INFO> Using CUDA device:0 NVIDIA GeForce RTX 5070 Laptop GPU
05:26:22 <INFO> GPU memory: 7572 MiB free, 7716 MiB total
05:26:22 <INFO> Writing TensorBoard summary to /home/corey/Documents/comp_chem/generation/2025-08-11_libinvent/tb_logs
05:26:22 <INFO> Writing JSON config file to /home/corey/Documents/comp_chem/generation/2025-08-11_libinvent/_staged_learning.json
05:26:22 <INFO> Starting 1 stage of Reinforcement Learning
05:26:23 <INFO> /home/corey/software/REINVENT4/priors/libinvent.prior has valid hash:
{ 'comments': [],
  'creation_date': 0,
  'date_format': 'UNIX epoch',
  'hash_id': '99944413c8f0b152c2bca0dca31aa6d3',
  'hash_id_format': 'xxhash.xxh3_128_hex 3.4.1',
  'model_id': '558e4fbd038c4b0ba67b03a025e657c4',
  'model_id_format': 'uuid.uuid4 3.10.12',
  'origina_data_source': 'ChEMBL 27',
  'updates': []}
05:26:23 <INFO> Number of network parameters: 23,686,692
05:26:23 <INFO> Network architecture:
Decorator(
  (_encoder): Encoder(
    (_embedding): Sequential(
      (0): Embedding(38, 512)
      (1): Dropout(p=0.2, inplace=False)
    )
    (_rnn): LSTM(512, 512, num_layers=3, batch_first=True, dropout=0.2, bidirectional=True)
  )
  (_decoder): Decoder(
    (_embedding): Sequential(
      (0): Embedding(36, 512)
      (1): Dropout(p=0.2, inplace=False)
    )
    (_rnn): LSTM(512, 512, num_layers=3, batch_first=True, dropout=0.2)
    (_attention): AttentionLayer(
      (_attention_linear): Sequential(
        (0): Linear(in_features=1024, out_features=512, bias=True)
        (1): Tanh()
      )
    )
    (_linear): Linear(in_features=512, out_features=36, bias=True)
  )
)
05:26:23 <INFO> /home/corey/software/REINVENT4/priors/libinvent.prior has valid hash:
{ 'comments': [],
  'creation_date': 0,
  'date_format': 'UNIX epoch',
  'hash_id': '99944413c8f0b152c2bca0dca31aa6d3',
  'hash_id_format': 'xxhash.xxh3_128_hex 3.4.1',
  'model_id': '558e4fbd038c4b0ba67b03a025e657c4',
  'model_id_format': 'uuid.uuid4 3.10.12',
  'origina_data_source': 'ChEMBL 27',
  'updates': []}
05:26:23 <INFO> Number of network parameters: 23,686,692
05:26:23 <INFO> Network architecture:
Decorator(
  (_encoder): Encoder(
    (_embedding): Sequential(
      (0): Embedding(38, 512)
      (1): Dropout(p=0.2, inplace=False)
    )
    (_rnn): LSTM(512, 512, num_layers=3, batch_first=True, dropout=0.2, bidirectional=True)
  )
  (_decoder): Decoder(
    (_embedding): Sequential(
      (0): Embedding(36, 512)
      (1): Dropout(p=0.2, inplace=False)
    )
    (_rnn): LSTM(512, 512, num_layers=3, batch_first=True, dropout=0.2)
    (_attention): AttentionLayer(
      (_attention_linear): Sequential(
        (0): Linear(in_features=1024, out_features=512, bias=True)
        (1): Tanh()
      )
    )
    (_linear): Linear(in_features=512, out_features=36, bias=True)
  )
)
05:26:23 <INFO> Using generator Libinvent
05:26:23 <INFO> Prior read from /home/corey/software/REINVENT4/priors/libinvent.prior
05:26:23 <INFO> Agent read from /home/corey/software/REINVENT4/priors/libinvent.prior
05:26:23 <INFO> Input molecules/fragments read from file scaffolds.smi
05:26:23 <INFO> Using reward strategy dap
05:26:23 <INFO> Using diversity filter IdenticalMurckoScaffold
05:26:23 <INFO> Diversity filter memories are retained between stages
05:26:23 <INFO> Registered scoring component ROCSSimilarity
05:26:23 <INFO> Registered scoring component GroupCount
05:26:23 <INFO> Registered scoring component FragmentQed
05:26:23 <INFO> Registered scoring component FragmentSlogP
05:26:23 <INFO> Registered scoring component FragmentMolecularWeight
05:26:23 <INFO> Registered scoring component FragmentTPSA
05:26:23 <INFO> Registered scoring component FragmentDistanceMatrix
05:26:23 <INFO> Registered scoring component FragmentNumAtomStereoCenters
05:26:23 <INFO> Registered scoring component FragmentHBondAcceptors
05:26:23 <INFO> Registered scoring component FragmentHBondDonors
05:26:23 <INFO> Registered scoring component FragmentNumRotBond
05:26:23 <INFO> Registered scoring component FragmentCsp3
05:26:23 <INFO> Registered scoring component Fragmentnumsp
05:26:23 <INFO> Registered scoring component Fragmentnumsp2
05:26:23 <INFO> Registered scoring component Fragmentnumsp3
05:26:23 <INFO> Registered scoring component FragmentEffectiveLength
05:26:23 <INFO> Registered scoring component FragmentGraphLength
05:26:23 <INFO> Registered scoring component FragmentLengthRatio
05:26:23 <INFO> Registered scoring component FragmentNumHeavyAtoms
05:26:23 <INFO> Registered scoring component FragmentNumHeteroAtoms
05:26:23 <INFO> Registered scoring component FragmentNumRings
05:26:23 <INFO> Registered scoring component FragmentNumAromaticRings
05:26:23 <INFO> Registered scoring component FragmentNumAliphaticRings
05:26:23 <INFO> Registered scoring component FragmentSlogP
05:26:23 <INFO> Registered scoring component MatchingSubstructure
05:26:23 <INFO> Registered scoring component MolVolume
05:26:23 <INFO> Registered scoring component Qed
05:26:23 <INFO> Registered scoring component LargestRingSize
05:26:23 <INFO> Registered scoring component MolecularWeight
05:26:23 <INFO> Registered scoring component GraphLength
05:26:23 <INFO> Registered scoring component NumAtomStereoCenters
05:26:23 <INFO> Registered scoring component HBondAcceptors
05:26:23 <INFO> Registered scoring component HBondDonors
05:26:23 <INFO> Registered scoring component NumRotBond
05:26:23 <INFO> Registered scoring component Csp3
05:26:23 <INFO> Registered scoring component numsp
05:26:23 <INFO> Registered scoring component numsp2
05:26:23 <INFO> Registered scoring component numsp3
05:26:23 <INFO> Registered scoring component NumHeavyAtoms
05:26:23 <INFO> Registered scoring component NumHeteroAtoms
05:26:23 <INFO> Registered scoring component NumRings
05:26:23 <INFO> Registered scoring component NumAromaticRings
05:26:23 <INFO> Registered scoring component NumAliphaticRings
05:26:23 <INFO> Registered scoring component SlogP
05:26:23 <INFO> Registered scoring component LargestRingSize
05:26:23 <INFO> Registered scoring component PMI
05:26:23 <INFO> Registered scoring component RDKitDescriptors
05:26:23 <INFO> Registered scoring component TanimotoSimilarity
05:26:23 <INFO> Registered scoring component TanimotoDistance
05:26:23 <INFO> Registered scoring component TPSA
05:26:23 <INFO> Registered scoring component SAScore
05:26:23 <INFO> Registered scoring component Cazp
05:26:24 <INFO> Registered scoring component ChemProp
05:26:24 <INFO> Registered scoring component CustomAlerts
05:26:24 <INFO> Registered scoring component DockStream
05:26:24 <INFO> Registered scoring component ExternalProcess
05:26:24 <INFO> Registered scoring component REST
05:26:24 <INFO> Registered scoring component Icolos
05:26:24 <INFO> Registered scoring component Maize
05:26:24 <INFO> Registered scoring component MMP
05:26:24 <INFO> Registered scoring component Qptuna
05:26:24 <INFO> Registered scoring component ReactionFilter
05:26:24 <INFO> Registered scoring component RingPrecedence
05:26:24 <INFO> Creating scoring component QED
05:26:24 <INFO> Creating scoring component Maize
05:26:24 <INFO> Creating filter component custom_alerts
05:26:24 <INFO> Creating scoring component MolecularWeight
05:26:24 <INFO> Creating scoring component SlogP
05:26:24 <INFO> Creating scoring component TPSA
05:26:24 <INFO> Creating scoring component NumAtomStereoCenters
05:26:24 <INFO> Creating scoring component HBondAcceptors
05:26:24 <INFO> Creating scoring component HBondDonors
05:26:24 <INFO> Creating scoring component NumRotBond
05:26:24 <INFO> Creating scoring component NumHeavyAtoms
05:26:24 <INFO> Creating scoring component MolVolume
05:26:24 <INFO> Creating scoring component SAScore
05:26:24 <INFO> Writing tabular data for stage to staged_learning_1.csv
05:26:24 <INFO> Starting stage 1 <<<
05:26:24 <INFO> Current GPU memory usage: 548 MiB used, 7168 MiB free
05:26:25 <WARN> reinvent_plugins.normalizers.rdkit_smiles: O=C(NC(C)c1ccc([*])cc1)c1cc(Cl)cc2ccn([*])c12*C|C(N)(C)=OCOC(*)=O could not be converted
05:26:25 <WARN> reinvent_plugins.normalizers.rdkit_smiles: O=C(NC(C)c1ccc([*])cc1)c1cc(Cl)cc2ccn([*])c12C(F)(F)(*)*|O=C(OC(C)(C)C)* could not be converted
05:28:01 <INFO> Score: 0.00 Agent NLL: 9.95 Valid:  98% Step: 1
 | Agent Prior Target Score SMILES SMILES_state Input_Scaffold R-groups Scaffold QED QED (raw) gnina score gnina score (raw) MW MW (raw) SlogP (RDKit) SlogP (RDKit) (raw) TPSA TPSA (raw) Number of stereo centers Number of stereo centers (raw) Number of HB acceptors (Lipinski) Number of HB acceptors (Lipinski) (raw) Number of HB donors (Lipinski) Number of HB donors (Lipinski) (raw) Number of rotatable bonds Number of rotatable bonds (raw) Number of Heavy atoms Number of Heavy atoms (raw) Molecular Volume (RDKit) Molecular Volume (RDKit) (raw) SA score SA score (raw) Alerts Alerts (raw) matchting_patterns (Alerts)
 | 5.7875 6.0116 -6.0116 0.0000000 CC(NC(=O)c1cc(Cl)cc2ccn(C(=O)OC(C)(C)C)c12)c1ccc(C(C)(C)C)cc1 1 O=C(NC(C)c1ccc([*])cc1)c1cc(Cl)cc2ccn([*])c12 *C(C)(C)C|*C(=O)OC(C)(C)C O=C(NCc1ccccc1)c1cccc2cc[nH]c12 0.0000000 0.0000 0.0000000 0.0000 0.0000000 0.0000 0.0000000 0.0000 0.0000000 0.0000 0.0000000 0.0000 0.0000000 0.0000 0.0000000 0.0000 0.0000000 0.0000 0.0000000 0.0000 0.0000000 0.0000 0.0000000 0.0000 0.0000000 0.0000 ['C(=[O,S])[O,S]']
 | 6.8484 6.8908 -4.8789 0.0040239 CC(=O)n1ccc2cc(Cl)cc(C(=O)NC(C)c3ccc(C(C)(C)C)cc3)c21 1 O=C(NC(C)c1ccc([*])cc1)c1cc(Cl)cc2ccn([*])c12 *C(C)(C)C|*C(C)=O O=C(NCc1ccccc1)c1cccc2cc[nH]c12 0.6129085 0.6129 -7.2131700 -7.2132 0.9999247 396.9180 0.0000000 5.7433 1.0000000 51.1000 1.0000000 1.0000 1.0000000 3.0000 0.9467598 1.0000 0.9825279 3.0000 0.9855343 28.0000 0.9647456 363.7680 0.9191686 2.8884 1.0000000 1.0000 []
 | 8.7402 9.6599 -9.6599 0.0000000 CC(NC(=O)c1cc(Cl)cc2ccn(C(N)=O)c12)c1ccc(C(C)(C)C)cc1 1 O=C(NC(C)c1ccc([*])cc1)c1cc(Cl)cc2ccn([*])c12 *C(C)(C)C|*C(N)=O O=C(NCc1ccccc1)c1cccc2cc[nH]c12 0.0000000 0.0000 0.0000000 0.0000 0.0000000 0.0000 0.0000000 0.0000 0.0000000 0.0000 0.0000000 0.0000 0.0000000 0.0000 0.0000000 0.0000 0.0000000 0.0000 0.0000000 0.0000 0.0000000 0.0000 0.0000000 0.0000 0.0000000 0.0000 ['[NH2]']
 | 6.3848 6.1849 -6.1849 0.0000000 CC(NC(=O)c1cc(Cl)cc2ccn(C(=O)OC(C)(C)C)c12)c1ccc(C(C)(C)C)cc1 2 O=C(NC(C)c1ccc([*])cc1)c1cc(Cl)cc2ccn([*])c12 *C(C)(C)C|CC(C)(C)OC(=O)* O=C(NCc1ccccc1)c1cccc2cc[nH]c12 0.0000000 0.0000 0.0000000 0.0000 0.0000000 0.0000 0.0000000 0.0000 0.0000000 0.0000 0.0000000 0.0000 0.0000000 0.0000 0.0000000 0.0000 0.0000000 0.0000 0.0000000 0.0000 0.0000000 0.0000 0.0000000 0.0000 0.0000000 0.0000 ['C(=[O,S])[O,S]']
 | 6.8234 7.0595 -7.0595 0.0000000 CC(NC(=O)c1cc(Cl)cc2ccn(C(=O)OC(C)(C)C)c12)c1ccc(C(C)(C)C)cc1 2 O=C(NC(C)c1ccc([*])cc1)c1cc(Cl)cc2ccn([*])c12 *C(C)(C)C|O(C(C)(C)C)C(*)=O O=C(NCc1ccccc1)c1cccc2cc[nH]c12 0.0000000 0.0000 0.0000000 0.0000 0.0000000 0.0000 0.0000000 0.0000 0.0000000 0.0000 0.0000000 0.0000 0.0000000 0.0000 0.0000000 0.0000 0.0000000 0.0000 0.0000000 0.0000 0.0000000 0.0000 0.0000000 0.0000 0.0000000 0.0000 ['C(=[O,S])[O,S]']
 | 8.5610 9.5018 -9.5018 0.0000000 CC(NC(=O)c1cc(Cl)cc2ccn(C(N)=O)c12)c1ccc(C(C)(C)C)cc1 2 O=C(NC(C)c1ccc([*])cc1)c1cc(Cl)cc2ccn([*])c12 *C(C)(C)C|O=C(*)N O=C(NCc1ccccc1)c1cccc2cc[nH]c12 0.0000000 0.0000 0.0000000 0.0000 0.0000000 0.0000 0.0000000 0.0000 0.0000000 0.0000 0.0000000 0.0000 0.0000000 0.0000 0.0000000 0.0000 0.0000000 0.0000 0.0000000 0.0000 0.0000000 0.0000 0.0000000 0.0000 0.0000000 0.0000 ['[NH2]']
 | 9.3343 9.4993 -9.4992 0.0000000 CC(NC(=O)c1cc(Cl)cc2ccn(C(=O)OCc3ccccc3)c12)c1ccc(C(C)(C)C)cc1 1 O=C(NC(C)c1ccc([*])cc1)c1cc(Cl)cc2ccn([*])c12 *C(C)(C)C|c1cc(COC(=O)*)ccc1 O=C(NCc1ccccc1)c1cccc2ccn(C(=O)OCc3ccccc3)c12 0.0000000 0.0000 0.0000000 0.0000 0.0000000 0.0000 0.0000000 0.0000 0.0000000 0.0000 0.0000000 0.0000 0.0000000 0.0000 0.0000000 0.0000 0.0000000 0.0000 0.0000000 0.0000 0.0000000 0.0000 0.0000000 0.0000 0.0000000 0.0000 ['C(=[O,S])[O,S]']
 | 9.1638 10.2950 -8.2567 0.0040767 CC(=O)n1ccc2cc(Cl)cc(C(=O)NC(C)c3ccc(C(C)C)cc3)c21 1 O=C(NC(C)c1ccc([*])cc1)c1cc(Cl)cc2ccn([*])c12 *C(C)C|CC(=O)* O=C(NCc1ccccc1)c1cccc2cc[nH]c12 0.6408679 0.6409 -3.4798200 -3.4798 0.9999793 382.8910 0.0000000 5.5692 1.0000000 51.1000 1.0000000 1.0000 1.0000000 3.0000 0.9467598 1.0000 0.9693466 4.0000 0.9880297 27.0000 0.9793740 349.4080 0.9228812 2.8440 1.0000000 1.0000 []
 | 9.1202 9.4326 -9.4326 0.0000000 CC(C)c1ccc(C(C)NC(=O)c2cc(Cl)cc3ccn(C(=O)OC(C)(C)C)c23)cc1 1 O=C(NC(C)c1ccc([*])cc1)c1cc(Cl)cc2ccn([*])c12 *C(C)C|CC(OC(=O)*)(C)C O=C(NCc1ccccc1)c1cccc2cc[nH]c12 0.0000000 0.0000 0.0000000 0.0000 0.0000000 0.0000 0.0000000 0.0000 0.0000000 0.0000 0.0000000 0.0000 0.0000000 0.0000 0.0000000 0.0000 0.0000000 0.0000 0.0000000 0.0000 0.0000000 0.0000 0.0000000 0.0000 0.0000000 0.0000 ['C(=[O,S])[O,S]']
 | 6.1239 6.1318 -6.1318 0.0000000 CC(NC(=O)c1cc(Cl)cc2ccn(C(=O)OC(C)(C)C)c12)c1ccc(C(F)(F)F)cc1 1 O=C(NC(C)c1ccc([*])cc1)c1cc(Cl)cc2ccn([*])c12 *C(F)(F)F|*C(=O)OC(C)(C)C O=C(NCc1ccccc1)c1cccc2cc[nH]c12 0.0000000 0.0000 0.0000000 0.0000 0.0000000 0.0000 0.0000000 0.0000 0.0000000 0.0000 0.0000000 0.0000 0.0000000 0.0000 0.0000000 0.0000 0.0000000 0.0000 0.0000000 0.0000 0.0000000 0.0000 0.0000000 0.0000 0.0000000 0.0000 ['C(=[O,S])[O,S]']
05:28:02 <WARN> reinvent_plugins.normalizers.rdkit_smiles: [*]c1ccc(C(NC(=O)c2c3n([*])ccc3cc(Cl)c2)C)cc1c1cc(N2CC3NC(C2)CO3)nn(C)c1=O)c1ccc2c(c1*)CCC2|*C(=O)OC(C)C could not be converted
05:32:46 <INFO> Score: 0.01 Agent NLL: 16.85 Valid:  99% Step: 2
 | Agent Prior Target Score SMILES SMILES_state Input_Scaffold R-groups Scaffold QED QED (raw) gnina score gnina score (raw) MW MW (raw) SlogP (RDKit) SlogP (RDKit) (raw) TPSA TPSA (raw) Number of stereo centers Number of stereo centers (raw) Number of HB acceptors (Lipinski) Number of HB acceptors (Lipinski) (raw) Number of HB donors (Lipinski) Number of HB donors (Lipinski) (raw) Number of rotatable bonds Number of rotatable bonds (raw) Number of Heavy atoms Number of Heavy atoms (raw) Molecular Volume (RDKit) Molecular Volume (RDKit) (raw) SA score SA score (raw) Alerts Alerts (raw) matchting_patterns (Alerts)
 | 10.5364 10.1856 -10.1856 0.0000000 C#Cc1ccc(C(C)NC(=O)c2cc(Cl)cc3ccn(C(C)=O)c23)cc1 1 [*]c1ccc(C(NC(=O)c2c3n([*])ccc3cc(Cl)c2)C)cc1 *C#C|CC(=O)* O=C(NCc1ccccc1)c1cccc2cc[nH]c12 0.0000000 0.0000 0.0000000 0.0000 0.0000000 0.0000 0.0000000 0.0000 0.0000000 0.0000 0.0000000 0.0000 0.0000000 0.0000 0.0000000 0.0000 0.0000000 0.0000 0.0000000 0.0000 0.0000000 0.0000 0.0000000 0.0000 0.0000000 0.0000 ['C#C']
 | 9.6697 8.4521 -6.4290 0.0040463 CC(=O)n1ccc2cc(Cl)cc(C(=O)NC(C)c3ccc(C(F)(F)F)cc3)c21 1 [*]c1ccc(C(NC(=O)c2c3n([*])ccc3cc(Cl)c2)C)cc1 *C(F)(F)F|C(C)(*)=O O=C(NCc1ccccc1)c1cccc2cc[nH]c12 0.6248520 0.6249 -10.4119600 -10.4120 0.9997750 408.8070 0.0000000 5.4646 1.0000000 51.1000 1.0000000 1.0000 1.0000000 3.0000 0.9467598 1.0000 0.9825279 3.0000 0.9855343 28.0000 0.9894338 331.7120 0.9169239 2.9143 1.0000000 1.0000 []
 | 31.1938 30.3168 -30.3168 0.0000000 CC(NC(=O)c1cc(Cl)cc2ccn(C(=O)c3cc(C(F)(F)F)cc(C(F)(F)F)c3)c12)c1ccc(C(=O)O)cc1 1 [*]c1ccc(C(NC(=O)c2c3n([*])ccc3cc(Cl)c2)C)cc1 *C(O)=O|c1(C(*)=O)cc(C(F)(F)F)cc(C(F)(F)F)c1 O=C(NCc1ccccc1)c1cccc2ccn(C(=O)c3ccccc3)c12 0.0000000 0.0000 0.0000000 0.0000 0.0000000 0.0000 0.0000000 0.0000 0.0000000 0.0000 0.0000000 0.0000 0.0000000 0.0000 0.0000000 0.0000 0.0000000 0.0000 0.0000000 0.0000 0.0000000 0.0000 0.0000000 0.0000 0.0000000 0.0000 ['C(=[O,S])[O,S]', '[OH]']
 | 20.3364 18.6868 -17.1467 0.0030803 CNC(=O)CC1=CCC(c2ccc(C(C)NC(=O)c3cc(Cl)cc4ccn(C(C)=O)c34)cc2)CC1 1 [*]c1ccc(C(NC(=O)c2c3n([*])ccc3cc(Cl)c2)C)cc1 *C1CCC(CC(NC)=O)=CC1|C(C)(*)=O O=C(NCc1ccc(C2CC=CCC2)cc1)c1cccc2cc[nH]c12 0.4290056 0.4290 -9.1677400 -9.1677 0.6759182 492.0190 0.0000000 5.7758 1.0000000 80.2000 1.0000000 2.0000 1.0000000 4.0000 0.5000000 2.0000 0.9090909 6.0000 0.9467598 35.0000 0.5276794 447.1120 0.8283380 3.6329 1.0000000 1.0000 []
 | 27.5499 31.6253 -31.3751 0.0005005 CNC(=O)n1ccc2cc(Cl)cc(C(=O)NC(C)c3ccc(C4CN(CC5CCN(C)CC5)CCO4)cc3)c21 1 [*]c1ccc(C(NC(=O)c2c3n([*])ccc3cc(Cl)c2)C)cc1 *C1CN(CC2CCN(C)CC2)CCO1|C(*)(NC)=O O=C(NCc1ccc(C2CN(CC3CCNCC3)CCO2)cc1)c1cccc2cc[nH]c12 0.4646231 0.4646 -8.7046000 -8.7046 0.0081599 552.1190 0.0000002 4.6883 1.0000000 78.8400 1.0000000 2.0000 0.9999999 6.0000 0.5000000 2.0000 0.9090909 6.0000 0.8919391 39.0000 0.1058325 505.6080 0.8232672 3.6636 1.0000000 1.0000 []
 | 11.3442 9.2169 -7.4169 0.0036001 CC(=O)n1ccc2cc(Cl)cc(C(=O)NC(C)c3ccc(Cc4ccccc4)cc3)c21 1 [*]c1ccc(C(NC(=O)c2c3n([*])ccc3cc(Cl)c2)C)cc1 *Cc1ccccc1|CC(=O)* O=C(NCc1ccc(Cc2ccccc2)cc1)c1cccc2cc[nH]c12 0.4194923 0.4195 -9.4946900 -9.4947 0.9982756 430.9350 0.0000000 6.0366 1.0000000 51.1000 1.0000000 1.0000 1.0000000 3.0000 0.9467598 1.0000 0.9467598 5.0000 0.9745624 31.0000 0.9202429 386.2720 0.9280243 2.7793 1.0000000 1.0000 []
 | 15.6828 15.4375 -13.5529 0.0037692 CC(=O)n1ccc2cc(Cl)cc(C(=O)NC(C)c3ccc(Cc4cnn(C)c4)cc3)c21 1 [*]c1ccc(C(NC(=O)c2c3n([*])ccc3cc(Cl)c2)C)cc1 *Cc1cnn(C)c1|CC(*)=O O=C(NCc1ccc(Cc2cn[nH]c2)cc1)c1cccc2cc[nH]c12 0.4915440 0.4915 -7.7550900 -7.7551 0.9975111 434.9270 0.0000001 4.7701 1.0000000 68.9200 1.0000000 1.0000 1.0000000 5.0000 0.9467598 1.0000 0.9467598 5.0000 0.9745624 31.0000 0.9242919 384.8000 0.9004539 3.0871 1.0000000 1.0000 []
 | 9.1801 7.3504 -7.3504 0.0000000 Cc1ccc(C(C)NC(=O)c2cc(Cl)cc3ccn(C(=O)OC(C)(C)C)c23)cc1 1 [*]c1ccc(C(NC(=O)c2c3n([*])ccc3cc(Cl)c2)C)cc1 *C|C(=O)(OC(C)(C)C)* O=C(NCc1ccccc1)c1cccc2cc[nH]c12 0.0000000 0.0000 0.0000000 0.0000 0.0000000 0.0000 0.0000000 0.0000 0.0000000 0.0000 0.0000000 0.0000 0.0000000 0.0000 0.0000000 0.0000 0.0000000 0.0000 0.0000000 0.0000 0.0000000 0.0000 0.0000000 0.0000 0.0000000 0.0000 ['C(=[O,S])[O,S]']
 | 6.0731 6.2929 -4.1696 0.0042466 CC(=O)n1ccc2cc(Cl)cc(C(=O)NC(C)c3ccc(C)cc3)c21 1 [*]c1ccc(C(NC(=O)c2c3n([*])ccc3cc(Cl)c2)C)cc1 *C|CC(*)=O O=C(NCc1ccccc1)c1cccc2cc[nH]c12 0.7371775 0.7372 -9.6547100 -9.6547 0.9999985 354.8370 0.0000001 4.7542 1.0000000 51.1000 1.0000000 1.0000 1.0000000 3.0000 0.9467598 1.0000 0.9825279 3.0000 0.9918135 25.0000 0.9940160 316.7760 0.9289556 2.7671 1.0000000 1.0000 []
 | 10.6610 12.3727 -10.2891 0.0041672 CC(NC(=O)c1cc(Cl)cc2ccn(C(=O)N(C)C)c12)c1ccc(N(C)C)cc1 1 [*]c1ccc(C(NC(=O)c2c3n([*])ccc3cc(Cl)c2)C)cc1 *N(C)C|*C(N(C)C)=O O=C(NCc1ccccc1)c1cccc2cc[nH]c12 0.6913005 0.6913 -6.3340900 -6.3341 0.9996714 412.9210 0.0000011 4.3814 1.0000000 57.5800 1.0000000 1.0000 1.0000000 4.0000 0.9467598 1.0000 0.9693466 4.0000 0.9825279 29.0000 0.9491970 373.7120 0.9068189 3.0236 1.0000000 1.0000 []
05:35:51 <INFO> Score: 0.01 Agent NLL: 12.23 Valid: 100% Step: 3
 | Agent Prior Target Score SMILES SMILES_state Input_Scaffold R-groups Scaffold QED QED (raw) gnina score gnina score (raw) MW MW (raw) SlogP (RDKit) SlogP (RDKit) (raw) TPSA TPSA (raw) Number of stereo centers Number of stereo centers (raw) Number of HB acceptors (Lipinski) Number of HB acceptors (Lipinski) (raw) Number of HB donors (Lipinski) Number of HB donors (Lipinski) (raw) Number of rotatable bonds Number of rotatable bonds (raw) Number of Heavy atoms Number of Heavy atoms (raw) Molecular Volume (RDKit) Molecular Volume (RDKit) (raw) SA score SA score (raw) Alerts Alerts (raw) matchting_patterns (Alerts)
 | 14.7702 15.2382 -13.4098 0.0036570 CC(NC(=O)c1cc(Cl)cc2ccn(C(=O)C(C)(C)C)c12)c1ccc(N2CCN(C)CC2)cc1 1 c1(C(NC(c2c3n([*])ccc3cc(Cl)c2)=O)C)ccc([*])cc1 *C(=O)C(C)(C)C|C1N(C)CCN(*)C1 O=C(NCc1ccc(N2CCNCC2)cc1)c1cccc2cc[nH]c12 0.5555675 0.5556 -6.9461200 -6.9461 0.8514830 481.0400 0.0000000 5.2238 1.0000000 57.5800 1.0000000 1.0000 1.0000000 5.0000 0.9467598 1.0000 0.9693466 4.0000 0.9556430 34.0000 0.5681896 442.8480 0.9018365 3.0736 1.0000000 1.0000 []
 | 7.5058 7.4988 -5.4756 0.0040463 CC(=O)n1ccc2cc(Cl)cc(C(=O)NC(C)c3ccc(C(F)(F)F)cc3)c21 1 c1(C(NC(c2c3n([*])ccc3cc(Cl)c2)=O)C)ccc([*])cc1 *C(=O)C|*C(F)(F)F O=C(NCc1ccccc1)c1cccc2cc[nH]c12 0.6248520 0.6249 -10.4119600 -10.4120 0.9997750 408.8070 0.0000000 5.4646 1.0000000 51.1000 1.0000000 1.0000 1.0000000 3.0000 0.9467598 1.0000 0.9825279 3.0000 0.9855343 28.0000 0.9894338 331.7120 0.9169239 2.9143 1.0000000 1.0000 []
 | 8.7412 9.8611 -7.8560 0.0040103 CC(=O)n1ccc2cc(Cl)cc(C(=O)NC(C)c3ccc(CC(C)C)cc3)c21 1 c1(C(NC(c2c3n([*])ccc3cc(Cl)c2)=O)C)ccc([*])cc1 *C(=O)C|C(*)C(C)C O=C(NCc1ccccc1)c1cccc2cc[nH]c12 0.6058484 0.6058 -7.8989900 -7.8990 0.9999247 396.9180 0.0000000 5.6443 1.0000000 51.1000 1.0000000 1.0000 1.0000000 3.0000 0.9467598 1.0000 0.9467598 5.0000 0.9855343 28.0000 0.9623193 365.5680 0.9211313 2.8652 1.0000000 1.0000 []
 | 10.7025 13.6972 -11.6989 0.0039966 CCN(CC)c1ccc(C(C)NC(=O)c2cc(Cl)cc3ccn(C(C)=O)c23)cc1 1 c1(C(NC(c2c3n([*])ccc3cc(Cl)c2)=O)C)ccc([*])cc1 *C(=O)C|C(N(*)CC)C O=C(NCc1ccccc1)c1cccc2cc[nH]c12 0.5989706 0.5990 -6.6537100 -6.6537 0.9997000 411.9330 0.0000000 5.2920 1.0000000 54.3400 1.0000000 1.0000 1.0000000 4.0000 0.9467598 1.0000 0.9090909 6.0000 0.9825279 29.0000 0.9419887 377.3680 0.9118854 2.9702 1.0000000 1.0000 []
 | 6.6087 6.8560 -4.7327 0.0042466 CC(=O)n1ccc2cc(Cl)cc(C(=O)NC(C)c3ccc(C)cc3)c21 1 c1(C(NC(c2c3n([*])ccc3cc(Cl)c2)=O)C)ccc([*])cc1 *C(=O)C|C* O=C(NCc1ccccc1)c1cccc2cc[nH]c12 0.7371775 0.7372 -9.6547100 -9.6547 0.9999985 354.8370 0.0000001 4.7542 1.0000000 51.1000 1.0000000 1.0000 1.0000000 3.0000 0.9467598 1.0000 0.9825279 3.0000 0.9918135 25.0000 0.9940160 316.7760 0.9289556 2.7671 1.0000000 1.0000 []
 | 7.9124 9.9428 -7.8724 0.0041408 CC(=O)n1ccc2cc(Cl)cc(C(=O)NC(C)c3ccc(N4CCOCC4)cc3)c21 1 c1(C(NC(c2c3n([*])ccc3cc(Cl)c2)=O)C)ccc([*])cc1 *C(=O)C|C1CN(*)CCO1 O=C(NCc1ccc(N2CCOCC2)cc1)c1cccc2cc[nH]c12 0.6771376 0.6771 -8.6361300 -8.6361 0.9989132 425.9160 0.0000020 4.2824 1.0000000 63.5700 1.0000000 1.0000 1.0000000 5.0000 0.9467598 1.0000 0.9693466 4.0000 0.9789100 30.0000 0.9466513 375.0560 0.9153747 2.9318 1.0000000 1.0000 []
 | 5.7134 7.3047 -7.3047 0.0000000 CC(=O)n1ccc2cc(Cl)cc(C(=O)NC(C)c3ccc(C(F)(F)F)cc3)c21 2 c1(C(NC(c2c3n([*])ccc3cc(Cl)c2)=O)C)ccc([*])cc1 *C(=O)C|FC(F)(*)F O=C(NCc1ccccc1)c1cccc2cc[nH]c12 0.0000000 0.6249 -0.0000000 -10.4120 0.0000000 408.8070 0.0000000 5.4646 0.0000000 51.1000 0.0000000 1.0000 0.0000000 3.0000 0.0000000 1.0000 0.0000000 3.0000 0.0000000 28.0000 0.0000000 331.7120 0.0000000 2.9143 0.0000000 1.0000 []
 | 8.6050 9.2707 -7.4496 0.0036423 CC(=O)n1ccc2cc(Cl)cc(C(=O)NC(C)c3ccc(-c4ccccc4)cc3)c21 1 c1(C(NC(c2c3n([*])ccc3cc(Cl)c2)=O)C)ccc([*])cc1 *C(=O)C|c1cccc(*)c1 O=C(NCc1ccc(-c2ccccc2)cc1)c1cccc2cc[nH]c12 0.4357932 0.4358 -6.9623200 -6.9623 0.9995256 416.9080 0.0000000 6.1128 1.0000000 51.1000 1.0000000 1.0000 1.0000000 3.0000 0.9467598 1.0000 0.9693466 4.0000 0.9789100 30.0000 0.9565834 369.4160 0.9317604 2.7295 1.0000000 1.0000 []
 | 16.3514 16.5978 -15.0380 0.0031196 CC(=O)n1ccc2cc(Cl)cc(C(=O)NC(C)c3ccc(-c4ccc(-c5nnn[nH]5)cc4)cc3)c21 1 c1(C(NC(c2c3n([*])ccc3cc(Cl)c2)=O)C)ccc([*])cc1 *C(=O)C|n1nc(-c2ccc(*)cc2)[nH]n1 O=C(NCc1ccc(-c2ccc(-c3nnn[nH]3)cc2)cc1)c1cccc2cc[nH]c12 0.3521952 0.3522 -7.6598200 -7.6598 0.8000222 484.9470 0.0000000 5.2929 0.9999880 105.5600 1.0000000 1.0000 0.9999999 6.0000 0.5000000 2.0000 0.9467598 5.0000 0.9467598 35.0000 0.8032976 413.3360 0.8868043 3.2120 1.0000000 1.0000 []
 | 16.6082 14.5410 765.9354 1.5609526 CON(C)C(=O)n1ccc2cc(Cl)cc(C(=O)NC(C)c3ccc(C(C)(C)C)cc3)c21 1 c1(C(NC(c2c3n([*])ccc3cc(Cl)c2)=O)C)ccc([*])cc1 *C(=O)N(OC)C|C(C)(C)(*)C O=C(NCc1ccccc1)c1cccc2cc[nH]c12 0.5400482 0.5400 8.5816200 8.5816 0.9952543 441.9590 0.0000000 5.5445 1.0000000 63.5700 1.0000000 1.0000 1.0000000 4.0000 0.9467598 1.0000 0.9693466 4.0000 0.9745624 31.0000 0.8577757 403.1760 0.8876691 3.2045 1.0000000 1.0000 []
05:35:52 <WARN> reinvent_plugins.normalizers.rdkit_smiles: c1c2cc(Cl)cc(C(NC(c3ccc([*])cc3)C)=O)c2n([*])c1N1(C(=O)C)(C)CCN(*)CC1|C(OC(=O)*)(C)(C)C could not be converted
05:38:54 <INFO> Score: 0.01 Agent NLL: 13.90 Valid:  99% Step: 4
 | Agent Prior Target Score SMILES SMILES_state Input_Scaffold R-groups Scaffold QED QED (raw) gnina score gnina score (raw) MW MW (raw) SlogP (RDKit) SlogP (RDKit) (raw) TPSA TPSA (raw) Number of stereo centers Number of stereo centers (raw) Number of HB acceptors (Lipinski) Number of HB acceptors (Lipinski) (raw) Number of HB donors (Lipinski) Number of HB donors (Lipinski) (raw) Number of rotatable bonds Number of rotatable bonds (raw) Number of Heavy atoms Number of Heavy atoms (raw) Molecular Volume (RDKit) Molecular Volume (RDKit) (raw) SA score SA score (raw) Alerts Alerts (raw) matchting_patterns (Alerts)
 | 19.8653 19.1554 -18.8546 0.0006016 CC(NC(=O)c1cc(Cl)cc2ccn(C(=O)c3cccc(N4CCOCC4)c3)c12)c1ccc(C(C)(C)C)cc1 1 c1c2cc(Cl)cc(C(NC(c3ccc([*])cc3)C)=O)c2n([*])c1 *C(C)(C)C|C(c1cccc(N2CCOCC2)c1)(*)=O O=C(NCc1ccccc1)c1cccc2ccn(C(=O)c3cccc(N4CCOCC4)c3)c12 0.3075459 0.3075 -7.5320400 -7.5320 0.0169350 544.0950 0.0000000 6.6083 1.0000000 63.5700 1.0000000 1.0000 1.0000000 5.0000 0.9467598 1.0000 0.9467598 5.0000 0.8919391 39.0000 0.1596370 493.2800 0.8986380 3.1046 1.0000000 1.0000 []
 | 7.0852 7.9798 -5.9567 0.0040463 CC(=O)n1ccc2cc(Cl)cc(C(=O)NC(C)c3ccc(C(F)(F)F)cc3)c21 1 c1c2cc(Cl)cc(C(NC(c3ccc([*])cc3)C)=O)c2n([*])c1 *C(F)(F)F|O=C(C)* O=C(NCc1ccccc1)c1cccc2cc[nH]c12 0.6248520 0.6249 -10.4119600 -10.4120 0.9997750 408.8070 0.0000000 5.4646 1.0000000 51.1000 1.0000000 1.0000 1.0000000 3.0000 0.9467598 1.0000 0.9825279 3.0000 0.9855343 28.0000 0.9894338 331.7120 0.9169239 2.9143 1.0000000 1.0000 []
 | 14.6068 16.4218 -16.4218 0.0000000 CCNC(=O)n1ccc2cc(Cl)cc(C(=O)NC(C)c3ccc(C4(C(N)=O)CC4)cc3)c21 1 c1c2cc(Cl)cc(C(NC(c3ccc([*])cc3)C)=O)c2n([*])c1 *C1(C(N)=O)CC1|C(*)(NCC)=O O=C(NCc1ccc(C2CC2)cc1)c1cccc2cc[nH]c12 0.0000000 0.0000 0.0000000 0.0000 0.0000000 0.0000 0.0000000 0.0000 0.0000000 0.0000 0.0000000 0.0000 0.0000000 0.0000 0.0000000 0.0000 0.0000000 0.0000 0.0000000 0.0000 0.0000000 0.0000 0.0000000 0.0000 0.0000000 0.0000 ['[NH2]']
 | 21.2239 19.7157 -19.7157 0.0000000 CC(NC(=O)c1cc(Cl)cc2ccn(C(=O)NC(=O)OC(C)(C)C)c12)c1ccc(CC(=O)N(C)C)cc1 1 c1c2cc(Cl)cc(C(NC(c3ccc([*])cc3)C)=O)c2n([*])c1 *CC(=O)N(C)C|O=C(NC(=O)*)OC(C)(C)C O=C(NCc1ccccc1)c1cccc2cc[nH]c12 0.0000000 0.0000 0.0000000 0.0000 0.0000000 0.0000 0.0000000 0.0000 0.0000000 0.0000 0.0000000 0.0000 0.0000000 0.0000 0.0000000 0.0000 0.0000000 0.0000 0.0000000 0.0000 0.0000000 0.0000 0.0000000 0.0000 0.0000000 0.0000 ['C(=[O,S])[O,S]']
 | 11.8241 11.8830 -11.8830 0.0000000 CC(=O)n1ccc2cc(Cl)cc(C(=O)NC(C)c3ccc(CC(N)=O)cc3)c21 1 c1c2cc(Cl)cc(C(NC(c3ccc([*])cc3)C)=O)c2n([*])c1 *CC(=O)N|C(=O)(C)* O=C(NCc1ccccc1)c1cccc2cc[nH]c12 0.0000000 0.0000 0.0000000 0.0000 0.0000000 0.0000 0.0000000 0.0000 0.0000000 0.0000 0.0000000 0.0000 0.0000000 0.0000 0.0000000 0.0000 0.0000000 0.0000 0.0000000 0.0000 0.0000000 0.0000 0.0000000 0.0000 0.0000000 0.0000 ['[NH2]']
 | 11.1446 9.7752 -9.7751 0.0000000 CC(NC(=O)c1cc(Cl)cc2ccn(C(=O)OC(C)(C)C)c12)c1ccc(CC(C)(C)C)cc1 1 c1c2cc(Cl)cc(C(NC(c3ccc([*])cc3)C)=O)c2n([*])c1 *CC(C)(C)C|O(C(=O)*)C(C)(C)C O=C(NCc1ccccc1)c1cccc2cc[nH]c12 0.0000000 0.0000 0.0000000 0.0000 0.0000000 0.0000 0.0000000 0.0000 0.0000000 0.0000 0.0000000 0.0000 0.0000000 0.0000 0.0000000 0.0000 0.0000000 0.0000 0.0000000 0.0000 0.0000000 0.0000 0.0000000 0.0000 0.0000000 0.0000 ['C(=[O,S])[O,S]']
 | 14.8801 12.1228 -12.1228 0.0000000 CNC(=O)Cc1ccc(C(C)NC(=O)c2cc(Cl)cc3ccn(C(=O)OC(C)(C)C)c23)cc1 1 c1c2cc(Cl)cc(C(NC(c3ccc([*])cc3)C)=O)c2n([*])c1 *CC(NC)=O|O(C(C)(C)C)C(=O)* O=C(NCc1ccccc1)c1cccc2cc[nH]c12 0.0000000 0.0000 0.0000000 0.0000 0.0000000 0.0000 0.0000000 0.0000 0.0000000 0.0000 0.0000000 0.0000 0.0000000 0.0000 0.0000000 0.0000 0.0000000 0.0000 0.0000000 0.0000 0.0000000 0.0000 0.0000000 0.0000 0.0000000 0.0000 ['C(=[O,S])[O,S]']
 | 14.0749 13.5702 -13.5702 0.0000000 CC(NC(=O)c1cc(Cl)cc2ccn(C(=O)OC(C)(C)C)c12)c1ccc(CCN2CCNCC2)cc1 1 c1c2cc(Cl)cc(C(NC(c3ccc([*])cc3)C)=O)c2n([*])c1 *CCN1CCNCC1|O=C(*)OC(C)(C)C O=C(NCc1ccc(CCN2CCNCC2)cc1)c1cccc2cc[nH]c12 0.0000000 0.0000 0.0000000 0.0000 0.0000000 0.0000 0.0000000 0.0000 0.0000000 0.0000 0.0000000 0.0000 0.0000000 0.0000 0.0000000 0.0000 0.0000000 0.0000 0.0000000 0.0000 0.0000000 0.0000 0.0000000 0.0000 0.0000000 0.0000 ['C(=[O,S])[O,S]']
 | 14.3205 15.8275 -13.8751 0.0039047 CCc1ccc(C(C)NC(=O)c2cc(Cl)cc3ccn(C(=O)N(CC)CC)c23)cc1 1 c1c2cc(Cl)cc(C(NC(c3ccc([*])cc3)C)=O)c2n([*])c1 *CC|CCN(C(*)=O)CC O=C(NCc1ccccc1)c1cccc2cc[nH]c12 0.5536896 0.5537 -8.1759400 -8.1759 0.9989088 425.9600 0.0000000 5.6580 1.0000000 54.3400 1.0000000 1.0000 1.0000000 3.0000 0.9467598 1.0000 0.9090909 6.0000 0.9789100 30.0000 0.8938475 394.4800 0.9094697 2.9960 1.0000000 1.0000 []
 | 6.0104 7.4187 -5.3127 0.0042120 Cc1ccc(C(C)NC(=O)c2cc(Cl)cc3ccn(C(=O)N(C)C)c23)cc1 1 c1c2cc(Cl)cc(C(NC(c3ccc([*])cc3)C)=O)c2n([*])c1 *C|*C(=O)N(C)C O=C(NCc1ccccc1)c1cccc2cc[nH]c12 0.7167794 0.7168 -9.6444800 -9.6445 0.9999774 383.8790 0.0000002 4.6238 1.0000000 54.3400 1.0000000 1.0000 1.0000000 3.0000 0.9467598 1.0000 0.9825279 3.0000 0.9880297 27.0000 0.9837292 343.1120 0.9179896 2.9021 1.0000000 1.0000 []
05:38:55 <WARN> reinvent_plugins.normalizers.rdkit_smiles: c1c(Cl)cc2ccn([*])c2c1C(NC(c1ccc([*])cc1)C)=OC(=O)(*)N(C)C|C1N(*)CCC12CN(*)CCO2 could not be converted
05:41:24 <INFO> Score: 0.01 Agent NLL: 13.38 Valid:  99% Step: 5
 | Agent Prior Target Score SMILES SMILES_state Input_Scaffold R-groups Scaffold QED QED (raw) gnina score gnina score (raw) MW MW (raw) SlogP (RDKit) SlogP (RDKit) (raw) TPSA TPSA (raw) Number of stereo centers Number of stereo centers (raw) Number of HB acceptors (Lipinski) Number of HB acceptors (Lipinski) (raw) Number of HB donors (Lipinski) Number of HB donors (Lipinski) (raw) Number of rotatable bonds Number of rotatable bonds (raw) Number of Heavy atoms Number of Heavy atoms (raw) Molecular Volume (RDKit) Molecular Volume (RDKit) (raw) SA score SA score (raw) Alerts Alerts (raw) matchting_patterns (Alerts)
 | 6.0398 6.7573 -4.6340 0.0042466 CC(=O)n1ccc2cc(Cl)cc(C(=O)NC(C)c3ccc(C)cc3)c21 1 c1c(Cl)cc2ccn([*])c2c1C(NC(c1ccc([*])cc1)C)=O *C(=O)C|*C O=C(NCc1ccccc1)c1cccc2cc[nH]c12 0.7371775 0.7372 -9.6547100 -9.6547 0.9999985 354.8370 0.0000001 4.7542 1.0000000 51.1000 1.0000000 1.0000 1.0000000 3.0000 0.9467598 1.0000 0.9825279 3.0000 0.9918135 25.0000 0.9940160 316.7760 0.9289556 2.7671 1.0000000 1.0000 []
 | 6.6078 7.6962 -5.6843 0.0040239 CC(=O)n1ccc2cc(Cl)cc(C(=O)NC(C)c3ccc(C(C)(C)C)cc3)c21 1 c1c(Cl)cc2ccn([*])c2c1C(NC(c1ccc([*])cc1)C)=O *C(=O)C|*C(C)(C)C O=C(NCc1ccccc1)c1cccc2cc[nH]c12 0.6129085 0.6129 -7.2131700 -7.2132 0.9999247 396.9180 0.0000000 5.7433 1.0000000 51.1000 1.0000000 1.0000 1.0000000 3.0000 0.9467598 1.0000 0.9825279 3.0000 0.9855343 28.0000 0.9647456 363.7680 0.9191686 2.8884 1.0000000 1.0000 []
 | 8.8713 10.9376 -8.8993 0.0040767 CC(=O)n1ccc2cc(Cl)cc(C(=O)NC(C)c3ccc(C(C)C)cc3)c21 1 c1c(Cl)cc2ccn([*])c2c1C(NC(c1ccc([*])cc1)C)=O *C(=O)C|*C(C)C O=C(NCc1ccccc1)c1cccc2cc[nH]c12 0.6408679 0.6409 -3.4798200 -3.4798 0.9999793 382.8910 0.0000000 5.5692 1.0000000 51.1000 1.0000000 1.0000 1.0000000 3.0000 0.9467598 1.0000 0.9693466 4.0000 0.9880297 27.0000 0.9793740 349.4080 0.9228812 2.8440 1.0000000 1.0000 []
 | 9.4284 9.4168 -9.4168 0.0000000 CC(=O)n1ccc2cc(Cl)cc(C(=O)NC(C)c3ccc(N)cc3)c21 1 c1c(Cl)cc2ccn([*])c2c1C(NC(c1ccc([*])cc1)C)=O *C(=O)C|*N O=C(NCc1ccccc1)c1cccc2cc[nH]c12 0.0000000 0.0000 0.0000000 0.0000 0.0000000 0.0000 0.0000000 0.0000 0.0000000 0.0000 0.0000000 0.0000 0.0000000 0.0000 0.0000000 0.0000 0.0000000 0.0000 0.0000000 0.0000 0.0000000 0.0000 0.0000000 0.0000 0.0000000 0.0000 ['[NH2]']
 | 5.5988 6.2831 -6.2831 0.0000000 CC(=O)n1ccc2cc(Cl)cc(C(=O)NC(C)c3ccc(C)cc3)c21 2 c1c(Cl)cc2ccn([*])c2c1C(NC(c1ccc([*])cc1)C)=O *C(=O)C|C* O=C(NCc1ccccc1)c1cccc2cc[nH]c12 0.0000000 0.7372 -0.0000000 -9.6547 0.0000000 354.8370 0.0000000 4.7542 0.0000000 51.1000 0.0000000 1.0000 0.0000000 3.0000 0.0000000 1.0000 0.0000000 3.0000 0.0000000 25.0000 0.0000000 316.7760 0.0000000 2.7671 0.0000000 1.0000 []
 | 11.5844 14.1144 -12.1955 0.0038379 CC(=O)n1ccc2cc(Cl)cc(C(=O)NC(C)c3ccc(C4CCCCC4)cc3)c21 1 c1c(Cl)cc2ccn([*])c2c1C(NC(c1ccc([*])cc1)C)=O *C(=O)C|C1CCCCC1* O=C(NCc1ccc(C2CCCCC2)cc1)c1cccc2cc[nH]c12 0.5216809 0.5217 -7.7898600 -7.7899 0.9991723 422.9560 0.0000000 6.4935 1.0000000 51.1000 1.0000000 1.0000 1.0000000 3.0000 0.9467598 1.0000 0.9693466 4.0000 0.9789100 30.0000 0.9173805 387.2720 0.9162152 2.9223 1.0000000 1.0000 []
 | 7.9051 8.1107 -8.1107 0.0000000 CC(=O)n1ccc2cc(Cl)cc(C(=O)NC(C)c3ccc(C(C)(C)C)cc3)c21 2 c1c(Cl)cc2ccn([*])c2c1C(NC(c1ccc([*])cc1)C)=O *C(=O)C|CC(C)(*)C O=C(NCc1ccccc1)c1cccc2cc[nH]c12 0.0000000 0.6129 -0.0000000 -7.2132 0.0000000 396.9180 0.0000000 5.7433 0.0000000 51.1000 0.0000000 1.0000 0.0000000 3.0000 0.0000000 1.0000 0.0000000 3.0000 0.0000000 28.0000 0.0000000 363.7680 0.0000000 2.8884 0.0000000 1.0000 []
 | 19.5415 23.5820 522.0145 1.0911930 CNCCN(C)C(=O)n1ccc2cc(Cl)cc(C(=O)NC(C)c3ccc(CC(C)C)cc3)c21 1 c1c(Cl)cc2ccn([*])c2c1C(NC(c1ccc([*])cc1)C)=O *C(=O)N(C)CCNC|C(C*)(C)C O=C(NCc1ccccc1)c1cccc2cc[nH]c12 0.4827772 0.4828 3.0269400 3.0269 0.9454496 469.0290 0.0000000 5.1035 1.0000000 66.3700 1.0000000 1.0000 1.0000000 4.0000 0.5000000 2.0000 0.7597469 8.0000 0.9631018 33.0000 0.6097085 438.3760 0.8895791 3.1877 1.0000000 1.0000 []
 | 11.3723 13.6884 -11.6130 0.0041508 CCc1ccc(C(C)NC(=O)c2cc(Cl)cc3ccn(C(=O)N(C)C)c23)cc1 1 c1c(Cl)cc2ccn([*])c2c1C(NC(c1ccc([*])cc1)C)=O *C(=O)N(C)C|C(*)C O=C(NCc1ccccc1)c1cccc2cc[nH]c12 0.6817965 0.6818 -4.6650600 -4.6651 0.9999176 397.9060 0.0000001 4.8778 1.0000000 54.3400 1.0000000 1.0000 1.0000000 3.0000 0.9467598 1.0000 0.9693466 4.0000 0.9855343 28.0000 0.9700859 359.3440 0.9153513 2.9321 1.0000000 1.0000 []
 | 9.1135 12.1865 -10.2029 0.0039672 CC(NC(=O)c1cc(Cl)cc2ccn(C(=O)N(C)C)c12)c1ccc(N2CCN(C)CC2)cc1 1 c1c(Cl)cc2ccn([*])c2c1C(NC(c1ccc([*])cc1)C)=O *C(=O)N(C)C|C1N(*)CCN(C)C1 O=C(NCc1ccc(N2CCNCC2)cc1)c1cccc2cc[nH]c12 0.6280375 0.6280 -5.4997100 -5.4997 0.9501317 468.0010 0.0000068 4.0672 1.0000000 60.8200 1.0000000 1.0000 1.0000000 5.0000 0.9467598 1.0000 0.9693466 4.0000 0.9631018 33.0000 0.7388207 422.9040 0.9032116 3.0601 1.0000000 1.0000 []
05:44:45 <INFO> Score: 0.03 Agent NLL: 12.47 Valid: 100% Step: 6
 | Agent Prior Target Score SMILES SMILES_state Input_Scaffold R-groups Scaffold QED QED (raw) gnina score gnina score (raw) MW MW (raw) SlogP (RDKit) SlogP (RDKit) (raw) TPSA TPSA (raw) Number of stereo centers Number of stereo centers (raw) Number of HB acceptors (Lipinski) Number of HB acceptors (Lipinski) (raw) Number of HB donors (Lipinski) Number of HB donors (Lipinski) (raw) Number of rotatable bonds Number of rotatable bonds (raw) Number of Heavy atoms Number of Heavy atoms (raw) Molecular Volume (RDKit) Molecular Volume (RDKit) (raw) SA score SA score (raw) Alerts Alerts (raw) matchting_patterns (Alerts)
 | 6.8555 8.4046 -8.4046 0.0000000 CC(NC(=O)c1cc(Cl)cc2ccn(C(N)=O)c12)c1ccc(C(C)(C)C)cc1 1 O=C(NC(c1ccc([*])cc1)C)c1c2c(cc(Cl)c1)ccn2[*] *C(C)(C)C|*C(=O)N O=C(NCc1ccccc1)c1cccc2cc[nH]c12 0.0000000 0.0000 0.0000000 0.0000 0.0000000 0.0000 0.0000000 0.0000 0.0000000 0.0000 0.0000000 0.0000 0.0000000 0.0000 0.0000000 0.0000 0.0000000 0.0000 0.0000000 0.0000 0.0000000 0.0000 0.0000000 0.0000 0.0000000 0.0000 ['[NH2]']
 | 18.2928 16.7420 299.5301 0.6325441 Cc1cc(Cl)ccc1C(=O)n1ccc2cc(Cl)cc(C(=O)NC(C)c3ccc(C(C)(C)C)cc3)c21 1 O=C(NC(c1ccc([*])cc1)C)c1c2c(cc(Cl)c1)ccn2[*] *C(C)(C)C|*C(=O)c1c(C)cc(Cl)cc1 O=C(NCc1ccccc1)c1cccc2ccn(C(=O)c3ccccc3)c12 0.3073220 0.3073 3.2327300 3.2327 0.3346599 507.4610 0.0000000 7.7335 1.0000000 51.1000 1.0000000 1.0000 1.0000000 3.0000 0.9467598 1.0000 0.9693466 4.0000 0.9467598 35.0000 0.5166491 448.2640 0.9085599 3.0056 1.0000000 1.0000 []
 | 5.9657 6.5127 -4.5007 0.0040239 CC(=O)n1ccc2cc(Cl)cc(C(=O)NC(C)c3ccc(C(C)(C)C)cc3)c21 1 O=C(NC(c1ccc([*])cc1)C)c1c2c(cc(Cl)c1)ccn2[*] *C(C)(C)C|*C(C)=O O=C(NCc1ccccc1)c1cccc2cc[nH]c12 0.6129085 0.6129 -7.2131700 -7.2132 0.9999247 396.9180 0.0000000 5.7433 1.0000000 51.1000 1.0000000 1.0000 1.0000000 3.0000 0.9467598 1.0000 0.9825279 3.0000 0.9855343 28.0000 0.9647456 363.7680 0.9191686 2.8884 1.0000000 1.0000 []
 | 6.7632 7.7941 -7.7941 0.0000000 CC(=O)n1ccc2cc(Cl)cc(C(=O)NC(C)c3ccc(C(C)(C)C)cc3)c21 2 O=C(NC(c1ccc([*])cc1)C)c1c2c(cc(Cl)c1)ccn2[*] *C(C)(C)C|C(C)(*)=O O=C(NCc1ccccc1)c1cccc2cc[nH]c12 0.0000000 0.6129 -0.0000000 -7.2132 0.0000000 396.9180 0.0000000 5.7433 0.0000000 51.1000 0.0000000 1.0000 0.0000000 3.0000 0.0000000 1.0000 0.0000000 3.0000 0.0000000 28.0000 0.0000000 363.7680 0.0000000 2.8884 0.0000000 1.0000 []
 | 6.2898 6.5983 -6.5983 0.0000000 CC(=O)n1ccc2cc(Cl)cc(C(=O)NC(C)c3ccc(C(C)(C)C)cc3)c21 2 O=C(NC(c1ccc([*])cc1)C)c1c2c(cc(Cl)c1)ccn2[*] *C(C)(C)C|CC(=O)* O=C(NCc1ccccc1)c1cccc2cc[nH]c12 0.0000000 0.6129 -0.0000000 -7.2132 0.0000000 396.9180 0.0000000 5.7433 0.0000000 51.1000 0.0000000 1.0000 0.0000000 3.0000 0.0000000 1.0000 0.0000000 3.0000 0.0000000 28.0000 0.0000000 363.7680 0.0000000 2.8884 0.0000000 1.0000 []
 | 6.0542 8.6027 -8.6027 0.0000000 CC(NC(=O)c1cc(Cl)cc2ccn(C(N)=O)c12)c1ccc(C(C)(C)C)cc1 2 O=C(NC(c1ccc([*])cc1)C)c1c2c(cc(Cl)c1)ccn2[*] *C(C)(C)C|O=C(*)N O=C(NCc1ccccc1)c1cccc2cc[nH]c12 0.0000000 0.0000 0.0000000 0.0000 0.0000000 0.0000 0.0000000 0.0000 0.0000000 0.0000 0.0000000 0.0000 0.0000000 0.0000 0.0000000 0.0000 0.0000000 0.0000 0.0000000 0.0000 0.0000000 0.0000 0.0000000 0.0000 0.0000000 0.0000 ['[NH2]']
 | 5.3375 6.4739 -6.4739 0.0000000 CC(=O)n1ccc2cc(Cl)cc(C(=O)NC(C)c3ccc(C(C)(C)C)cc3)c21 2 O=C(NC(c1ccc([*])cc1)C)c1c2c(cc(Cl)c1)ccn2[*] *C(C)(C)C|O=C(C)* O=C(NCc1ccccc1)c1cccc2cc[nH]c12 0.0000000 0.6129 -0.0000000 -7.2132 0.0000000 396.9180 0.0000000 5.7433 0.0000000 51.1000 0.0000000 1.0000 0.0000000 3.0000 0.0000000 1.0000 0.0000000 3.0000 0.0000000 28.0000 0.0000000 363.7680 0.0000000 2.8884 0.0000000 1.0000 []
 | 10.5144 12.4041 -10.4392 0.0039297 CCNC(=O)n1ccc2cc(Cl)cc(C(=O)NC(C)c3ccc(C(C)(C)C)cc3)c21 1 O=C(NC(c1ccc([*])cc1)C)c1c2c(cc(Cl)c1)ccn2[*] *C(C)(C)C|O=C(NCC)* O=C(NCc1ccccc1)c1cccc2cc[nH]c12 0.5659501 0.5660 -6.1843500 -6.1844 0.9989088 425.9600 0.0000000 5.6608 1.0000000 63.1300 1.0000000 1.0000 1.0000000 3.0000 0.5000000 2.0000 0.9693466 4.0000 0.9789100 30.0000 0.8992566 392.9600 0.9095526 2.9951 1.0000000 1.0000 []
 | 22.4336 27.3129 -27.2436 0.0001385 CC(NC(=O)c1cc(Cl)cc2ccn(C(=O)c3ccc(CCNc4ccncc4)cc3)c12)c1ccc(C(C)(C)C)cc1 1 O=C(NC(c1ccc([*])cc1)C)c1c2c(cc(Cl)c1)ccn2[*] *C(C)(C)C|c1(NCCc2ccc(C(=O)*)cc2)ccncc1 O=C(NCc1ccccc1)c1cccc2ccn(C(=O)c3ccc(CCNc4ccncc4)cc3)c12 0.1967112 0.1967 -7.4012700 -7.4013 0.0006822 579.1440 0.0000000 7.8213 1.0000000 76.0200 1.0000000 1.0000 1.0000000 5.0000 0.5000000 2.0000 0.7597469 8.0000 0.8227450 42.0000 0.0433784 530.6080 0.8910390 3.1747 1.0000000 1.0000 []
 | 8.6346 12.2082 -10.4928 0.0034309 CC(NC(=O)c1cc(Cl)cc2ccn(C(=O)c3ccccc3)c12)c1ccc(C(C)(C)C)cc1 1 O=C(NC(c1ccc([*])cc1)C)c1c2c(cc(Cl)c1)ccn2[*] *C(C)(C)C|c1ccc(C(*)=O)cc1 O=C(NCc1ccccc1)c1cccc2ccn(C(=O)c3ccccc3)c12 0.3664592 0.3665 -6.5927800 -6.5928 0.9776265 458.9890 0.0000000 6.7717 1.0000000 51.1000 1.0000000 1.0000 1.0000000 3.0000 0.9467598 1.0000 0.9693466 4.0000 0.9631018 33.0000 0.7824379 416.6480 0.9234897 2.8366 1.0000000 1.0000 []
05:48:00 <INFO> Score: 0.02 Agent NLL: 12.45 Valid: 100% Step: 7
 | Agent Prior Target Score SMILES SMILES_state Input_Scaffold R-groups Scaffold QED QED (raw) gnina score gnina score (raw) MW MW (raw) SlogP (RDKit) SlogP (RDKit) (raw) TPSA TPSA (raw) Number of stereo centers Number of stereo centers (raw) Number of HB acceptors (Lipinski) Number of HB acceptors (Lipinski) (raw) Number of HB donors (Lipinski) Number of HB donors (Lipinski) (raw) Number of rotatable bonds Number of rotatable bonds (raw) Number of Heavy atoms Number of Heavy atoms (raw) Molecular Volume (RDKit) Molecular Volume (RDKit) (raw) SA score SA score (raw) Alerts Alerts (raw) matchting_patterns (Alerts)
 | 9.4140 12.3068 -10.3158 0.0039821 CC(NC(=O)c1cc(Cl)cc2ccn(C(=O)N(C)C)c12)c1ccc(C(C)(C)C)cc1 1 c1(Cl)cc(C(=O)NC(C)c2ccc([*])cc2)c2c(ccn2[*])c1 *C(C)(C)C|*C(=O)N(C)C O=C(NCc1ccccc1)c1cccc2cc[nH]c12 0.5922150 0.5922 -6.4101000 -6.4101 0.9989088 425.9600 0.0000000 5.6129 1.0000000 54.3400 1.0000000 1.0000 1.0000000 3.0000 0.9467598 1.0000 0.9825279 3.0000 0.9789100 30.0000 0.8990059 393.0320 0.9075147 3.0164 1.0000000 1.0000 []
 | 9.3631 11.8676 -10.1521 0.0034309 CC(NC(=O)c1cc(Cl)cc2ccn(C(=O)c3ccccc3)c12)c1ccc(C(C)(C)C)cc1 1 c1(Cl)cc(C(=O)NC(C)c2ccc([*])cc2)c2c(ccn2[*])c1 *C(C)(C)C|*C(c1ccccc1)=O O=C(NCc1ccccc1)c1cccc2ccn(C(=O)c3ccccc3)c12 0.3664592 0.3665 -6.5927800 -6.5928 0.9776265 458.9890 0.0000000 6.7717 1.0000000 51.1000 1.0000000 1.0000 1.0000000 3.0000 0.9467598 1.0000 0.9693466 4.0000 0.9631018 33.0000 0.7824379 416.6480 0.9234897 2.8366 1.0000000 1.0000 []
 | 8.1052 9.4400 -7.4281 0.0040239 CC(=O)n1ccc2cc(Cl)cc(C(=O)NC(C)c3ccc(C(C)(C)C)cc3)c21 1 c1(Cl)cc(C(=O)NC(C)c2ccc([*])cc2)c2c(ccn2[*])c1 *C(C)(C)C|C(*)(=O)C O=C(NCc1ccccc1)c1cccc2cc[nH]c12 0.6129085 0.6129 -7.2131700 -7.2132 0.9999247 396.9180 0.0000000 5.7433 1.0000000 51.1000 1.0000000 1.0000 1.0000000 3.0000 0.9467598 1.0000 0.9825279 3.0000 0.9855343 28.0000 0.9647456 363.7680 0.9191686 2.8884 1.0000000 1.0000 []
 | 10.2496 8.3643 -8.3643 0.0000000 CC(NC(=O)c1cc(Cl)cc2ccn(C(=O)OC(C)(C)C)c12)c1ccc(C(C)(C)C)cc1 1 c1(Cl)cc(C(=O)NC(C)c2ccc([*])cc2)c2c(ccn2[*])c1 *C(C)(C)C|C(OC(*)=O)(C)(C)C O=C(NCc1ccccc1)c1cccc2cc[nH]c12 0.0000000 0.0000 0.0000000 0.0000 0.0000000 0.0000 0.0000000 0.0000 0.0000000 0.0000 0.0000000 0.0000 0.0000000 0.0000 0.0000000 0.0000 0.0000000 0.0000 0.0000000 0.0000 0.0000000 0.0000 0.0000000 0.0000 0.0000000 0.0000 ['C(=[O,S])[O,S]']
 | 14.8593 13.1655 -13.1655 0.0000000 CC(NC(=O)c1cc(Cl)cc2ccn(C(=O)Oc3ccccc3)c12)c1ccc(C(C)(C)C)cc1 1 c1(Cl)cc(C(=O)NC(C)c2ccc([*])cc2)c2c(ccn2[*])c1 *C(C)(C)C|C(Oc1ccccc1)(=O)* O=C(NCc1ccccc1)c1cccc2ccn(C(=O)Oc3ccccc3)c12 0.0000000 0.0000 0.0000000 0.0000 0.0000000 0.0000 0.0000000 0.0000 0.0000000 0.0000 0.0000000 0.0000 0.0000000 0.0000 0.0000000 0.0000 0.0000000 0.0000 0.0000000 0.0000 0.0000000 0.0000 0.0000000 0.0000 0.0000000 0.0000 ['C(=[O,S])[O,S]']
 | 16.7032 19.5359 -17.7818 0.0035082 CC(NC(=O)c1cc(Cl)cc2ccn(C(=O)c3cccnc3)c12)c1ccc(C(C)(C)C)cc1 1 c1(Cl)cc(C(=O)NC(C)c2ccc([*])cc2)c2c(ccn2[*])c1 *C(C)(C)C|C(c1cccnc1)(=O)* O=C(NCc1ccccc1)c1cccc2ccn(C(=O)c3cccnc3)c12 0.3967539 0.3968 -9.1092600 -9.1093 0.9755473 459.9770 0.0000000 6.1667 1.0000000 63.9900 1.0000000 1.0000 1.0000000 4.0000 0.9467598 1.0000 0.9693466 4.0000 0.9631018 33.0000 0.8028606 413.4080 0.9110302 2.9794 1.0000000 1.0000 []
 | 7.7845 6.9884 -6.9884 0.0000000 CC(NC(=O)c1cc(Cl)cc2ccn(C(=O)OC(C)(C)C)c12)c1ccc(C(C)(C)C)cc1 2 c1(Cl)cc(C(=O)NC(C)c2ccc([*])cc2)c2c(ccn2[*])c1 *C(C)(C)C|CC(C)(C)OC(*)=O O=C(NCc1ccccc1)c1cccc2cc[nH]c12 0.0000000 0.0000 0.0000000 0.0000 0.0000000 0.0000 0.0000000 0.0000 0.0000000 0.0000 0.0000000 0.0000 0.0000000 0.0000 0.0000000 0.0000 0.0000000 0.0000 0.0000000 0.0000 0.0000000 0.0000 0.0000000 0.0000 0.0000000 0.0000 ['C(=[O,S])[O,S]']
 | 7.9102 9.0550 -9.0550 0.0000000 CC(=O)n1ccc2cc(Cl)cc(C(=O)NC(C)c3ccc(C(C)(C)C)cc3)c21 2 c1(Cl)cc(C(=O)NC(C)c2ccc([*])cc2)c2c(ccn2[*])c1 *C(C)(C)C|O=C(*)C O=C(NCc1ccccc1)c1cccc2cc[nH]c12 0.0000000 0.6129 -0.0000000 -7.2132 0.0000000 396.9180 0.0000000 5.7433 0.0000000 51.1000 0.0000000 1.0000 0.0000000 3.0000 0.0000000 1.0000 0.0000000 3.0000 0.0000000 28.0000 0.0000000 363.7680 0.0000000 2.8884 0.0000000 1.0000 []
 | 9.9776 16.3590 -14.3442 0.0040296 CNC(=O)n1ccc2cc(Cl)cc(C(=O)NC(C)c3ccc(C(C)(C)C)cc3)c21 1 c1(Cl)cc(C(=O)NC(C)c2ccc([*])cc2)c2c(ccn2[*])c1 *C(C)(C)C|O=C(*)NC O=C(NCc1ccccc1)c1cccc2cc[nH]c12 0.6161315 0.6161 -6.6425800 -6.6426 0.9997000 411.9330 0.0000000 5.2707 1.0000000 63.1300 1.0000000 1.0000 1.0000000 3.0000 0.5000000 2.0000 0.9825279 3.0000 0.9825279 29.0000 0.9439695 376.4080 0.9089600 3.0014 1.0000000 1.0000 []
 | 10.2054 17.7420 -15.8079 0.0038680 CC(C)NC(=O)n1ccc2cc(Cl)cc(C(=O)NC(C)c3ccc(C(C)C)cc3)c21 1 c1(Cl)cc(C(=O)NC(C)c2ccc([*])cc2)c2c(ccn2[*])c1 *C(C)C|CC(NC(*)=O)C O=C(NCc1ccccc1)c1cccc2cc[nH]c12 0.5360604 0.5361 -6.6662200 -6.6662 0.9989088 425.9600 0.0000000 5.8752 1.0000000 63.1300 1.0000000 1.0000 1.0000000 3.0000 0.5000000 2.0000 0.9467598 5.0000 0.9789100 30.0000 0.8996730 392.8400 0.9109328 2.9805 1.0000000 1.0000 []
05:52:52 <INFO> Score: 0.01 Agent NLL: 11.90 Valid: 100% Step: 8
 | Agent Prior Target Score SMILES SMILES_state Input_Scaffold R-groups Scaffold QED QED (raw) gnina score gnina score (raw) MW MW (raw) SlogP (RDKit) SlogP (RDKit) (raw) TPSA TPSA (raw) Number of stereo centers Number of stereo centers (raw) Number of HB acceptors (Lipinski) Number of HB acceptors (Lipinski) (raw) Number of HB donors (Lipinski) Number of HB donors (Lipinski) (raw) Number of rotatable bonds Number of rotatable bonds (raw) Number of Heavy atoms Number of Heavy atoms (raw) Molecular Volume (RDKit) Molecular Volume (RDKit) (raw) SA score SA score (raw) Alerts Alerts (raw) matchting_patterns (Alerts)
 | 6.2915 7.9129 -5.9219 0.0039821 CC(NC(=O)c1cc(Cl)cc2ccn(C(=O)N(C)C)c12)c1ccc(C(C)(C)C)cc1 1 c1([*])ccc(C(NC(=O)c2cc(Cl)cc3c2n([*])cc3)C)cc1 *C(C)(C)C|*C(=O)N(C)C O=C(NCc1ccccc1)c1cccc2cc[nH]c12 0.5922150 0.5922 -6.4101000 -6.4101 0.9989088 425.9600 0.0000000 5.6129 1.0000000 54.3400 1.0000000 1.0000 1.0000000 3.0000 0.9467598 1.0000 0.9825279 3.0000 0.9789100 30.0000 0.8990059 393.0320 0.9075147 3.0164 1.0000000 1.0000 []
 | 11.0693 14.2519 -12.3828 0.0037382 CCN(CC)C(=O)n1ccc2cc(Cl)cc(C(=O)NC(C)c3ccc(C(C)(C)C)cc3)c21 1 c1([*])ccc(C(NC(=O)c2cc(Cl)cc3c2n([*])cc3)C)cc1 *C(C)(C)C|C(C)N(CC)C(=O)* O=C(NCc1ccccc1)c1cccc2cc[nH]c12 0.4859612 0.4860 -6.2531200 -6.2531 0.9857334 454.0140 0.0000000 6.3931 1.0000000 54.3400 1.0000000 1.0000 1.0000000 3.0000 0.9467598 1.0000 0.9467598 5.0000 0.9693466 32.0000 0.7126193 426.3360 0.9012285 3.0796 1.0000000 1.0000 []
 | 9.2945 10.8976 -8.8827 0.0040296 CNC(=O)n1ccc2cc(Cl)cc(C(=O)NC(C)c3ccc(C(C)(C)C)cc3)c21 1 c1([*])ccc(C(NC(=O)c2cc(Cl)cc3c2n([*])cc3)C)cc1 *C(C)(C)C|C(NC)(*)=O O=C(NCc1ccccc1)c1cccc2cc[nH]c12 0.6161315 0.6161 -6.6425800 -6.6426 0.9997000 411.9330 0.0000000 5.2707 1.0000000 63.1300 1.0000000 1.0000 1.0000000 3.0000 0.5000000 2.0000 0.9825279 3.0000 0.9825279 29.0000 0.9439695 376.4080 0.9089600 3.0014 1.0000000 1.0000 []
 | 6.2173 7.8056 -7.8056 0.0000000 CC(NC(=O)c1cc(Cl)cc2ccn(C(=O)N(C)C)c12)c1ccc(C(C)(C)C)cc1 2 c1([*])ccc(C(NC(=O)c2cc(Cl)cc3c2n([*])cc3)C)cc1 *C(C)(C)C|O=C(N(C)C)* O=C(NCc1ccccc1)c1cccc2cc[nH]c12 0.0000000 0.5922 -0.0000000 -6.4101 0.0000000 425.9600 0.0000000 5.6129 0.0000000 54.3400 0.0000000 1.0000 0.0000000 3.0000 0.0000000 1.0000 0.0000000 3.0000 0.0000000 30.0000 0.0000000 393.0320 0.0000000 3.0164 0.0000000 1.0000 []
 | 8.8430 12.2823 -10.2440 0.0040767 CC(=O)n1ccc2cc(Cl)cc(C(=O)NC(C)c3ccc(C(C)C)cc3)c21 1 c1([*])ccc(C(NC(=O)c2cc(Cl)cc3c2n([*])cc3)C)cc1 *C(C)C|*C(=O)C O=C(NCc1ccccc1)c1cccc2cc[nH]c12 0.6408679 0.6409 -3.4798200 -3.4798 0.9999793 382.8910 0.0000000 5.5692 1.0000000 51.1000 1.0000000 1.0000 1.0000000 3.0000 0.9467598 1.0000 0.9693466 4.0000 0.9880297 27.0000 0.9793740 349.4080 0.9228812 2.8440 1.0000000 1.0000 []
 | 11.1810 16.6430 -14.6843 0.0039173 CC(C)c1ccc(C(C)NC(=O)c2cc(Cl)cc3ccn(CCN(C)C)c23)cc1 1 c1([*])ccc(C(NC(=O)c2cc(Cl)cc3c2n([*])cc3)C)cc1 *C(C)C|CN(C)CC* O=C(NCc1ccccc1)c1cccc2cc[nH]c12 0.5592085 0.5592 -8.5197600 -8.5198 0.9996988 411.9770 0.0000000 5.4707 0.9999952 37.2700 1.0000000 1.0000 1.0000000 3.0000 0.9467598 1.0000 0.8490205 7.0000 0.9825279 29.0000 0.9024373 392.0320 0.9247503 2.8210 1.0000000 1.0000 []
 | 18.2183 20.5800 -20.1637 0.0008325 CCN(C)C(=O)n1ccc2cc(Cl)cc(C(=O)NC(C)c3ccc(C4CCC(CC(=O)NC)CC4)cc3)c21 1 c1([*])ccc(C(NC(=O)c2cc(Cl)cc3c2n([*])cc3)C)cc1 *C1CCC(CC(NC)=O)CC1|CCN(C(=O)*)C O=C(NCc1ccc(C2CCCCC2)cc1)c1cccc2cc[nH]c12 0.3815911 0.3816 -6.1601500 -6.1601 0.0317559 537.1040 0.0000000 6.1154 1.0000000 83.4400 1.0000000 1.0000 1.0000000 4.0000 0.5000000 2.0000 0.8490205 7.0000 0.9090909 38.0000 0.1393646 497.4400 0.8699942 3.3489 1.0000000 1.0000 []
 | 6.9793 11.7991 -9.9114 0.0037756 CC(NC(=O)c1cc(Cl)cc2ccn(C(=O)N(C)C)c12)c1ccc(C2CCCCC2)cc1 1 c1([*])ccc(C(NC(=O)c2cc(Cl)cc3c2n([*])cc3)C)cc1 *C1CCCCC1|*C(N(C)C)=O O=C(NCc1ccc(C2CCCCC2)cc1)c1cccc2cc[nH]c12 0.5010944 0.5011 -7.5433500 -7.5434 0.9881223 451.9980 0.0000000 6.3631 1.0000000 54.3400 1.0000000 1.0000 1.0000000 3.0000 0.9467598 1.0000 0.9693466 4.0000 0.9693466 32.0000 0.7906330 415.3760 0.9046025 3.0462 1.0000000 1.0000 []
 | 12.7035 16.5736 -15.3832 0.0023808 CC(NC(=O)c1cc(Cl)cc2ccn(C(=O)N3CCN(C)CC3)c12)c1ccc(C2CCCCC2)cc1 1 c1([*])ccc(C(NC(=O)c2cc(Cl)cc3c2n([*])cc3)C)cc1 *C1CCCCC1|CN1CCN(C(=O)*)CC1 O=C(NCc1ccc(C2CCCCC2)cc1)c1cccc2ccn(C(=O)N3CCNCC3)c12 0.4683722 0.4684 -7.4299000 -7.4299 0.3425596 507.0780 0.0000000 6.0489 1.0000000 57.5800 1.0000000 1.0000 1.0000000 4.0000 0.9467598 1.0000 0.9693466 4.0000 0.9362164 36.0000 0.3502333 466.1040 0.8948384 3.1402 1.0000000 1.0000 []
 | 12.2073 13.9604 -11.9736 0.0039737 CC(NC(=O)c1cc(Cl)cc2ccn(C(=O)N(C)C)c12)c1ccc(C2CCCNC2)cc1 1 c1([*])ccc(C(NC(=O)c2cc(Cl)cc3c2n([*])cc3)C)cc1 *C1CCCNC1|C(=O)(N(C)C)* O=C(NCc1ccc(C2CCCNC2)cc1)c1cccc2cc[nH]c12 0.5981101 0.5981 -7.4522700 -7.4523 0.9870055 452.9860 0.0000001 4.7824 1.0000000 66.3700 1.0000000 2.0000 1.0000000 4.0000 0.5000000 2.0000 0.9693466 4.0000 0.9693466 32.0000 0.8190437 410.6560 0.8554853 3.4554 1.0000000 1.0000 []
05:52:53 <WARN> reinvent_plugins.normalizers.rdkit_smiles: c1(Cl)cc2c(n([*])cc2)c(C(NC(c2ccc([*])cc2)C)=O)c1CC(N)=OCC(*)=O|C(C)(*)C could not be converted
05:56:36 <INFO> Score: 0.03 Agent NLL: 11.95 Valid:  99% Step: 9
 | Agent Prior Target Score SMILES SMILES_state Input_Scaffold R-groups Scaffold QED QED (raw) gnina score gnina score (raw) MW MW (raw) SlogP (RDKit) SlogP (RDKit) (raw) TPSA TPSA (raw) Number of stereo centers Number of stereo centers (raw) Number of HB acceptors (Lipinski) Number of HB acceptors (Lipinski) (raw) Number of HB donors (Lipinski) Number of HB donors (Lipinski) (raw) Number of rotatable bonds Number of rotatable bonds (raw) Number of Heavy atoms Number of Heavy atoms (raw) Molecular Volume (RDKit) Molecular Volume (RDKit) (raw) SA score SA score (raw) Alerts Alerts (raw) matchting_patterns (Alerts)
 | 10.5528 10.8817 -8.8433 0.0040767 CC(=O)n1ccc2cc(Cl)cc(C(=O)NC(C)c3ccc(C(C)C)cc3)c21 1 c1(Cl)cc2c(n([*])cc2)c(C(NC(c2ccc([*])cc2)C)=O)c1 *C(=O)C|C(C)(C)* O=C(NCc1ccccc1)c1cccc2cc[nH]c12 0.6408679 0.6409 -3.4798200 -3.4798 0.9999793 382.8910 0.0000000 5.5692 1.0000000 51.1000 1.0000000 1.0000 1.0000000 3.0000 0.9467598 1.0000 0.9693466 4.0000 0.9880297 27.0000 0.9793740 349.4080 0.9228812 2.8440 1.0000000 1.0000 []
 | 9.1658 9.9430 -9.9430 0.0000000 CC(=O)n1ccc2cc(Cl)cc(C(=O)NC(C)c3ccc(C(C)C)cc3)c21 2 c1(Cl)cc2c(n([*])cc2)c(C(NC(c2ccc([*])cc2)C)=O)c1 *C(=O)C|CC(*)C O=C(NCc1ccccc1)c1cccc2cc[nH]c12 0.0000000 0.6409 -0.0000000 -3.4798 0.0000000 382.8910 0.0000000 5.5692 0.0000000 51.1000 0.0000000 1.0000 0.0000000 3.0000 0.0000000 1.0000 0.0000000 4.0000 0.0000000 27.0000 0.0000000 349.4080 0.0000000 2.8440 0.0000000 1.0000 []
 | 9.9151 9.0999 -7.0055 0.0041889 CCc1ccc(C(C)NC(=O)c2cc(Cl)cc3ccn(C(C)=O)c23)cc1 1 c1(Cl)cc2c(n([*])cc2)c(C(NC(c2ccc([*])cc2)C)=O)c1 *C(=O)C|CC* O=C(NCc1ccccc1)c1cccc2cc[nH]c12 0.7034061 0.7034 -9.2378900 -9.2379 0.9999943 368.8640 0.0000000 5.0082 1.0000000 51.1000 1.0000000 1.0000 1.0000000 3.0000 0.9467598 1.0000 0.9693466 4.0000 0.9900990 26.0000 0.9894049 331.7840 0.9264383 2.7997 1.0000000 1.0000 []
 | 7.7913 15.3889 -13.4048 0.0039682 CC(C)Cc1ccc(C(C)NC(=O)c2cc(Cl)cc3ccn(C(=O)N(C)C)c23)cc1 1 c1(Cl)cc2c(n([*])cc2)c(C(NC(c2ccc([*])cc2)C)=O)c1 *C(=O)N(C)C|C(*)C(C)C O=C(NCc1ccccc1)c1cccc2cc[nH]c12 0.5851698 0.5852 -6.5148800 -6.5149 0.9989088 425.9600 0.0000000 5.5139 1.0000000 54.3400 1.0000000 1.0000 1.0000000 3.0000 0.9467598 1.0000 0.9467598 5.0000 0.9789100 30.0000 0.8994234 392.9120 0.9096760 2.9938 1.0000000 1.0000 []
 | 12.8495 19.7755 -17.8180 0.0039150 CCC(C)c1ccc(C(C)NC(=O)c2cc(Cl)cc3ccn(C(=O)N(C)C)c23)cc1 1 c1(Cl)cc2c(n([*])cc2)c(C(NC(c2ccc([*])cc2)C)=O)c1 *C(=O)N(C)C|CCC(C)* O=C(NCc1ccccc1)c1cccc2cc[nH]c12 0.5587320 0.5587 -6.7140700 -6.7141 0.9989088 425.9600 0.0000000 5.8289 1.0000000 54.3400 1.0000000 2.0000 1.0000000 3.0000 0.9467598 1.0000 0.9467598 5.0000 0.9789100 30.0000 0.8962697 393.8080 0.8773570 3.2909 1.0000000 1.0000 []
 | 11.7241 15.7679 -13.9883 0.0035592 Cc1ccc(C(C)NC(=O)c2cc(Cl)cc3ccn(C(=O)N(C)c4ccccc4)c23)cc1 1 c1(Cl)cc2c(n([*])cc2)c(C(NC(c2ccc([*])cc2)C)=O)c1 *C(=O)N(C)c1ccccc1|C* O=C(NCc1ccccc1)c1cccc2ccn(C(=O)Nc3ccccc3)c12 0.4063272 0.4063 -10.4247600 -10.4248 0.9931605 445.9500 0.0000000 6.1986 1.0000000 54.3400 1.0000000 1.0000 1.0000000 3.0000 0.9467598 1.0000 0.9693466 4.0000 0.9693466 32.0000 0.8812984 397.7600 0.9138821 2.9484 1.0000000 1.0000 []
 | 10.9157 20.4375 465.9948 0.9728645 CC(C)Cc1ccc(C(C)NC(=O)c2cc(Cl)cc3ccn(C(=O)N(C)c4ccccc4)c23)cc1 1 c1(Cl)cc2c(n([*])cc2)c(C(NC(c2ccc([*])cc2)C)=O)c1 *C(=O)N(c1ccccc1)C|CC(C*)C O=C(NCc1ccccc1)c1cccc2ccn(C(=O)Nc3ccccc3)c12 0.3153882 0.3154 4.3460100 4.3460 0.7507068 488.0310 0.0000000 7.0887 1.0000000 54.3400 1.0000000 1.0000 1.0000000 3.0000 0.9467598 1.0000 0.9090909 6.0000 0.9467598 35.0000 0.5291331 446.9600 0.9039943 3.0523 1.0000000 1.0000 []
 | 14.2134 21.9351 -20.0678 0.0037346 CCNC(=O)n1ccc2cc(Cl)cc(C(=O)NC(C)c3ccc(CCC(C)C)cc3)c21 1 c1(Cl)cc2c(n([*])cc2)c(C(NC(c2ccc([*])cc2)C)=O)c1 *C(=O)NCC|C(*)CC(C)C O=C(NCc1ccccc1)c1cccc2cc[nH]c12 0.4772250 0.4772 -7.2791100 -7.2791 0.9960395 439.9870 0.0000000 5.9519 1.0000000 63.1300 1.0000000 1.0000 1.0000000 3.0000 0.5000000 2.0000 0.8490205 7.0000 0.9745624 31.0000 0.8262544 409.3680 0.9088216 3.0028 1.0000000 1.0000 []
 | 9.4179 15.1639 -13.4707 0.0033862 CC(C)Cc1ccc(C(C)NC(=O)c2cc(Cl)cc3ccn(C(=O)c4ccccc4)c23)cc1 1 c1(Cl)cc2c(n([*])cc2)c(C(NC(c2ccc([*])cc2)C)=O)c1 *C(=O)c1ccccc1|CC(C)C* O=C(NCc1ccccc1)c1cccc2ccn(C(=O)c3ccccc3)c12 0.3503510 0.3504 -9.3161500 -9.3162 0.9776265 458.9890 0.0000000 6.6727 1.0000000 51.1000 1.0000000 1.0000 1.0000000 3.0000 0.9467598 1.0000 0.9090909 6.0000 0.9631018 33.0000 0.7683799 418.7520 0.9248606 2.8196 1.0000000 1.0000 []
 | 16.8429 23.1088 -21.3811 0.0034555 CC(C)c1ccc(C(C)NC(=O)c2cc(Cl)cc3ccn(C(=O)c4ccsc4)c23)cc1 1 c1(Cl)cc2c(n([*])cc2)c(C(NC(c2ccc([*])cc2)C)=O)c1 *C(=O)c1cscc1|*C(C)C O=C(NCc1ccccc1)c1cccc2ccn(C(=O)c3ccsc3)c12 0.3692899 0.3693 -10.6880700 -10.6881 0.9891630 450.9910 0.0000000 6.6591 1.0000000 51.1000 1.0000000 1.0000 1.0000000 4.0000 0.9467598 1.0000 0.9467598 5.0000 0.9745624 31.0000 0.8924707 394.8560 0.9056053 3.0360 1.0000000 1.0000 []
06:03:41 <INFO> Score: 0.02 Agent NLL: 14.61 Valid: 100% Step: 10
 | Agent Prior Target Score SMILES SMILES_state Input_Scaffold R-groups Scaffold QED QED (raw) gnina score gnina score (raw) MW MW (raw) SlogP (RDKit) SlogP (RDKit) (raw) TPSA TPSA (raw) Number of stereo centers Number of stereo centers (raw) Number of HB acceptors (Lipinski) Number of HB acceptors (Lipinski) (raw) Number of HB donors (Lipinski) Number of HB donors (Lipinski) (raw) Number of rotatable bonds Number of rotatable bonds (raw) Number of Heavy atoms Number of Heavy atoms (raw) Molecular Volume (RDKit) Molecular Volume (RDKit) (raw) SA score SA score (raw) Alerts Alerts (raw) matchting_patterns (Alerts)
 | 20.2573 23.2316 -21.4299 0.0036034 CCc1ccc(C(C)NC(=O)c2cc(Cl)cc3ccn(C(=O)CCNC=O)c23)cc1 1 c1cc(C(C)NC(c2c3c(cc(Cl)c2)ccn3[*])=O)ccc1[*] *C(=O)CCNC=O|*CC O=C(NCc1ccccc1)c1cccc2cc[nH]c12 0.4204290 0.4204 -10.0574700 -10.0575 0.9989132 425.9160 0.0000049 4.1244 1.0000000 80.2000 1.0000000 1.0000 1.0000000 4.0000 0.5000000 2.0000 0.7597469 8.0000 0.9789100 30.0000 0.9346777 380.6640 0.8938645 3.1492 1.0000000 1.0000 []
 | 11.5268 5.8549 -3.7316 0.0042466 CC(=O)n1ccc2cc(Cl)cc(C(=O)NC(C)c3ccc(C)cc3)c21 1 c1cc(C(C)NC(c2c3c(cc(Cl)c2)ccn3[*])=O)ccc1[*] *C(=O)C|C* O=C(NCc1ccccc1)c1cccc2cc[nH]c12 0.7371775 0.7372 -9.6547100 -9.6547 0.9999985 354.8370 0.0000001 4.7542 1.0000000 51.1000 1.0000000 1.0000 1.0000000 3.0000 0.9467598 1.0000 0.9825279 3.0000 0.9918135 25.0000 0.9940160 316.7760 0.9289556 2.7671 1.0000000 1.0000 []
 | 12.4099 18.8046 -18.8046 0.0000000 CC(NC(=O)c1cc(Cl)cc2ccn(C(=O)N(C)c3ccccc3)c12)c1ccc(C(C)(C)C)cc1 1 c1cc(C(C)NC(c2c3c(cc(Cl)c2)ccn3[*])=O)ccc1[*] *C(=O)N(C)c1ccccc1|C(C)(C)(*)C O=C(NCc1ccccc1)c1cccc2ccn(C(=O)Nc3ccccc3)c12 0.3309499 0.3309 0.4861300 0.4861 0.7507068 488.0310 0.0000000 7.1877 1.0000000 54.3400 1.0000000 1.0000 1.0000000 3.0000 0.9467598 1.0000 0.9693466 4.0000 0.9467598 35.0000 0.5082887 449.1360 0.9021946 3.0701 1.0000000 1.0000 []
 | 12.0570 19.6704 354.4359 0.7482124 Cc1ccc(C(C)NC(=O)c2cc(Cl)cc3ccn(C(=O)N(Cc4ccccc4)c4ccccc4)c23)cc1 1 c1cc(C(C)NC(c2c3c(cc(Cl)c2)ccn3[*])=O)ccc1[*] *C(=O)N(c1ccccc1)Cc1ccccc1|*C O=C(NCc1ccccc1)c1cccc2ccn(C(=O)N(Cc3ccccc3)c3ccccc3)c12 0.2479573 0.2480 32.3669500 32.3670 0.1160178 522.0480 0.0000000 7.7690 1.0000000 54.3400 1.0000000 1.0000 1.0000000 3.0000 0.9467598 1.0000 0.9090909 6.0000 0.9090909 38.0000 0.3312029 468.3120 0.9093316 2.9975 1.0000000 1.0000 []
 | 14.3320 18.8146 -17.0849 0.0034595 CC(NC(=O)c1cc(Cl)cc2ccn(C(=O)NC3CC3)c12)c1ccc(-c2ccccc2)cc1 1 c1cc(C(C)NC(c2c3c(cc(Cl)c2)ccn3[*])=O)ccc1[*] *C(=O)NC1CC1|*c1ccccc1 O=C(NCc1ccc(-c2ccccc2)cc1)c1cccc2ccn(C(=O)NC3CC3)c12 0.3759522 0.3760 -7.0026500 -7.0027 0.9796065 457.9610 0.0000000 6.1728 1.0000000 63.1300 1.0000000 1.0000 1.0000000 3.0000 0.5000000 2.0000 0.9467598 5.0000 0.9631018 33.0000 0.8277041 409.1040 0.9200903 2.8775 1.0000000 1.0000 []
 | 16.1786 20.0355 -19.1749 0.0017212 CC(NC(=O)c1cc(Cl)cc2ccn(C(=O)NC3CCc4ccccc43)c12)c1ccc(C(C)(C)C)cc1 1 c1cc(C(C)NC(c2c3c(cc(Cl)c2)ccn3[*])=O)ccc1[*] *C(=O)NC1CCc2ccccc21|C(C)(C)(C)* O=C(NCc1ccccc1)c1cccc2ccn(C(=O)NC3CCc4ccccc43)c12 0.2998600 0.2999 -4.2610100 -4.2610 0.2148727 514.0690 0.0000000 7.3284 1.0000000 63.1300 1.0000000 2.0000 1.0000000 3.0000 0.5000000 2.0000 0.9693466 4.0000 0.9237530 37.0000 0.3190114 469.7600 0.8630825 3.4008 1.0000000 1.0000 []
 | 12.0662 17.8908 -16.4015 0.0029786 CC(NC(=O)c1cc(Cl)cc2ccn(C(=O)NCCN3CCOCC3)c12)c1ccc(N(C)C)cc1 1 c1cc(C(C)NC(c2c3c(cc(Cl)c2)ccn3[*])=O)ccc1[*] *C(=O)NCCN1CCOCC1|CN(*)C O=C(NCc1ccccc1)c1cccc2ccn(C(=O)NCCN3CCOCC3)c12 0.5196114 0.5196 -7.4779400 -7.4779 0.5453053 498.0270 0.0000442 3.7416 1.0000000 78.8400 1.0000000 1.0000 0.9999999 6.0000 0.5000000 2.0000 0.8490205 7.0000 0.9467598 35.0000 0.4970065 450.3120 0.8949486 3.1392 1.0000000 1.0000 []
 | 8.6189 12.3398 -10.5628 0.0035539 Cc1ccc(C(C)NC(=O)c2cc(Cl)cc3ccn(C(=O)NCc4ccccc4)c23)cc1 1 c1cc(C(C)NC(c2c3c(cc(Cl)c2)ccn3[*])=O)ccc1[*] *C(=O)NCc1ccccc1|*C O=C(NCc1ccccc1)c1cccc2ccn(C(=O)NCc3ccccc3)c12 0.4042807 0.4043 -6.1908700 -6.1909 0.9931605 445.9500 0.0000000 5.8520 1.0000000 63.1300 1.0000000 1.0000 1.0000000 3.0000 0.5000000 2.0000 0.9467598 5.0000 0.9693466 32.0000 0.8782133 398.5200 0.9267089 2.7962 1.0000000 1.0000 []
 | 8.9666 13.7989 -11.7841 0.0040296 CNC(=O)n1ccc2cc(Cl)cc(C(=O)NC(C)c3ccc(C(C)(C)C)cc3)c21 1 c1cc(C(C)NC(c2c3c(cc(Cl)c2)ccn3[*])=O)ccc1[*] *C(=O)NC|C(C)(C)(C)* O=C(NCc1ccccc1)c1cccc2cc[nH]c12 0.6161315 0.6161 -6.6425800 -6.6426 0.9997000 411.9330 0.0000000 5.2707 1.0000000 63.1300 1.0000000 1.0000 1.0000000 3.0000 0.5000000 2.0000 0.9825279 3.0000 0.9825279 29.0000 0.9439695 376.4080 0.9089600 3.0014 1.0000000 1.0000 []
 | 10.4533 18.0223 -16.2886 0.0034675 CCc1ccc(C(C)NC(=O)c2cc(Cl)cc3ccn(C(=O)Nc4ccccc4)c23)cc1 1 c1cc(C(C)NC(c2c3c(cc(Cl)c2)ccn3[*])=O)ccc1[*] *C(=O)Nc1ccccc1|*CC O=C(NCc1ccccc1)c1cccc2ccn(C(=O)Nc3ccccc3)c12 0.3715464 0.3715 -11.5276400 -11.5276 0.9931605 445.9500 0.0000000 6.4283 1.0000000 63.1300 1.0000000 1.0000 1.0000000 3.0000 0.5000000 2.0000 0.9467598 5.0000 0.9693466 32.0000 0.8811378 397.8000 0.9266471 2.7970 1.0000000 1.0000 []
06:09:41 <INFO> Score: 0.03 Agent NLL: 14.86 Valid: 100% Step: 11
 | Agent Prior Target Score SMILES SMILES_state Input_Scaffold R-groups Scaffold QED QED (raw) gnina score gnina score (raw) MW MW (raw) SlogP (RDKit) SlogP (RDKit) (raw) TPSA TPSA (raw) Number of stereo centers Number of stereo centers (raw) Number of HB acceptors (Lipinski) Number of HB acceptors (Lipinski) (raw) Number of HB donors (Lipinski) Number of HB donors (Lipinski) (raw) Number of rotatable bonds Number of rotatable bonds (raw) Number of Heavy atoms Number of Heavy atoms (raw) Molecular Volume (RDKit) Molecular Volume (RDKit) (raw) SA score SA score (raw) Alerts Alerts (raw) matchting_patterns (Alerts)
 | 20.7992 26.5542 -26.5542 0.0000000 C#Cc1ccc(C(C)NC(=O)c2cc(Cl)cc3ccn(C(=O)NCc4ccccc4N)c23)cc1 1 [*]c1ccc(C(NC(=O)c2c3n([*])ccc3cc(Cl)c2)C)cc1 *C#C|c1c(CNC(=O)*)c(N)ccc1 O=C(NCc1ccccc1)c1cccc2ccn(C(=O)NCc3ccccc3)c12 0.0000000 0.0000 0.0000000 0.0000 0.0000000 0.0000 0.0000000 0.0000 0.0000000 0.0000 0.0000000 0.0000 0.0000000 0.0000 0.0000000 0.0000 0.0000000 0.0000 0.0000000 0.0000 0.0000000 0.0000 0.0000000 0.0000 0.0000000 0.0000 ['C#C', '[NH2]']
 | 8.3169 13.5059 -11.4911 0.0040296 CNC(=O)n1ccc2cc(Cl)cc(C(=O)NC(C)c3ccc(C(C)(C)C)cc3)c21 1 [*]c1ccc(C(NC(=O)c2c3n([*])ccc3cc(Cl)c2)C)cc1 *C(C)(C)C|*C(=O)NC O=C(NCc1ccccc1)c1cccc2cc[nH]c12 0.6161315 0.6161 -6.6425800 -6.6426 0.9997000 411.9330 0.0000000 5.2707 1.0000000 63.1300 1.0000000 1.0000 1.0000000 3.0000 0.5000000 2.0000 0.9825279 3.0000 0.9825279 29.0000 0.9439695 376.4080 0.9089600 3.0014 1.0000000 1.0000 []
 | 29.3721 35.1547 -35.1547 0.0000000 CC(NC(=O)c1cc(Cl)cc2ccn(C(=O)N(C3CCCCC3)N(c3ccccc3)c3ccccc3)c12)c1ccc(C(C)(C)C)cc1 1 [*]c1ccc(C(NC(=O)c2c3n([*])ccc3cc(Cl)c2)C)cc1 *C(C)(C)C|*C(N(N(c1ccccc1)c1ccccc1)C1CCCCC1)=O O=C(NCc1ccccc1)c1cccc2ccn(C(=O)N(C3CCCCC3)N(c3ccccc3)c3ccccc3)c12 0.0000000 0.0000 0.0000000 0.0000 0.0000000 0.0000 0.0000000 0.0000 0.0000000 0.0000 0.0000000 0.0000 0.0000000 0.0000 0.0000000 0.0000 0.0000000 0.0000 0.0000000 0.0000 0.0000000 0.0000 0.0000000 0.0000 0.0000000 0.0000 ['[#7;!n][#7;!n]']
 | 14.1556 17.8152 540.6455 1.1169215 CC(NC(=O)c1cc(Cl)cc2ccn(C(=O)N3CCN(C)CC3)c12)c1ccc(C(C)(C)C)cc1 1 [*]c1ccc(C(NC(=O)c2c3n([*])ccc3cc(Cl)c2)C)cc1 *C(C)(C)C|C(=O)(*)N1CCN(C)CC1 O=C(NCc1ccccc1)c1cccc2ccn(C(=O)N3CCNCC3)c12 0.5531128 0.5531 3.3234100 3.3234 0.8514830 481.0400 0.0000000 5.2987 1.0000000 57.5800 1.0000000 1.0000 1.0000000 4.0000 0.9467598 1.0000 0.9825279 3.0000 0.9556430 34.0000 0.5703726 442.6160 0.8989927 3.1012 1.0000000 1.0000 []
 | 9.7765 13.7041 -13.7041 0.0000000 CNC(=O)n1ccc2cc(Cl)cc(C(=O)NC(C)c3ccc(C(C)(C)C)cc3)c21 2 [*]c1ccc(C(NC(=O)c2c3n([*])ccc3cc(Cl)c2)C)cc1 *C(C)(C)C|C(=O)(NC)* O=C(NCc1ccccc1)c1cccc2cc[nH]c12 0.0000000 0.6161 -0.0000000 -6.6426 0.0000000 411.9330 0.0000000 5.2707 0.0000000 63.1300 0.0000000 1.0000 0.0000000 3.0000 0.0000000 2.0000 0.0000000 3.0000 0.0000000 29.0000 0.0000000 376.4080 0.0000000 3.0014 0.0000000 1.0000 []
 | 9.4852 10.0806 -10.0806 0.0000000 CC(NC(=O)c1cc(Cl)cc2ccn(C(N)=O)c12)c1ccc(C(C)(C)C)cc1 1 [*]c1ccc(C(NC(=O)c2c3n([*])ccc3cc(Cl)c2)C)cc1 *C(C)(C)C|C(N)(=O)* O=C(NCc1ccccc1)c1cccc2cc[nH]c12 0.0000000 0.0000 0.0000000 0.0000 0.0000000 0.0000 0.0000000 0.0000 0.0000000 0.0000 0.0000000 0.0000 0.0000000 0.0000 0.0000000 0.0000 0.0000000 0.0000 0.0000000 0.0000 0.0000000 0.0000 0.0000000 0.0000 0.0000000 0.0000 ['[NH2]']
 | 9.0721 10.5501 -8.6890 0.0037222 CC(NC(=O)c1cc(Cl)cc2ccn(C(=O)NC(C)(C)C)c12)c1ccc(C(C)(C)C)cc1 1 [*]c1ccc(C(NC(=O)c2c3n([*])ccc3cc(Cl)c2)C)cc1 *C(C)(C)C|CC(NC(*)=O)(C)C O=C(NCc1ccccc1)c1cccc2cc[nH]c12 0.4788904 0.4789 -5.2979100 -5.2979 0.9857334 454.0140 0.0000000 6.4394 1.0000000 63.1300 1.0000000 1.0000 1.0000000 3.0000 0.5000000 2.0000 0.9825279 3.0000 0.9693466 32.0000 0.7243543 424.8240 0.8991862 3.0993 1.0000000 1.0000 []
 | 14.3779 17.2572 -15.4474 0.0036196 CC(NC(=O)c1cc(Cl)cc2ccn(C(=O)CCCN(C)C)c12)c1ccc(C(C)(C)C)cc1 1 [*]c1ccc(C(NC(=O)c2c3n([*])ccc3cc(Cl)c2)C)cc1 *C(C)(C)C|CN(CCCC(=O)*)C O=C(NCc1ccccc1)c1cccc2cc[nH]c12 0.4587360 0.4587 -4.9497000 -4.9497 0.9499570 468.0410 0.0000000 6.0652 1.0000000 54.3400 1.0000000 1.0000 1.0000000 4.0000 0.9467598 1.0000 0.8490205 7.0000 0.9631018 33.0000 0.5678881 442.8800 0.9019674 3.0724 1.0000000 1.0000 []
 | 10.1048 15.3850 -13.3655 0.0040391 CC(C)c1ccc(C(C)NC(=O)c2cc(Cl)cc3ccn(C(=O)N(C)C)c23)cc1 1 [*]c1ccc(C(NC(=O)c2c3n([*])ccc3cc(Cl)c2)C)cc1 *C(C)C|C(*)(=O)N(C)C O=C(NCc1ccccc1)c1cccc2cc[nH]c12 0.6210895 0.6211 -6.3146200 -6.3146 0.9997000 411.9330 0.0000000 5.4388 1.0000000 54.3400 1.0000000 1.0000 1.0000000 3.0000 0.9467598 1.0000 0.9693466 4.0000 0.9825279 29.0000 0.9426396 377.0560 0.9115168 2.9742 1.0000000 1.0000 []
 | 9.6613 16.3101 -14.3276 0.0039650 CCNC(=O)n1ccc2cc(Cl)cc(C(=O)NC(C)c3ccc(C(C)C)cc3)c21 1 [*]c1ccc(C(NC(=O)c2c3n([*])ccc3cc(Cl)c2)C)cc1 *C(C)C|C(NC(*)=O)C O=C(NCc1ccccc1)c1cccc2cc[nH]c12 0.5828835 0.5829 -6.4347300 -6.4347 0.9997000 411.9330 0.0000000 5.4867 1.0000000 63.1300 1.0000000 1.0000 1.0000000 3.0000 0.5000000 2.0000 0.9467598 5.0000 0.9825279 29.0000 0.9437091 376.5360 0.9135102 2.9525 1.0000000 1.0000 []
06:12:44 <INFO> Score: 0.02 Agent NLL: 11.14 Valid: 100% Step: 12
 | Agent Prior Target Score SMILES SMILES_state Input_Scaffold R-groups Scaffold QED QED (raw) gnina score gnina score (raw) MW MW (raw) SlogP (RDKit) SlogP (RDKit) (raw) TPSA TPSA (raw) Number of stereo centers Number of stereo centers (raw) Number of HB acceptors (Lipinski) Number of HB acceptors (Lipinski) (raw) Number of HB donors (Lipinski) Number of HB donors (Lipinski) (raw) Number of rotatable bonds Number of rotatable bonds (raw) Number of Heavy atoms Number of Heavy atoms (raw) Molecular Volume (RDKit) Molecular Volume (RDKit) (raw) SA score SA score (raw) Alerts Alerts (raw) matchting_patterns (Alerts)
 | 14.4625 19.8207 -19.8207 0.0000000 CC(NC(=O)c1cc(Cl)cc2ccn(C(=O)N(C)O)c12)c1ccc(C(C)(C)C)cc1 1 O=C(NC(c1ccc([*])cc1)C)c1c2n([*])ccc2cc(Cl)c1 *C(C)(C)C|*C(=O)N(O)C O=C(NCc1ccccc1)c1cccc2cc[nH]c12 0.0000000 0.0000 0.0000000 0.0000 0.0000000 0.0000 0.0000000 0.0000 0.0000000 0.0000 0.0000000 0.0000 0.0000000 0.0000 0.0000000 0.0000 0.0000000 0.0000 0.0000000 0.0000 0.0000000 0.0000 0.0000000 0.0000 0.0000000 0.0000 ['[OH]']
 | 7.9499 13.4639 -11.8445 0.0032388 CC(NC(=O)c1cc(Cl)cc2ccn(C(=O)Nc3ccccc3)c12)c1ccc(C(C)(C)C)cc1 1 O=C(NC(c1ccc([*])cc1)C)c1c2n([*])ccc2cc(Cl)c1 *C(C)(C)C|*C(=O)Nc1ccccc1 O=C(NCc1ccccc1)c1cccc2ccn(C(=O)Nc3ccccc3)c12 0.3298785 0.3299 -6.9441700 -6.9442 0.9163932 474.0040 0.0000000 7.1634 1.0000000 63.1300 1.0000000 1.0000 1.0000000 3.0000 0.5000000 2.0000 0.9693466 4.0000 0.9556430 34.0000 0.6847781 429.7840 0.9189733 2.8907 1.0000000 1.0000 []
 | 11.5355 14.0118 -11.9969 0.0040296 CNC(=O)n1ccc2cc(Cl)cc(C(=O)NC(C)c3ccc(C(C)(C)C)cc3)c21 1 O=C(NC(c1ccc([*])cc1)C)c1c2n([*])ccc2cc(Cl)c1 *C(C)(C)C|O=C(*)NC O=C(NCc1ccccc1)c1cccc2cc[nH]c12 0.6161315 0.6161 -6.6425800 -6.6426 0.9997000 411.9330 0.0000000 5.2707 1.0000000 63.1300 1.0000000 1.0000 1.0000000 3.0000 0.5000000 2.0000 0.9825279 3.0000 0.9825279 29.0000 0.9439695 376.4080 0.9089600 3.0014 1.0000000 1.0000 []
 | 8.2706 12.5158 -12.5158 0.0000000 CC(C)c1ccc(C(C)NC(=O)c2cc(Cl)cc3ccn(C(N)=O)c23)cc1 1 O=C(NC(c1ccc([*])cc1)C)c1c2n([*])ccc2cc(Cl)c1 *C(C)C|*C(=O)N O=C(NCc1ccccc1)c1cccc2cc[nH]c12 0.0000000 0.0000 0.0000000 0.0000 0.0000000 0.0000 0.0000000 0.0000 0.0000000 0.0000 0.0000000 0.0000 0.0000000 0.0000 0.0000000 0.0000 0.0000000 0.0000 0.0000000 0.0000 0.0000000 0.0000 0.0000000 0.0000 0.0000000 0.0000 ['[NH2]']
 | 14.5471 24.8919 -23.3800 0.0030236 CC(C)c1ccc(C(C)NC(=O)c2cc(Cl)cc3ccn(C(=O)NC(=O)c4ccccc4)c23)cc1 1 O=C(NC(c1ccc([*])cc1)C)c1c2n([*])ccc2cc(Cl)c1 *C(C)C|C(NC(*)=O)(c1ccccc1)=O O=C(NC(=O)n1ccc2cccc(C(=O)NCc3ccccc3)c21)c1ccccc1 0.3460148 0.3460 -7.5392200 -7.5392 0.7514645 487.9870 0.0000000 6.3072 1.0000000 80.2000 1.0000000 1.0000 1.0000000 4.0000 0.5000000 2.0000 0.9467598 5.0000 0.9467598 35.0000 0.6520689 433.6320 0.9130969 2.9570 1.0000000 1.0000 []
 | 29.3486 38.0574 -37.8169 0.0004811 CC(C)c1ccc(C(C)NC(=O)c2cc(Cl)cc3ccn(C(=O)CN4CCC(CNC(=O)N(C)C)C4)c23)cc1 1 O=C(NC(c1ccc([*])cc1)C)c1c2n([*])ccc2cc(Cl)c1 *C(C)C|C1N(CC(*)=O)CCC1CNC(N(C)C)=O O=C(NCc1ccccc1)c1cccc2ccn(C(=O)CN3CCCC3)c12 0.4055867 0.4056 -8.3644500 -8.3644 0.0081599 552.1190 0.0000000 5.1424 1.0000000 86.6800 1.0000000 2.0000 1.0000000 5.0000 0.5000000 2.0000 0.7597469 8.0000 0.8919391 39.0000 0.0931149 509.3120 0.8372667 3.5772 1.0000000 1.0000 []
 | 7.0716 11.1593 -9.1210 0.0040767 CC(=O)n1ccc2cc(Cl)cc(C(=O)NC(C)c3ccc(C(C)C)cc3)c21 1 O=C(NC(c1ccc([*])cc1)C)c1c2n([*])ccc2cc(Cl)c1 *C(C)C|CC(*)=O O=C(NCc1ccccc1)c1cccc2cc[nH]c12 0.6408679 0.6409 -3.4798200 -3.4798 0.9999793 382.8910 0.0000000 5.5692 1.0000000 51.1000 1.0000000 1.0000 1.0000000 3.0000 0.9467598 1.0000 0.9693466 4.0000 0.9880297 27.0000 0.9793740 349.4080 0.9228812 2.8440 1.0000000 1.0000 []
 | 6.7171 15.1518 -13.1677 0.0039682 CC(C)Cc1ccc(C(C)NC(=O)c2cc(Cl)cc3ccn(C(=O)N(C)C)c23)cc1 1 O=C(NC(c1ccc([*])cc1)C)c1c2n([*])ccc2cc(Cl)c1 *CC(C)C|*C(N(C)C)=O O=C(NCc1ccccc1)c1cccc2cc[nH]c12 0.5851698 0.5852 -6.5148800 -6.5149 0.9989088 425.9600 0.0000000 5.5139 1.0000000 54.3400 1.0000000 1.0000 1.0000000 3.0000 0.9467598 1.0000 0.9467598 5.0000 0.9789100 30.0000 0.8994234 392.9120 0.9096760 2.9938 1.0000000 1.0000 []
 | 11.8869 24.1960 -24.1960 0.0000000 CC(C)Cc1ccc(C(C)NC(=O)c2cc(Cl)cc3ccn(C(=O)Nc4cccc(C(=O)O)c4)c23)cc1 1 O=C(NC(c1ccc([*])cc1)C)c1c2n([*])ccc2cc(Cl)c1 *CC(C)C|*C(Nc1cc(C(=O)O)ccc1)=O O=C(NCc1ccccc1)c1cccc2ccn(C(=O)Nc3ccccc3)c12 0.0000000 0.0000 0.0000000 0.0000 0.0000000 0.0000 0.0000000 0.0000 0.0000000 0.0000 0.0000000 0.0000 0.0000000 0.0000 0.0000000 0.0000 0.0000000 0.0000 0.0000000 0.0000 0.0000000 0.0000 0.0000000 0.0000 0.0000000 0.0000 ['C(=[O,S])[O,S]', '[OH]']
 | 10.7962 22.8120 -21.3584 0.0029072 CC(C)Cc1ccc(C(C)NC(=O)c2cc(Cl)cc3ccn(C(=O)NCc4ccccc4)c23)cc1 1 O=C(NC(c1ccc([*])cc1)C)c1c2n([*])ccc2cc(Cl)c1 *CC(C)C|C(*)(=O)NCc1ccccc1 O=C(NCc1ccccc1)c1cccc2ccn(C(=O)NCc3ccccc3)c12 0.3028665 0.3029 -5.8594800 -5.8595 0.7507068 488.0310 0.0000000 6.7421 1.0000000 63.1300 1.0000000 1.0000 1.0000000 3.0000 0.5000000 2.0000 0.8490205 7.0000 0.9467598 35.0000 0.5147324 448.4640 0.9170997 2.9123 1.0000000 1.0000 []
06:12:44 <WARN> reinvent_plugins.normalizers.rdkit_smiles: CC(NC(=O)c1c2n([*])ccc2cc(Cl)c1)c1ccc([*])cc1N1CCN(c2cc(=O)c(=O)c(C(=O)*)o2)CC1CCN1CCOCC1|*C could not be converted
06:17:46 <INFO> Score: 0.05 Agent NLL: 13.35 Valid:  99% Step: 13
 | Agent Prior Target Score SMILES SMILES_state Input_Scaffold R-groups Scaffold QED QED (raw) gnina score gnina score (raw) MW MW (raw) SlogP (RDKit) SlogP (RDKit) (raw) TPSA TPSA (raw) Number of stereo centers Number of stereo centers (raw) Number of HB acceptors (Lipinski) Number of HB acceptors (Lipinski) (raw) Number of HB donors (Lipinski) Number of HB donors (Lipinski) (raw) Number of rotatable bonds Number of rotatable bonds (raw) Number of Heavy atoms Number of Heavy atoms (raw) Molecular Volume (RDKit) Molecular Volume (RDKit) (raw) SA score SA score (raw) Alerts Alerts (raw) matchting_patterns (Alerts)
 | 9.3043 13.5642 -12.4798 0.0021689 CC(NC(=O)c1cc(Cl)cc2ccn(C(=O)NCCN3CCOCC3)c12)c1ccc(C(C)(C)C)cc1 1 CC(NC(=O)c1c2n([*])ccc2cc(Cl)c1)c1ccc([*])cc1 *C(=O)NCCN1CCOCC1|CC(C)(C)* O=C(NCc1ccccc1)c1cccc2ccn(C(=O)NCCN3CCOCC3)c12 0.4904997 0.4905 -11.1444000 -11.1444 0.2651799 511.0660 0.0000000 4.9731 1.0000000 75.6000 1.0000000 1.0000 1.0000000 5.0000 0.5000000 2.0000 0.9090909 6.0000 0.9362164 36.0000 0.3294374 468.5200 0.8946179 3.1423 1.0000000 1.0000 []
 | 20.7934 30.3175 -30.2422 0.0001506 COc1ccc(NC(=O)NCCNC(=O)n2ccc3cc(Cl)cc(C(=O)NC(C)c4ccc(C(C)C)cc4)c32)cc1 1 CC(NC(=O)c1c2n([*])ccc2cc(Cl)c1)c1ccc([*])cc1 *C(=O)NCCNC(=O)Nc1ccc(OC)cc1|CC(C)* O=C(NCCNC(=O)n1ccc2cccc(C(=O)NCc3ccccc3)c21)Nc1ccccc1 0.1754283 0.1754 -10.3043500 -10.3043 0.0009030 576.0970 0.0000000 6.2971 0.9998368 113.4900 1.0000000 1.0000 1.0000000 5.0000 0.0031523 4.0000 0.6400650 9.0000 0.8490205 41.0000 0.0656794 519.1840 0.8978381 3.1122 1.0000000 1.0000 []
 | 12.8088 21.6593 -19.6209 0.0040768 CCCc1ccc(C(C)NC(=O)c2cc(Cl)cc3ccn(C(=O)NC)c23)cc1 1 CC(NC(=O)c1c2n([*])ccc2cc(Cl)c1)c1ccc([*])cc1 *C(=O)NC|C(C)C* O=C(NCc1ccccc1)c1cccc2cc[nH]c12 0.6409860 0.6410 -5.8979000 -5.8979 0.9999176 397.9060 0.0000000 4.9257 1.0000000 63.1300 1.0000000 1.0000 1.0000000 3.0000 0.5000000 2.0000 0.9467598 5.0000 0.9855343 28.0000 0.9686456 360.6080 0.9149129 2.9370 1.0000000 1.0000 []
 | 12.8302 23.4521 -23.4521 0.0000000 CC(C)c1ccc(C(C)NC(=O)c2cc(Cl)cc3ccn(C(=O)Nc4ccccc4N)c23)cc1 1 CC(NC(=O)c1c2n([*])ccc2cc(Cl)c1)c1ccc([*])cc1 *C(=O)Nc1ccccc1N|C(C)(*)C O=C(NCc1ccccc1)c1cccc2ccn(C(=O)Nc3ccccc3)c12 0.0000000 0.0000 0.0000000 0.0000 0.0000000 0.0000 0.0000000 0.0000 0.0000000 0.0000 0.0000000 0.0000 0.0000000 0.0000 0.0000000 0.0000 0.0000000 0.0000 0.0000000 0.0000 0.0000000 0.0000 0.0000000 0.0000 0.0000000 0.0000 ['[NH2]']
 | 11.9477 14.8798 -12.8957 0.0039682 CC(C)Cc1ccc(C(C)NC(=O)c2cc(Cl)cc3ccn(C(=O)N(C)C)c23)cc1 1 CC(NC(=O)c1c2n([*])ccc2cc(Cl)c1)c1ccc([*])cc1 *C(N(C)C)=O|C(C)(C*)C O=C(NCc1ccccc1)c1cccc2cc[nH]c12 0.5851698 0.5852 -6.5148800 -6.5149 0.9989088 425.9600 0.0000000 5.5139 1.0000000 54.3400 1.0000000 1.0000 1.0000000 3.0000 0.9467598 1.0000 0.9467598 5.0000 0.9789100 30.0000 0.8994234 392.9120 0.9096760 2.9938 1.0000000 1.0000 []
 | 7.9484 12.7895 -10.7700 0.0040391 CC(C)c1ccc(C(C)NC(=O)c2cc(Cl)cc3ccn(C(=O)N(C)C)c23)cc1 1 CC(NC(=O)c1c2n([*])ccc2cc(Cl)c1)c1ccc([*])cc1 *C(N(C)C)=O|CC(C)* O=C(NCc1ccccc1)c1cccc2cc[nH]c12 0.6210895 0.6211 -6.3146200 -6.3146 0.9997000 411.9330 0.0000000 5.4388 1.0000000 54.3400 1.0000000 1.0000 1.0000000 3.0000 0.9467598 1.0000 0.9693466 4.0000 0.9825279 29.0000 0.9426396 377.0560 0.9115168 2.9742 1.0000000 1.0000 []
 | 16.5901 25.8541 973.5380 1.9987843 CCc1ccc(C(C)NC(=O)c2cc(Cl)cc3ccn(C(=O)N4CCCc5ccccc54)c23)cc1 1 CC(NC(=O)c1c2n([*])ccc2cc(Cl)c1)c1ccc([*])cc1 *C(N1c2c(cccc2)CCC1)=O|CC* O=C(NCc1ccccc1)c1cccc2ccn(C(=O)N3CCCc4ccccc43)c12 0.3465347 0.3465 43.9107300 43.9107 0.7838195 486.0150 0.0000000 6.7690 1.0000000 54.3400 1.0000000 1.0000 1.0000000 3.0000 0.9467598 1.0000 0.9693466 4.0000 0.9467598 35.0000 0.6153191 437.7600 0.9014661 3.0773 1.0000000 1.0000 []
 | 7.4260 13.5880 -11.5732 0.0040296 CNC(=O)n1ccc2cc(Cl)cc(C(=O)NC(C)c3ccc(C(C)(C)C)cc3)c21 1 CC(NC(=O)c1c2n([*])ccc2cc(Cl)c1)c1ccc([*])cc1 *C(NC)=O|CC(C)(C)* O=C(NCc1ccccc1)c1cccc2cc[nH]c12 0.6161315 0.6161 -6.6425800 -6.6426 0.9997000 411.9330 0.0000000 5.2707 1.0000000 63.1300 1.0000000 1.0000 1.0000000 3.0000 0.5000000 2.0000 0.9825279 3.0000 0.9825279 29.0000 0.9439695 376.4080 0.9089600 3.0014 1.0000000 1.0000 []
 | 22.8218 28.3814 -28.0821 0.0005986 CC(C)c1ccc(C(C)NC(=O)c2cc(Cl)cc3ccn(C(=O)NCCN4CCCc5ccccc54)c23)cc1 1 CC(NC(=O)c1c2n([*])ccc2cc(Cl)c1)c1ccc([*])cc1 *C(NCCN1CCCc2c1cccc2)=O|C(C)(C)* O=C(NCc1ccccc1)c1cccc2ccn(C(=O)NCCN3CCCc4ccccc43)c12 0.2662300 0.2662 -6.1488400 -6.1488 0.0185115 543.1110 0.0000000 6.9196 1.0000000 66.3700 1.0000000 1.0000 1.0000000 4.0000 0.5000000 2.0000 0.8490205 7.0000 0.8919391 39.0000 0.1319857 499.0800 0.8892246 3.1909 1.0000000 1.0000 []
 | 13.2790 14.5926 -13.3365 0.0025122 CC(NC(=O)c1cc(Cl)cc2ccn(C(=O)NCc3ccccc3)c12)c1ccc(C(F)(F)F)cc1 1 CC(NC(=O)c1c2n([*])ccc2cc(Cl)c1)c1ccc([*])cc1 *C(NCc1ccccc1)=O|FC(F)(F)* O=C(NCc1ccccc1)c1cccc2ccn(C(=O)NCc3ccccc3)c12 0.3263427 0.3263 -6.0688800 -6.0689 0.5018418 499.9200 0.0000000 6.5624 1.0000000 63.1300 1.0000000 1.0000 1.0000000 3.0000 0.5000000 2.0000 0.9467598 5.0000 0.9467598 35.0000 0.7991415 414.0160 0.9138619 2.9486 1.0000000 1.0000 []
06:26:48 <INFO> Score: 0.03 Agent NLL: 14.67 Valid: 100% Step: 14
 | Agent Prior Target Score SMILES SMILES_state Input_Scaffold R-groups Scaffold QED QED (raw) gnina score gnina score (raw) MW MW (raw) SlogP (RDKit) SlogP (RDKit) (raw) TPSA TPSA (raw) Number of stereo centers Number of stereo centers (raw) Number of HB acceptors (Lipinski) Number of HB acceptors (Lipinski) (raw) Number of HB donors (Lipinski) Number of HB donors (Lipinski) (raw) Number of rotatable bonds Number of rotatable bonds (raw) Number of Heavy atoms Number of Heavy atoms (raw) Molecular Volume (RDKit) Molecular Volume (RDKit) (raw) SA score SA score (raw) Alerts Alerts (raw) matchting_patterns (Alerts)
 | 9.3517 13.9354 -12.5452 0.0027804 CC(NC(=O)c1cc(Cl)cc2ccn(C(=O)c3ccccc3Cl)c12)c1ccc(C(C)(C)C)cc1 1 [*]c1ccc(C(NC(=O)c2cc(Cl)cc3ccn([*])c32)C)cc1 *C(C)(C)C|*C(c1ccccc1Cl)=O O=C(NCc1ccccc1)c1cccc2ccn(C(=O)c3ccccc3)c12 0.3215876 0.3216 -11.7393800 -11.7394 0.6467427 493.4340 0.0000000 7.4251 1.0000000 51.1000 1.0000000 1.0000 1.0000000 3.0000 0.9467598 1.0000 0.9693466 4.0000 0.9556430 34.0000 0.6691368 431.6480 0.9165388 2.9187 1.0000000 1.0000 []
 | 14.0634 20.3117 -19.4945 0.0016344 CC(=O)Nc1cccc(C(=O)n2ccc3cc(Cl)cc(C(=O)NC(C)c4ccc(C(C)(C)C)cc4)c32)c1 1 [*]c1ccc(C(NC(=O)c2cc(Cl)cc3ccn([*])c32)C)cc1 *C(C)(C)C|O=C(Nc1cccc(C(=O)*)c1)C O=C(NCc1ccccc1)c1cccc2ccn(C(=O)c3ccccc3)c12 0.3089938 0.3090 -7.0977900 -7.0978 0.1858156 516.0410 0.0000000 6.7301 1.0000000 80.2000 1.0000000 1.0000 1.0000000 4.0000 0.5000000 2.0000 0.9467598 5.0000 0.9237530 37.0000 0.3452198 466.6800 0.9103044 2.9872 1.0000000 1.0000 []
 | 14.9862 18.8980 -17.2539 0.0032882 CC(NC(=O)c1cc(Cl)cc2ccn(C(=O)Nc3ccccn3)c12)c1ccc(C(C)(C)C)cc1 1 [*]c1ccc(C(NC(=O)c2cc(Cl)cc3ccn([*])c32)C)cc1 *C(C)(C)C|O=C(Nc1ncccc1)* O=C(NCc1ccccc1)c1cccc2ccn(C(=O)Nc3ccccn3)c12 0.3514182 0.3514 -8.8017200 -8.8017 0.9091517 474.9920 0.0000000 6.5584 1.0000000 76.0200 1.0000000 1.0000 1.0000000 4.0000 0.5000000 2.0000 0.9693466 4.0000 0.9556430 34.0000 0.7064185 427.1200 0.9044254 3.0479 1.0000000 1.0000 []
 | 8.7077 17.5431 -15.8697 0.0033466 CC(C)c1ccc(C(C)NC(=O)c2cc(Cl)cc3ccn(C(=O)Nc4ccccc4)c23)cc1 1 [*]c1ccc(C(NC(=O)c2cc(Cl)cc3ccn([*])c32)C)cc1 *C(C)C|c1cccc(NC(=O)*)c1 O=C(NCc1ccccc1)c1cccc2ccn(C(=O)Nc3ccccc3)c12 0.3375180 0.3375 -9.2113100 -9.2113 0.9755473 459.9770 0.0000000 6.9893 1.0000000 63.1300 1.0000000 1.0000 1.0000000 3.0000 0.5000000 2.0000 0.9467598 5.0000 0.9631018 33.0000 0.8013010 413.6640 0.9228956 2.8439 1.0000000 1.0000 []
 | 14.7962 27.7757 -27.2760 0.0009995 CC(NC(=O)c1cc(Cl)cc2ccn(C(=O)NCCCc3ccccc3)c12)c1ccc(C2CCCC2)cc1 1 [*]c1ccc(C(NC(=O)c2cc(Cl)cc3ccn([*])c32)C)cc1 *C1CCCC1|O=C(*)NCCCc1ccccc1 O=C(NCc1ccc(C2CCCC2)cc1)c1cccc2ccn(C(=O)NCCCc3ccccc3)c12 0.2312309 0.2312 -5.9911800 -5.9912 0.0699318 528.0960 0.0000000 7.6338 1.0000000 63.1300 1.0000000 1.0000 1.0000000 3.0000 0.5000000 2.0000 0.7597469 8.0000 0.9090909 38.0000 0.1876482 488.1840 0.9055616 3.0365 1.0000000 1.0000 []
 | 14.9846 22.4155 245.1281 0.5350870 CC(NC(=O)c1cc(Cl)cc2ccn(C(=O)c3cccnc3Cl)c12)c1ccc(C2CCCCC2)cc1 1 [*]c1ccc(C(NC(=O)c2cc(Cl)cc3ccn([*])c32)C)cc1 *C1CCCCC1|O=C(c1c(Cl)nccc1)* O=C(NCc1ccc(C2CCCCC2)cc1)c1cccc2ccn(C(=O)c3cccnc3)c12 0.2761990 0.2762 7.6656500 7.6657 0.1318800 520.4600 0.0000000 7.5703 1.0000000 63.9900 1.0000000 1.0000 1.0000000 4.0000 0.9467598 1.0000 0.9467598 5.0000 0.9362164 36.0000 0.4818943 451.8880 0.8982040 3.1087 1.0000000 1.0000 []
 | 18.9335 23.2238 -21.7295 0.0029886 CCN(C)CCc1ccc(C(C)NC(=O)c2cc(Cl)cc3ccn(C(=O)c4ccccc4)c23)cc1 1 [*]c1ccc(C(NC(=O)c2cc(Cl)cc3ccn([*])c32)C)cc1 *CCN(CC)C|*C(=O)c1ccccc1 O=C(NCc1ccccc1)c1cccc2ccn(C(=O)c3ccccc3)c12 0.3329525 0.3330 -9.4789400 -9.4789 0.7507068 488.0310 0.0000000 5.9684 1.0000000 54.3400 1.0000000 1.0000 1.0000000 4.0000 0.9467598 1.0000 0.7597469 8.0000 0.9467598 35.0000 0.5241582 447.4800 0.9136976 2.9504 1.0000000 1.0000 []
 | 7.5466 9.5697 -7.7221 0.0036952 Cc1ccc(C(C)NC(=O)c2cc(Cl)cc3ccn(C(=O)c4ccccc4)c23)cc1 1 [*]c1ccc(C(NC(=O)c2cc(Cl)cc3ccn([*])c32)C)cc1 *C|*C(c1ccccc1)=O O=C(NCc1ccccc1)c1cccc2ccn(C(=O)c3ccccc3)c12 0.4578988 0.4579 -11.2001600 -11.2002 0.9995256 416.9080 0.0000000 5.7826 1.0000000 51.1000 1.0000000 1.0000 1.0000000 3.0000 0.9467598 1.0000 0.9693466 4.0000 0.9789100 30.0000 0.9570906 369.0960 0.9338462 2.7006 1.0000000 1.0000 []
 | 13.6182 17.5568 -15.7346 0.0036444 Cc1ccc(C(C)NC(=O)c2cc(Cl)cc3ccn(S(=O)(=O)c4ccccc4)c23)cc1 1 [*]c1ccc(C(NC(=O)c2cc(Cl)cc3ccn([*])c32)C)cc1 *C|*S(=O)(=O)c1ccccc1 O=C(NCc1ccccc1)c1cccc2ccn(S(=O)(=O)c3ccccc3)c12 0.4445677 0.4446 -8.7139500 -8.7140 0.9870327 452.9630 0.0000000 5.3311 1.0000000 68.1700 1.0000000 1.0000 1.0000000 4.0000 0.9467598 1.0000 0.9467598 5.0000 0.9745624 31.0000 0.9244422 384.7440 0.9309561 2.7404 1.0000000 1.0000 []
 | 10.0839 12.6991 -10.6189 0.0041603 CCNC(=O)n1ccc2cc(Cl)cc(C(=O)NC(C)c3ccc(C)cc3)c21 1 [*]c1ccc(C(NC(=O)c2cc(Cl)cc3ccn([*])c32)C)cc1 *C|C(C)NC(=O)* O=C(NCc1ccccc1)c1cccc2cc[nH]c12 0.6870927 0.6871 -9.5441200 -9.5441 0.9999774 383.8790 0.0000002 4.6717 1.0000000 63.1300 1.0000000 1.0000 1.0000000 3.0000 0.5000000 2.0000 0.9693466 4.0000 0.9880297 27.0000 0.9829497 344.3520 0.9199596 2.8791 1.0000000 1.0000 []
06:26:48 <WARN> reinvent_plugins.normalizers.rdkit_smiles: c1cc(C(C)NC(c2c3n([*])ccc3cc(Cl)c2)=O)ccc1[*]*C(NC)=Oc1cnccc1|CC(C)(C)* could not be converted
06:26:48 <WARN> reinvent_plugins.normalizers.rdkit_smiles: c1cc(C(C)NC(c2c3n([*])ccc3cc(Cl)c2)=O)ccc1[*]c1cc2c(c(C(NC(*)=O)C)cc1)cccc2|CC(C)(*)C could not be converted
06:32:16 <INFO> Score: 0.02 Agent NLL: 13.99 Valid:  98% Step: 15
 | Agent Prior Target Score SMILES SMILES_state Input_Scaffold R-groups Scaffold QED QED (raw) gnina score gnina score (raw) MW MW (raw) SlogP (RDKit) SlogP (RDKit) (raw) TPSA TPSA (raw) Number of stereo centers Number of stereo centers (raw) Number of HB acceptors (Lipinski) Number of HB acceptors (Lipinski) (raw) Number of HB donors (Lipinski) Number of HB donors (Lipinski) (raw) Number of rotatable bonds Number of rotatable bonds (raw) Number of Heavy atoms Number of Heavy atoms (raw) Molecular Volume (RDKit) Molecular Volume (RDKit) (raw) SA score SA score (raw) Alerts Alerts (raw) matchting_patterns (Alerts)
 | 15.8784 21.4554 -20.6923 0.0015262 COc1ccccc1N(C)C(=O)n1ccc2cc(Cl)cc(C(=O)NC(C)c3ccc(C(C)(C)C)cc3)c21 1 c1cc(C(C)NC(c2c3n([*])ccc3cc(Cl)c2)=O)ccc1[*] *C(=O)N(C)c1c(OC)cccc1|CC(C)(*)C O=C(NCc1ccccc1)c1cccc2ccn(C(=O)Nc3ccccc3)c12 0.3043115 0.3043 -7.2418300 -7.2418 0.1593447 518.0570 0.0000000 7.1963 1.0000000 63.5700 1.0000000 1.0000 1.0000000 4.0000 0.9467598 1.0000 0.9467598 5.0000 0.9237530 37.0000 0.2887658 473.4880 0.8928392 3.1585 1.0000000 1.0000 []
 | 9.4530 17.1702 55.2925 0.1449254 CC(NC(=O)c1cc(Cl)cc2ccn(C(=O)N(c3ccccc3)c3ccccc3)c12)c1ccc(C(C)(C)C)cc1 1 c1cc(C(C)NC(c2c3n([*])ccc3cc(Cl)c2)=O)ccc1[*] *C(=O)N(c1ccccc1)c1ccccc1|CC(C)(*)C O=C(NCc1ccccc1)c1cccc2ccn(C(=O)N(c3ccccc3)c3ccccc3)c12 0.2378115 0.2378 4.1378500 4.1379 0.0098094 550.1020 0.0000000 8.8896 1.0000000 54.3400 1.0000000 1.0000 1.0000000 3.0000 0.9467598 1.0000 0.9467598 5.0000 0.8720069 40.0000 0.1225770 501.2880 0.8954253 3.1348 1.0000000 1.0000 []
 | 13.6535 12.6575 -11.0825 0.0031501 CC(NC(=O)c1cc(Cl)cc2ccn(C(=O)N3CCOCC3)c12)c1ccc(-c2ccccc2)cc1 1 c1cc(C(C)NC(c2c3n([*])ccc3cc(Cl)c2)=O)ccc1[*] *C(=O)N1CCOCC1|c1(*)ccccc1 O=C(NCc1ccc(-c2ccccc2)cc1)c1cccc2ccn(C(=O)N3CCOCC3)c12 0.3981947 0.3982 -8.1025800 -8.1026 0.7514645 487.9870 0.0000000 5.7530 1.0000000 63.5700 1.0000000 1.0000 1.0000000 4.0000 0.9467598 1.0000 0.9693466 4.0000 0.9467598 35.0000 0.6998178 427.9440 0.9117393 2.9718 1.0000000 1.0000 []
 | 22.1545 27.0998 -27.0804 0.0000389 CC(NC(=O)c1cc(Cl)cc2ccn(C(=O)NC(CCc3ccccc3)CC3CCCCC3)c12)c1ccc(C(C)(C)C)cc1 1 c1cc(C(C)NC(c2c3n([*])ccc3cc(Cl)c2)=O)ccc1[*] *C(=O)NC(CC1CCCCC1)CCc1ccccc1|CC(C)(C)* O=C(NCc1ccccc1)c1cccc2ccn(C(=O)NC(CCc3ccccc3)CC3CCCCC3)c12 0.1978453 0.1978 -5.6147200 -5.6147 0.0000323 612.2580 0.0000000 9.6127 1.0000000 63.1300 1.0000000 2.0000 1.0000000 3.0000 0.5000000 2.0000 0.6400650 9.0000 0.7597469 44.0000 0.0052207 586.8000 0.8367301 3.5806 1.0000000 1.0000 []
 | 10.6739 17.7327 -16.1156 0.0032343 CC(C)c1ccc(C(C)NC(=O)c2cc(Cl)cc3ccn(C(=O)NCc4ccccc4)c23)cc1 1 c1cc(C(C)NC(c2c3n([*])ccc3cc(Cl)c2)=O)ccc1[*] *C(=O)NCc1ccccc1|C(C)(*)C O=C(NCc1ccccc1)c1cccc2ccn(C(=O)NCc3ccccc3)c12 0.3283071 0.3283 -5.6864700 -5.6865 0.9163932 474.0040 0.0000000 6.6670 1.0000000 63.1300 1.0000000 1.0000 1.0000000 3.0000 0.5000000 2.0000 0.9090909 6.0000 0.9556430 34.0000 0.6663442 431.9760 0.9197008 2.8821 1.0000000 1.0000 []
 | 9.8396 16.1842 -14.1439 0.0040807 CNC(=O)n1ccc2cc(Cl)cc(C(=O)NC(C)c3ccc(C(C)C)cc3)c21 1 c1cc(C(C)NC(c2c3n([*])ccc3cc(Cl)c2)=O)ccc1[*] *C(=O)NC|CC(*)C O=C(NCc1ccccc1)c1cccc2cc[nH]c12 0.6430880 0.6431 -7.9133300 -7.9133 0.9999176 397.9060 0.0000000 5.0966 1.0000000 63.1300 1.0000000 1.0000 1.0000000 3.0000 0.5000000 2.0000 0.9693466 4.0000 0.9855343 28.0000 0.9685990 360.6480 0.9128737 2.9595 1.0000000 1.0000 []
 | 19.0193 24.5476 -24.5476 0.0000000 CC(NC(=O)c1cc(Cl)cc2ccn(C(=O)NNc3ccc(Cl)c(C(=O)O)c3)c12)c1ccc(C(C)(C)C)cc1 1 c1cc(C(C)NC(c2c3n([*])ccc3cc(Cl)c2)=O)ccc1[*] *C(=O)NNc1ccc(Cl)c(C(O)=O)c1|CC(C)(*)C O=C(NCc1ccccc1)c1cccc2ccn(C(=O)NNc3ccccc3)c12 0.0000000 0.0000 0.0000000 0.0000 0.0000000 0.0000 0.0000000 0.0000 0.0000000 0.0000 0.0000000 0.0000 0.0000000 0.0000 0.0000000 0.0000 0.0000000 0.0000 0.0000000 0.0000 0.0000000 0.0000 0.0000000 0.0000 0.0000000 0.0000 ['[#7;!n][#7;!n]', 'C(=[O,S])[O,S]', '[OH]']
 | 7.9832 20.1538 -18.5355 0.0032365 CCc1ccc(C(C)NC(=O)c2cc(Cl)cc3ccn(C(=O)Nc4ccccc4OC)c23)cc1 1 c1cc(C(C)NC(c2c3n([*])ccc3cc(Cl)c2)=O)ccc1[*] *C(=O)Nc1c(OC)cccc1|*CC O=C(NCc1ccccc1)c1cccc2ccn(C(=O)Nc3ccccc3)c12 0.3369084 0.3369 -9.2190500 -9.2190 0.9013834 475.9760 0.0000000 6.4369 1.0000000 72.3600 1.0000000 1.0000 1.0000000 4.0000 0.5000000 2.0000 0.9090909 6.0000 0.9556430 34.0000 0.7434735 422.2720 0.9201033 2.8774 1.0000000 1.0000 []
 | 7.8117 15.7859 -14.1126 0.0033466 CC(C)c1ccc(C(C)NC(=O)c2cc(Cl)cc3ccn(C(=O)Nc4ccccc4)c23)cc1 1 c1cc(C(C)NC(c2c3n([*])ccc3cc(Cl)c2)=O)ccc1[*] *C(=O)Nc1ccccc1|*C(C)C O=C(NCc1ccccc1)c1cccc2ccn(C(=O)Nc3ccccc3)c12 0.3375180 0.3375 -9.2113100 -9.2113 0.9755473 459.9770 0.0000000 6.9893 1.0000000 63.1300 1.0000000 1.0000 1.0000000 3.0000 0.5000000 2.0000 0.9467598 5.0000 0.9631018 33.0000 0.8013010 413.6640 0.9228956 2.8439 1.0000000 1.0000 []
 | 8.2610 15.4565 -13.7228 0.0034675 CCc1ccc(C(C)NC(=O)c2cc(Cl)cc3ccn(C(=O)Nc4ccccc4)c23)cc1 1 c1cc(C(C)NC(c2c3n([*])ccc3cc(Cl)c2)=O)ccc1[*] *C(=O)Nc1ccccc1|*CC O=C(NCc1ccccc1)c1cccc2ccn(C(=O)Nc3ccccc3)c12 0.3715464 0.3715 -11.5276400 -11.5276 0.9931605 445.9500 0.0000000 6.4283 1.0000000 63.1300 1.0000000 1.0000 1.0000000 3.0000 0.5000000 2.0000 0.9467598 5.0000 0.9693466 32.0000 0.8811378 397.8000 0.9266471 2.7970 1.0000000 1.0000 []
06:38:13 <INFO> Score: 0.04 Agent NLL: 12.42 Valid: 100% Step: 16
 | Agent Prior Target Score SMILES SMILES_state Input_Scaffold R-groups Scaffold QED QED (raw) gnina score gnina score (raw) MW MW (raw) SlogP (RDKit) SlogP (RDKit) (raw) TPSA TPSA (raw) Number of stereo centers Number of stereo centers (raw) Number of HB acceptors (Lipinski) Number of HB acceptors (Lipinski) (raw) Number of HB donors (Lipinski) Number of HB donors (Lipinski) (raw) Number of rotatable bonds Number of rotatable bonds (raw) Number of Heavy atoms Number of Heavy atoms (raw) Molecular Volume (RDKit) Molecular Volume (RDKit) (raw) SA score SA score (raw) Alerts Alerts (raw) matchting_patterns (Alerts)
 | 8.2465 18.3908 -18.3908 0.0000000 CC(C)Cc1ccc(C(C)NC(=O)c2cc(Cl)cc3ccn(C(=O)N(C)c4ccccc4)c23)cc1 1 c1(C(NC(=O)c2c3n([*])ccc3cc(Cl)c2)C)ccc([*])cc1 *C(=O)N(c1ccccc1)C|CC(C)C* O=C(NCc1ccccc1)c1cccc2ccn(C(=O)Nc3ccccc3)c12 0.3153882 0.3154 4.3460100 4.3460 0.7507068 488.0310 0.0000000 7.0887 1.0000000 54.3400 1.0000000 1.0000 1.0000000 3.0000 0.9467598 1.0000 0.9090909 6.0000 0.9467598 35.0000 0.5291331 446.9600 0.9039943 3.0523 1.0000000 1.0000 []
 | 16.4430 22.6871 -21.8248 0.0017247 CC(C)Cc1ccc(C(C)NC(=O)c2cc(Cl)cc3ccn(C(=O)N4CCCc5ccccc54)c23)cc1 1 c1(C(NC(=O)c2c3n([*])ccc3cc(Cl)c2)C)ccc([*])cc1 *C(=O)N1c2ccccc2CCC1|C(*)C(C)C O=C(NCc1ccccc1)c1cccc2ccn(C(=O)N3CCCc4ccccc43)c12 0.3019242 0.3019 -4.9324400 -4.9324 0.2148727 514.0690 0.0000000 7.4051 1.0000000 54.3400 1.0000000 1.0000 1.0000000 3.0000 0.9467598 1.0000 0.9467598 5.0000 0.9237530 37.0000 0.3331099 468.0880 0.8942748 3.1454 1.0000000 1.0000 []
 | 15.5393 21.5418 -21.2704 0.0005429 COc1ccc(C(=O)NC(=O)n2ccc3cc(Cl)cc(C(=O)NC(C)c4ccc(CC(C)(C)C)cc4)c32)cc1 1 c1(C(NC(=O)c2c3n([*])ccc3cc(Cl)c2)C)ccc([*])cc1 *C(=O)NC(=O)c1ccc(OC)cc1|CC(C)(C*)C O=C(NC(=O)n1ccc2cccc(C(=O)NCc3ccccc3)c21)c1ccccc1 0.2792723 0.2793 -3.1732200 -3.1732 0.0141620 546.0670 0.0000000 6.7810 0.9999999 89.4300 1.0000000 1.0000 1.0000000 5.0000 0.5000000 2.0000 0.9090909 6.0000 0.8919391 39.0000 0.1645572 492.3360 0.8954236 3.1348 1.0000000 1.0000 []
 | 11.1664 19.8626 -18.5197 0.0026859 CC(C)c1ccc(C(C)NC(=O)c2cc(Cl)cc3ccn(C(=O)Nc4cccc(Cl)c4)c23)cc1 1 c1(C(NC(=O)c2c3n([*])ccc3cc(Cl)c2)C)ccc([*])cc1 *C(=O)Nc1cc(Cl)ccc1|*C(C)C O=C(NCc1ccccc1)c1cccc2ccn(C(=O)Nc3ccccc3)c12 0.2994851 0.2995 -8.3582100 -8.3582 0.6256859 494.4220 0.0000000 7.6427 1.0000000 63.1300 1.0000000 1.0000 1.0000000 3.0000 0.5000000 2.0000 0.9467598 5.0000 0.9556430 34.0000 0.6773762 430.6720 0.9154361 2.9311 1.0000000 1.0000 []
 | 13.3058 17.0715 -16.9886 0.0001657 CC(NC(=O)c1cc(Cl)cc2ccn(C(=O)Nc3ccc(Cl)c(C(F)(F)F)c3)c12)c1ccc(C(C)(C)C)cc1 1 c1(C(NC(=O)c2c3n([*])ccc3cc(Cl)c2)C)ccc([*])cc1 *C(=O)Nc1ccc(Cl)c(C(F)(F)F)c1|CC(C)(C)* O=C(NCc1ccccc1)c1cccc2ccn(C(=O)Nc3ccccc3)c12 0.2550644 0.2551 -8.2342800 -8.2343 0.0008746 576.4460 0.0000000 8.8356 1.0000000 63.1300 1.0000000 1.0000 1.0000000 3.0000 0.5000000 2.0000 0.9693466 4.0000 0.8919391 39.0000 0.2537841 478.1040 0.8904527 3.1800 1.0000000 1.0000 []
 | 8.5051 16.6247 -15.2178 0.0028139 CC(NC(=O)c1cc(Cl)cc2ccn(C(=O)Nc3ccc(F)cc3)c12)c1ccc(C(C)(C)C)cc1 1 c1(C(NC(=O)c2c3n([*])ccc3cc(Cl)c2)C)ccc([*])cc1 *C(=O)Nc1ccc(F)cc1|CC(C)(C)* O=C(NCc1ccccc1)c1cccc2ccn(C(=O)Nc3ccccc3)c12 0.3142760 0.3143 -6.8774700 -6.8775 0.6764228 491.9940 0.0000000 7.3025 1.0000000 63.1300 1.0000000 1.0000 1.0000000 3.0000 0.5000000 2.0000 0.9693466 4.0000 0.9467598 35.0000 0.6207548 437.1600 0.9141855 2.9451 1.0000000 1.0000 []
 | 12.1140 22.3141 -21.8911 0.0008460 CCCCOc1ccc(NC(=O)n2ccc3cc(Cl)cc(C(=O)NC(C)c4ccc(C(C)C)cc4)c32)cc1 1 c1(C(NC(=O)c2c3n([*])ccc3cc(Cl)c2)C)ccc([*])cc1 *C(=O)Nc1ccc(OCCCC)cc1|CC(C)* O=C(NCc1ccccc1)c1cccc2ccn(C(=O)Nc3ccccc3)c12 0.2138455 0.2138 -0.5830100 -0.5830 0.0494986 532.0840 0.0000000 8.1682 1.0000000 72.3600 1.0000000 1.0000 1.0000000 4.0000 0.5000000 2.0000 0.6400650 9.0000 0.9090909 38.0000 0.1697280 491.3680 0.9103000 2.9872 1.0000000 1.0000 []
 | 9.5275 21.3686 -19.9221 0.0028932 Cc1cccc(NC(=O)n2ccc3cc(Cl)cc(C(=O)NC(C)c4ccc(CC(C)C)cc4)c32)c1 1 c1(C(NC(=O)c2c3n([*])ccc3cc(Cl)c2)C)ccc([*])cc1 *C(=O)Nc1cccc(C)c1|CC(C)C* O=C(NCc1ccccc1)c1cccc2ccn(C(=O)Nc3ccccc3)c12 0.2978786 0.2979 -11.0814200 -11.0814 0.7507068 488.0310 0.0000000 7.3728 1.0000000 63.1300 1.0000000 1.0000 1.0000000 3.0000 0.5000000 2.0000 0.9090909 6.0000 0.9467598 35.0000 0.5149623 448.4400 0.9138680 2.9486 1.0000000 1.0000 []
 | 8.5237 15.7670 -14.0937 0.0033466 CC(C)c1ccc(C(C)NC(=O)c2cc(Cl)cc3ccn(C(=O)Nc4ccccc4)c23)cc1 1 c1(C(NC(=O)c2c3n([*])ccc3cc(Cl)c2)C)ccc([*])cc1 *C(=O)Nc1ccccc1|C(*)(C)C O=C(NCc1ccccc1)c1cccc2ccn(C(=O)Nc3ccccc3)c12 0.3375180 0.3375 -9.2113100 -9.2113 0.9755473 459.9770 0.0000000 6.9893 1.0000000 63.1300 1.0000000 1.0000 1.0000000 3.0000 0.5000000 2.0000 0.9467598 5.0000 0.9631018 33.0000 0.8013010 413.6640 0.9228956 2.8439 1.0000000 1.0000 []
 | 9.9460 16.2978 -16.2978 0.0000000 CC(C)c1ccc(C(C)NC(=O)c2cc(Cl)cc3ccn(C(=O)Nc4ccccc4)c23)cc1 2 c1(C(NC(=O)c2c3n([*])ccc3cc(Cl)c2)C)ccc([*])cc1 *C(=O)Nc1ccccc1|C(C)(*)C O=C(NCc1ccccc1)c1cccc2ccn(C(=O)Nc3ccccc3)c12 0.0000000 0.3375 -0.0000000 -9.2113 0.0000000 459.9770 0.0000000 6.9893 0.0000000 63.1300 0.0000000 1.0000 0.0000000 3.0000 0.0000000 2.0000 0.0000000 5.0000 0.0000000 33.0000 0.0000000 413.6640 0.0000000 2.8439 0.0000000 1.0000 []
