06:38:15 <INFO> Started REINVENT 4.6.22 (C) AstraZeneca 2017, 2023 on 2025-08-17
06:38:15 <INFO> Command line: /home/corey/miniconda3/envs/reinvent4/bin/reinvent -l 2025-08-08_libinvent_herg.log staged_learning.toml
06:38:15 <INFO> Reading run configuration from /home/corey/Documents/comp_chem/generation/2025-08-08_libinvent_herg/staged_learning.toml using format toml
06:38:15 <INFO> User corey on host thetinkerfactory
06:38:15 <INFO> Python version 3.10.18
06:38:15 <INFO> PyTorch version 2.7.1+cu128, git e2d141dbde55c2a4370fac5165b0561b6af4798b
06:38:15 <INFO> PyTorch compiled with CUDA version 12.8
06:38:15 <INFO> RDKit version 2025.03.3
06:38:15 <INFO> Platform Linux-6.14.0-27-generic-x86_64-with-glibc2.41
06:38:15 <INFO> CUDA driver version 570.153.02
06:38:15 <INFO> Number of PyTorch CUDA devices 1
06:38:15 <WARN> 'use_cuda' is deprecated, use 'device' instead
06:38:15 <INFO> Using CUDA device:0 NVIDIA GeForce RTX 5070 Laptop GPU
06:38:15 <INFO> GPU memory: 7572 MiB free, 7716 MiB total
06:38:15 <INFO> Writing TensorBoard summary to /home/corey/Documents/comp_chem/generation/2025-08-08_libinvent_herg/tb_logs
06:38:15 <INFO> Writing JSON config file to /home/corey/Documents/comp_chem/generation/2025-08-08_libinvent_herg/_staged_learning.json
06:38:15 <INFO> Starting 1 stage of Reinforcement Learning
06:38:15 <INFO> /home/corey/software/REINVENT4/priors/libinvent.prior has valid hash:
{ 'comments': [],
  'creation_date': 0,
  'date_format': 'UNIX epoch',
  'hash_id': '99944413c8f0b152c2bca0dca31aa6d3',
  'hash_id_format': 'xxhash.xxh3_128_hex 3.4.1',
  'model_id': '558e4fbd038c4b0ba67b03a025e657c4',
  'model_id_format': 'uuid.uuid4 3.10.12',
  'origina_data_source': 'ChEMBL 27',
  'updates': []}
06:38:15 <INFO> Number of network parameters: 23,686,692
06:38:15 <INFO> Network architecture:
Decorator(
  (_encoder): Encoder(
    (_embedding): Sequential(
      (0): Embedding(38, 512)
      (1): Dropout(p=0.2, inplace=False)
    )
    (_rnn): LSTM(512, 512, num_layers=3, batch_first=True, dropout=0.2, bidirectional=True)
  )
  (_decoder): Decoder(
    (_embedding): Sequential(
      (0): Embedding(36, 512)
      (1): Dropout(p=0.2, inplace=False)
    )
    (_rnn): LSTM(512, 512, num_layers=3, batch_first=True, dropout=0.2)
    (_attention): AttentionLayer(
      (_attention_linear): Sequential(
        (0): Linear(in_features=1024, out_features=512, bias=True)
        (1): Tanh()
      )
    )
    (_linear): Linear(in_features=512, out_features=36, bias=True)
  )
)
06:38:15 <INFO> /home/corey/software/REINVENT4/priors/libinvent.prior has valid hash:
{ 'comments': [],
  'creation_date': 0,
  'date_format': 'UNIX epoch',
  'hash_id': '99944413c8f0b152c2bca0dca31aa6d3',
  'hash_id_format': 'xxhash.xxh3_128_hex 3.4.1',
  'model_id': '558e4fbd038c4b0ba67b03a025e657c4',
  'model_id_format': 'uuid.uuid4 3.10.12',
  'origina_data_source': 'ChEMBL 27',
  'updates': []}
06:38:15 <INFO> Number of network parameters: 23,686,692
06:38:15 <INFO> Network architecture:
Decorator(
  (_encoder): Encoder(
    (_embedding): Sequential(
      (0): Embedding(38, 512)
      (1): Dropout(p=0.2, inplace=False)
    )
    (_rnn): LSTM(512, 512, num_layers=3, batch_first=True, dropout=0.2, bidirectional=True)
  )
  (_decoder): Decoder(
    (_embedding): Sequential(
      (0): Embedding(36, 512)
      (1): Dropout(p=0.2, inplace=False)
    )
    (_rnn): LSTM(512, 512, num_layers=3, batch_first=True, dropout=0.2)
    (_attention): AttentionLayer(
      (_attention_linear): Sequential(
        (0): Linear(in_features=1024, out_features=512, bias=True)
        (1): Tanh()
      )
    )
    (_linear): Linear(in_features=512, out_features=36, bias=True)
  )
)
06:38:15 <INFO> Using generator Libinvent
06:38:15 <INFO> Prior read from /home/corey/software/REINVENT4/priors/libinvent.prior
06:38:15 <INFO> Agent read from /home/corey/software/REINVENT4/priors/libinvent.prior
06:38:15 <INFO> Input molecules/fragments read from file scaffolds.smi
06:38:15 <INFO> Using reward strategy dap
06:38:15 <INFO> Using diversity filter IdenticalMurckoScaffold
06:38:15 <INFO> Diversity filter memories are retained between stages
06:38:16 <INFO> Registered scoring component ROCSSimilarity
06:38:16 <INFO> Registered scoring component GroupCount
06:38:16 <INFO> Registered scoring component FragmentQed
06:38:16 <INFO> Registered scoring component FragmentSlogP
06:38:16 <INFO> Registered scoring component FragmentMolecularWeight
06:38:16 <INFO> Registered scoring component FragmentTPSA
06:38:16 <INFO> Registered scoring component FragmentDistanceMatrix
06:38:16 <INFO> Registered scoring component FragmentNumAtomStereoCenters
06:38:16 <INFO> Registered scoring component FragmentHBondAcceptors
06:38:16 <INFO> Registered scoring component FragmentHBondDonors
06:38:16 <INFO> Registered scoring component FragmentNumRotBond
06:38:16 <INFO> Registered scoring component FragmentCsp3
06:38:16 <INFO> Registered scoring component Fragmentnumsp
06:38:16 <INFO> Registered scoring component Fragmentnumsp2
06:38:16 <INFO> Registered scoring component Fragmentnumsp3
06:38:16 <INFO> Registered scoring component FragmentEffectiveLength
06:38:16 <INFO> Registered scoring component FragmentGraphLength
06:38:16 <INFO> Registered scoring component FragmentLengthRatio
06:38:16 <INFO> Registered scoring component FragmentNumHeavyAtoms
06:38:16 <INFO> Registered scoring component FragmentNumHeteroAtoms
06:38:16 <INFO> Registered scoring component FragmentNumRings
06:38:16 <INFO> Registered scoring component FragmentNumAromaticRings
06:38:16 <INFO> Registered scoring component FragmentNumAliphaticRings
06:38:16 <INFO> Registered scoring component FragmentSlogP
06:38:16 <INFO> Registered scoring component MatchingSubstructure
06:38:16 <INFO> Registered scoring component MolVolume
06:38:16 <INFO> Registered scoring component Qed
06:38:16 <INFO> Registered scoring component LargestRingSize
06:38:16 <INFO> Registered scoring component MolecularWeight
06:38:16 <INFO> Registered scoring component GraphLength
06:38:16 <INFO> Registered scoring component NumAtomStereoCenters
06:38:16 <INFO> Registered scoring component HBondAcceptors
06:38:16 <INFO> Registered scoring component HBondDonors
06:38:16 <INFO> Registered scoring component NumRotBond
06:38:16 <INFO> Registered scoring component Csp3
06:38:16 <INFO> Registered scoring component numsp
06:38:16 <INFO> Registered scoring component numsp2
06:38:16 <INFO> Registered scoring component numsp3
06:38:16 <INFO> Registered scoring component NumHeavyAtoms
06:38:16 <INFO> Registered scoring component NumHeteroAtoms
06:38:16 <INFO> Registered scoring component NumRings
06:38:16 <INFO> Registered scoring component NumAromaticRings
06:38:16 <INFO> Registered scoring component NumAliphaticRings
06:38:16 <INFO> Registered scoring component SlogP
06:38:16 <INFO> Registered scoring component LargestRingSize
06:38:16 <INFO> Registered scoring component PMI
06:38:16 <INFO> Registered scoring component RDKitDescriptors
06:38:16 <INFO> Registered scoring component TanimotoSimilarity
06:38:16 <INFO> Registered scoring component TanimotoDistance
06:38:16 <INFO> Registered scoring component TPSA
06:38:16 <INFO> Registered scoring component SAScore
06:38:16 <INFO> Registered scoring component Cazp
06:38:16 <INFO> Registered scoring component ChemProp
06:38:16 <INFO> Registered scoring component CustomAlerts
06:38:16 <INFO> Registered scoring component DockStream
06:38:16 <INFO> Registered scoring component ExternalProcess
06:38:16 <INFO> Registered scoring component REST
06:38:16 <INFO> Registered scoring component Herg
06:38:16 <INFO> Registered scoring component Icolos
06:38:16 <INFO> Registered scoring component Maize
06:38:16 <INFO> Registered scoring component MMP
06:38:16 <INFO> Registered scoring component Qptuna
06:38:16 <INFO> Registered scoring component ReactionFilter
06:38:16 <INFO> Registered scoring component RingPrecedence
06:38:16 <INFO> Creating scoring component QED
06:38:16 <INFO> Creating scoring component Maize
06:38:16 <INFO> Creating filter component custom_alerts
06:38:16 <INFO> Creating scoring component MolecularWeight
06:38:16 <INFO> Creating scoring component SlogP
06:38:16 <INFO> Creating scoring component TPSA
06:38:16 <INFO> Creating scoring component NumAtomStereoCenters
06:38:16 <INFO> Creating scoring component HBondAcceptors
06:38:16 <INFO> Creating scoring component HBondDonors
06:38:16 <INFO> Creating scoring component NumRotBond
06:38:16 <INFO> Creating scoring component NumHeavyAtoms
06:38:16 <INFO> Creating scoring component MolVolume
06:38:16 <INFO> Creating scoring component SAScore
06:38:16 <INFO> Creating scoring component HBondAcceptors
06:38:16 <INFO> Loading hERG GCN model from /home/corey/Documents/comp_chem/ml/adme_models/herg/herg_gnn.pt on cuda
06:38:16 <INFO> Creating scoring component herg
06:38:16 <INFO> Writing tabular data for stage to staged_learning_1.csv
06:38:16 <INFO> Starting stage 1 <<<
06:38:16 <INFO> Current GPU memory usage: 548 MiB used, 7168 MiB free
06:40:42 <INFO> SMILES: CC(=O)n1ccc2cc(Cl)cc(C(=O)NC(C)c3ccc(C(C)(C)Cn4ccnc4)cc3)c21 | Score: 0.536342978477478 | Type: <class 'float'>
06:40:42 <INFO> SMILES: CC(=O)n1ccc2cc(Cl)cc(C(=O)NC(C)c3ccc(C(C)C)cc3)c21 | Score: 0.523260235786438 | Type: <class 'float'>
06:40:42 <INFO> SMILES: CC(=O)n1ccc2cc(Cl)cc(C(=O)NC(C)c3ccc(C(C)(C)C)cc3)c21 | Score: 0.6820260882377625 | Type: <class 'float'>
06:40:42 <INFO> SMILES: CC(=O)n1ccc2cc(Cl)cc(C(=O)NC(C)c3ccc(-c4ccc(Cl)c(Cl)c4)cc3)c21 | Score: 0.7471575140953064 | Type: <class 'float'>
06:40:42 <INFO> SMILES: CNC(=O)n1ccc2cc(Cl)cc(C(=O)NC(C)c3ccc(C(C)(C)C)cc3)c21 | Score: 0.6183278560638428 | Type: <class 'float'>
06:40:42 <INFO> SMILES: CC(NC(=O)c1cc(Cl)cc2ccn(C(=O)c3ccccc3)c12)c1ccc(-c2ccccc2)cc1 | Score: 0.7658492922782898 | Type: <class 'float'>
06:40:42 <INFO> SMILES: CC(=O)n1ccc2cc(Cl)cc(C(=O)NC(C)c3ccc(N4CCOCC4)cc3)c21 | Score: 0.2838633060455322 | Type: <class 'float'>
06:40:42 <INFO> SMILES: CC(=O)n1ccc2cc(Cl)cc(C(=O)NC(C)c3ccc(-c4nnn(CCN5CCOCC5)n4)cc3)c21 | Score: 0.6380090117454529 | Type: <class 'float'>
06:40:42 <INFO> SMILES: CC(=O)n1ccc2cc(Cl)cc(C(=O)NC(C)c3ccc(OCc4ccccc4)cc3)c21 | Score: 0.6406411528587341 | Type: <class 'float'>
06:40:42 <INFO> SMILES: CC(=O)n1ccc2cc(Cl)cc(C(=O)NC(C)c3ccc(C(F)(F)F)cc3)c21 | Score: 0.6741301417350769 | Type: <class 'float'>
06:40:42 <INFO> SMILES: CC(=O)n1ccc2cc(Cl)cc(C(=O)NC(C)c3ccc(C)cc3)c21 | Score: 0.5462338328361511 | Type: <class 'float'>
06:40:42 <INFO> SMILES: CC(=O)n1ccc2cc(Cl)cc(C(=O)NC(C)c3ccc(N4CCN(C)CC4)cc3)c21 | Score: 0.6555917263031006 | Type: <class 'float'>
06:40:42 <INFO> SMILES: CC(=O)n1ccc2cc(Cl)cc(C(=O)NC(C)c3ccc(-c4ccc(Cl)cc4)cc3)c21 | Score: 0.6691970229148865 | Type: <class 'float'>
06:40:42 <INFO> SMILES: CC(NC(=O)c1cc(Cl)cc2ccn(C(=O)CCl)c12)c1ccc(N2CCOCC2)cc1 | Score: 0.5681217908859253 | Type: <class 'float'>
06:40:42 <INFO> SMILES: CC(=O)n1ccc2cc(Cl)cc(C(=O)NC(C)c3ccc(-c4ccc(F)nc4)cc3)c21 | Score: 0.48489198088645935 | Type: <class 'float'>
06:40:42 <INFO> SMILES: CC(=O)n1ccc2cc(Cl)cc(C(=O)NC(C)c3ccc(-c4ccccc4)cc3)c21 | Score: 0.5481240749359131 | Type: <class 'float'>
06:40:42 <INFO> SMILES: CC(NC(=O)c1cc(Cl)cc2ccn(C(=O)NC(C)(C)C)c12)c1ccc(-c2ccccc2)cc1 | Score: 0.7148619890213013 | Type: <class 'float'>
06:40:42 <INFO> SMILES: COc1ccc(-c2ccc(C(C)NC(=O)c3cc(Cl)cc4ccn(C(=O)N(C)C)c34)cc2)cn1 | Score: 0.7171321511268616 | Type: <class 'float'>
06:40:42 <INFO> SMILES: CNC(=O)n1ccc2cc(Cl)cc(C(=O)NC(C)c3ccc(C)cc3)c21 | Score: 0.47368890047073364 | Type: <class 'float'>
06:40:42 <INFO> SMILES: CC(NC(=O)c1cc(Cl)cc2ccn(C(=O)c3cccn3C)c12)c1ccc(N2CCOCC2)cc1 | Score: 0.42092350125312805 | Type: <class 'float'>
06:40:42 <INFO> SMILES: CCNC(=O)n1ccc2cc(Cl)cc(C(=O)NC(C)c3ccc(C)cc3)c21 | Score: 0.597489595413208 | Type: <class 'float'>
06:40:42 <INFO> SMILES: CC(=O)n1ccc2cc(Cl)cc(C(=O)NC(C)c3ccc(NC(C)C(=O)N4CCOCC4)cc3)c21 | Score: 0.04525335878133774 | Type: <class 'float'>
06:40:42 <INFO> SMILES: CCc1ccc(C(C)NC(=O)c2cc(Cl)cc3ccn(C(=O)NCc4ccccc4)c23)cc1 | Score: 0.771857738494873 | Type: <class 'float'>
06:40:42 <INFO> SMILES: CC(=O)n1ccc2cc(Cl)cc(C(=O)NC(C)c3ccc(N4CCCN(C)CC4)cc3)c21 | Score: 0.7228231430053711 | Type: <class 'float'>
06:40:42 <INFO> SMILES: COc1cccc(-c2ccc(C(C)NC(=O)c3cc(Cl)cc4ccn(C(C)=O)c34)cc2)c1 | Score: 0.5274201035499573 | Type: <class 'float'>
06:40:42 <INFO> SMILES: CCNC(=O)n1ccc2cc(Cl)cc(C(=O)NC(C)c3ccc(N4CCOCC4)cc3)c21 | Score: 0.3364527225494385 | Type: <class 'float'>
06:40:42 <INFO> SMILES: CC(NC(=O)c1cc(Cl)cc2ccn(C(=O)c3ccc(Br)cc3)c12)c1ccc(-c2ccccc2)cc1 | Score: 0.7794167995452881 | Type: <class 'float'>
06:40:42 <INFO> SMILES: COc1ccc2[nH]nc(-c3ccc(C(C)NC(=O)c4cc(Cl)cc5ccn(C(=O)c6ccccc6)c45)cc3)c2c1 | Score: 0.7442328333854675 | Type: <class 'float'>
06:40:42 <INFO> SMILES: CC(NC(=O)c1cc(Cl)cc2ccn(C(=O)C(C)(C)c3ccccc3)c12)c1ccc(-c2ccccc2)cc1 | Score: 0.8229137063026428 | Type: <class 'float'>
06:40:42 <INFO> SMILES: CC(NC(=O)c1cc(Cl)cc2ccn(C(=O)c3ccccc3)c12)c1ccc(-c2c[nH]nn2)cc1 | Score: 0.7732046246528625 | Type: <class 'float'>
06:40:43 <INFO> Score: 0.00 Agent NLL: 12.45 Valid: 100% Step: 1
 | Agent Prior Target Score SMILES SMILES_state Input_Scaffold R-groups Scaffold QED QED (raw) gnina score gnina score (raw) MW MW (raw) SlogP (RDKit) SlogP (RDKit) (raw) TPSA TPSA (raw) Number of stereo centers Number of stereo centers (raw) Number of HB acceptors (Lipinski) Number of HB acceptors (Lipinski) (raw) Number of HB donors (Lipinski) Number of HB donors (Lipinski) (raw) Number of rotatable bonds Number of rotatable bonds (raw) Number of Heavy atoms Number of Heavy atoms (raw) Molecular Volume (RDKit) Molecular Volume (RDKit) (raw) SA score SA score (raw) Number of HB acceptors (Lipinski) Number of HB acceptors (Lipinski) (raw) herg inactive herg inactive (raw) Alerts Alerts (raw) matching_patterns (Alerts)
 | 22.5675 20.0446 -18.9446 0.0022002 CC(=O)n1ccc2cc(Cl)cc(C(=O)NC(C)c3ccc(C(C)(C)Cn4ccnc4)cc3)c21 1 c1cc(C(NC(=O)c2cc(Cl)cc3ccn([*])c23)C)ccc1[*] *C(=O)C|C(C(C)(*)C)n1cncc1 O=C(NCc1ccc(CCn2ccnc2)cc1)c1cccc2cc[nH]c12 0.4039846 0.4040 -8.5404300 -8.5404 0.9680025 462.9810 0.0000000 5.6201 1.0000000 68.9200 1.0000000 1.0000 1.0000000 5.0000 0.9467598 1.0000 0.9090909 6.0000 0.9631018 33.0000 0.7802875 416.9760 0.8753809 3.3068 1.0000000 5.0000 0.0002320 0.5363 1.0000000 1.0000 []
 | 11.6644 10.9098 -8.8210 0.0041776 CC(=O)n1ccc2cc(Cl)cc(C(=O)NC(C)c3ccc(C(C)C)cc3)c21 1 c1cc(C(NC(=O)c2cc(Cl)cc3ccn([*])c23)C)ccc1[*] *C(=O)C|C(C)(*)C O=C(NCc1ccccc1)c1cccc2cc[nH]c12 0.6408679 0.6409 -7.6236500 -7.6236 0.9999793 382.8910 0.0000000 5.5692 1.0000000 51.1000 1.0000000 1.0000 1.0000000 3.0000 0.9467598 1.0000 0.9693466 4.0000 0.9880297 27.0000 0.9806253 347.7440 0.9228812 2.8440 1.0000000 3.0000 0.0046982 0.5233 1.0000000 1.0000 []
 | 7.6347 7.4444 -7.2270 0.0004348 CC(=O)n1ccc2cc(Cl)cc(C(=O)NC(C)c3ccc(C(C)(C)C)cc3)c21 1 c1cc(C(NC(=O)c2cc(Cl)cc3ccn([*])c23)C)ccc1[*] *C(=O)C|CC(C)(*)C O=C(NCc1ccccc1)c1cccc2cc[nH]c12 0.6129085 0.6129 -7.1264600 -7.1265 0.9999247 396.9180 0.0000000 5.7433 1.0000000 51.1000 1.0000000 1.0000 1.0000000 3.0000 0.9467598 1.0000 0.9825279 3.0000 0.9855343 28.0000 0.9636542 364.5920 0.9191686 2.8884 1.0000000 3.0000 0.0000000 0.6820 1.0000000 1.0000 []
 | 12.8400 12.8421 -12.6701 0.0003440 CC(=O)n1ccc2cc(Cl)cc(C(=O)NC(C)c3ccc(-c4ccc(Cl)c(Cl)c4)cc3)c21 1 c1cc(C(NC(=O)c2cc(Cl)cc3ccn([*])c23)C)ccc1[*] *C(=O)C|c1(Cl)cc(*)ccc1Cl O=C(NCc1ccc(-c2ccccc2)cc1)c1cccc2cc[nH]c12 0.3268326 0.3268 -7.7173700 -7.7174 0.7871870 485.7980 0.0000000 7.4196 1.0000000 51.1000 1.0000000 1.0000 1.0000000 3.0000 0.9467598 1.0000 0.9693466 4.0000 0.9693466 32.0000 0.8682252 400.8720 0.9192995 2.8868 1.0000000 3.0000 0.0000000 0.7472 1.0000000 1.0000 []
 | 11.5203 12.1881 -11.9705 0.0004354 CNC(=O)n1ccc2cc(Cl)cc(C(=O)NC(C)c3ccc(C(C)(C)C)cc3)c21 1 c1cc(C(NC(=O)c2cc(Cl)cc3ccn([*])c23)C)ccc1[*] *C(=O)NC|C(C)(C)(C)* O=C(NCc1ccccc1)c1cccc2cc[nH]c12 0.6161315 0.6161 -6.4697900 -6.4698 0.9997000 411.9330 0.0000000 5.2707 1.0000000 63.1300 1.0000000 1.0000 1.0000000 3.0000 0.5000000 2.0000 0.9825279 3.0000 0.9825279 29.0000 0.9440020 376.3920 0.9089600 3.0014 1.0000000 3.0000 0.0000000 0.6183 1.0000000 1.0000 []
 | 10.9274 10.0679 -10.0679 0.0000000 CC(NC(=O)c1cc(Cl)cc2ccn(C(N)=O)c12)c1ccc(N)cc1 1 c1cc(C(NC(=O)c2cc(Cl)cc3ccn([*])c23)C)ccc1[*] *C(=O)N|*N O=C(NCc1ccccc1)c1cccc2cc[nH]c12 0.0000000 0.0000 0.0000000 0.0000 0.0000000 0.0000 0.0000000 0.0000 0.0000000 0.0000 0.0000000 0.0000 0.0000000 0.0000 0.0000000 0.0000 0.0000000 0.0000 0.0000000 0.0000 0.0000000 0.0000 0.0000000 0.0000 0.0000000 0.0000 0.0000000 0.0000 0.0000000 0.0000 ['[NH2]']
 | 8.1600 9.7713 -9.7713 0.0000000 CC(NC(=O)c1cc(Cl)cc2ccn(C(N)=O)c12)c1ccc(N2CCOCC2)cc1 1 c1cc(C(NC(=O)c2cc(Cl)cc3ccn([*])c23)C)ccc1[*] *C(=O)N|*N1CCOCC1 O=C(NCc1ccc(N2CCOCC2)cc1)c1cccc2cc[nH]c12 0.0000000 0.0000 0.0000000 0.0000 0.0000000 0.0000 0.0000000 0.0000 0.0000000 0.0000 0.0000000 0.0000 0.0000000 0.0000 0.0000000 0.0000 0.0000000 0.0000 0.0000000 0.0000 0.0000000 0.0000 0.0000000 0.0000 0.0000000 0.0000 0.0000000 0.0000 0.0000000 0.0000 ['[NH2]']
 | 6.2959 6.6107 -6.6107 0.0000000 Cc1ccc(C(C)NC(=O)c2cc(Cl)cc3ccn(C(N)=O)c23)cc1 1 c1cc(C(NC(=O)c2cc(Cl)cc3ccn([*])c23)C)ccc1[*] *C(=O)N|C* O=C(NCc1ccccc1)c1cccc2cc[nH]c12 0.0000000 0.0000 0.0000000 0.0000 0.0000000 0.0000 0.0000000 0.0000 0.0000000 0.0000 0.0000000 0.0000 0.0000000 0.0000 0.0000000 0.0000 0.0000000 0.0000 0.0000000 0.0000 0.0000000 0.0000 0.0000000 0.0000 0.0000000 0.0000 0.0000000 0.0000 0.0000000 0.0000 ['[NH2]']
 | 5.5141 5.4917 -5.4917 0.0000000 Cc1ccc(C(C)NC(=O)c2cc(Cl)cc3ccn(C(=O)OC(C)(C)C)c23)cc1 1 c1cc(C(NC(=O)c2cc(Cl)cc3ccn([*])c23)C)ccc1[*] *C(=O)OC(C)(C)C|*C O=C(NCc1ccccc1)c1cccc2cc[nH]c12 0.0000000 0.0000 0.0000000 0.0000 0.0000000 0.0000 0.0000000 0.0000 0.0000000 0.0000 0.0000000 0.0000 0.0000000 0.0000 0.0000000 0.0000 0.0000000 0.0000 0.0000000 0.0000 0.0000000 0.0000 0.0000000 0.0000 0.0000000 0.0000 0.0000000 0.0000 0.0000000 0.0000 ['C(=[O,S])[O,S]']
 | 8.0151 8.1618 -8.1618 0.0000000 CC(NC(=O)c1cc(Cl)cc2ccn(C(=O)OC(C)(C)C)c12)c1ccc(-c2ccccc2)cc1 1 c1cc(C(NC(=O)c2cc(Cl)cc3ccn([*])c23)C)ccc1[*] *C(=O)OC(C)(C)C|*c1ccccc1 O=C(NCc1ccc(-c2ccccc2)cc1)c1cccc2cc[nH]c12 0.0000000 0.0000 0.0000000 0.0000 0.0000000 0.0000 0.0000000 0.0000 0.0000000 0.0000 0.0000000 0.0000 0.0000000 0.0000 0.0000000 0.0000 0.0000000 0.0000 0.0000000 0.0000 0.0000000 0.0000 0.0000000 0.0000 0.0000000 0.0000 0.0000000 0.0000 0.0000000 0.0000 ['C(=[O,S])[O,S]']
06:46:17 <INFO> SMILES: CC(=O)n1ccc2cc(Cl)cc(C(=O)NC(C)c3ccc(-c4cccc(Cl)c4)cc3)c21 | Score: 0.6707417964935303 | Type: <class 'float'>
06:46:17 <INFO> SMILES: COc1cccc(-c2ccc(C(C)NC(=O)c3cc(Cl)cc4ccn(C(C)=O)c34)cc2)n1 | Score: 0.6816866993904114 | Type: <class 'float'>
06:46:17 <INFO> SMILES: CC(NC(=O)c1cc(Cl)cc2ccn(C(=O)NC3CCS(=O)(=O)C3)c12)c1ccc(N2CCOCC2)cc1 | Score: 0.0009552352130413055 | Type: <class 'float'>
06:46:17 <INFO> SMILES: CC(NC(=O)c1cc(Cl)cc2ccn(C(=O)c3ccccc3C(=O)c3ccccc3)c12)c1ccc(C(F)(F)F)cc1 | Score: 0.995098888874054 | Type: <class 'float'>
06:46:17 <INFO> SMILES: CC(=O)N1CCSCC1CNc1ccc(C(C)NC(=O)c2cc(Cl)cc3ccn(C(C)=O)c23)cc1 | Score: 0.4149174392223358 | Type: <class 'float'>
06:46:17 <INFO> SMILES: CC(=O)n1ccc2cc(Cl)cc(C(=O)NC(C)c3ccc(-c4ccncc4)cc3)c21 | Score: 0.3385186791419983 | Type: <class 'float'>
06:46:17 <INFO> SMILES: CC(NC(=O)c1cc(Cl)cc2ccn(C(=O)NC(=O)CCc3ccccc3)c12)c1ccc(-c2ccccc2)cc1 | Score: 0.7585197687149048 | Type: <class 'float'>
06:46:17 <INFO> SMILES: CC(NC(=O)c1cc(Cl)cc2ccn(C(=O)Nc3ccccc3)c12)c1ccc(C(F)(F)F)cc1 | Score: 0.8465467095375061 | Type: <class 'float'>
06:46:17 <INFO> SMILES: CC(=O)n1ccc2cc(Cl)cc(C(=O)NC(C)c3ccc(-c4ccccc4CCC(=O)NS(C)(=O)=O)cc3)c21 | Score: 0.8052067160606384 | Type: <class 'float'>
06:46:17 <INFO> SMILES: COc1cc2ncnc(Nc3ccc(C(C)NC(=O)c4cc(Cl)cc5ccn(C(C)=O)c45)cc3)c2cc1OC1CCNCC1 | Score: 0.7616089582443237 | Type: <class 'float'>
06:46:17 <INFO> SMILES: CC(=O)n1ccc2cc(Cl)cc(C(=O)NC(C)c3ccc(-c4nnn[nH]4)cc3)c21 | Score: 0.5950480699539185 | Type: <class 'float'>
06:46:17 <INFO> SMILES: CC(=O)n1ccc2cc(Cl)cc(C(=O)NC(C)c3ccc(N(C)C)cc3)c21 | Score: 0.06401856988668442 | Type: <class 'float'>
06:46:17 <INFO> SMILES: CNC(=O)c1cccc(-c2ccc(C(C)NC(=O)c3cc(Cl)cc4ccn(C(C)=O)c34)cc2)c1 | Score: 0.331268846988678 | Type: <class 'float'>
06:46:17 <INFO> SMILES: Cc1ccc(C(C)NC(=O)c2cc(Cl)cc3ccn(C(=O)C(Cl)Cl)c23)cc1 | Score: 0.9356247782707214 | Type: <class 'float'>
06:46:17 <INFO> SMILES: CC(NC(=O)c1cc(Cl)cc2ccn(C(=O)NCCN(C)C)c12)c1ccc(Cn2ccc3ccc(Cl)nc32)cc1 | Score: 0.684790849685669 | Type: <class 'float'>
06:46:17 <INFO> SMILES: CC(C)NC(=O)n1ccc2cc(Cl)cc(C(=O)NC(C)c3ccc(Nc4ccccc4)cc3)c21 | Score: 0.7059206366539001 | Type: <class 'float'>
06:46:17 <INFO> SMILES: CNC(=O)n1ccc2cc(Cl)cc(C(=O)NC(C)c3ccc(CC4CCN(C(C)C)CC4)cc3)c21 | Score: 0.6715042591094971 | Type: <class 'float'>
06:46:17 <INFO> SMILES: CCNC(=O)n1ccc2cc(Cl)cc(C(=O)NC(C)c3ccc(N(C)C)cc3)c21 | Score: 0.09199310094118118 | Type: <class 'float'>
06:46:17 <INFO> SMILES: CC(NC(=O)c1cc(Cl)cc2ccn(C(=O)NCc3ccccc3)c12)c1ccc(C(C)(C)C)cc1 | Score: 0.8513213396072388 | Type: <class 'float'>
06:46:17 <INFO> SMILES: CC(NC(=O)c1cc(Cl)cc2ccn(C(=O)C3CC3)c12)c1ccc(N2CCOCC2)cc1 | Score: 0.5287110805511475 | Type: <class 'float'>
06:46:17 <INFO> SMILES: CC(=O)n1ccc2cc(Cl)cc(C(=O)NC(C)c3ccc(N4CCN(CCn5ccnc5)CC4)cc3)c21 | Score: 0.6144052743911743 | Type: <class 'float'>
06:46:17 <INFO> SMILES: CC(=O)n1ccc2cc(Cl)cc(C(=O)NC(C)c3ccc(CCN4CCOCC4)cc3)c21 | Score: 0.6585632562637329 | Type: <class 'float'>
06:46:17 <INFO> SMILES: CC(=O)n1ccc2cc(Cl)cc(C(=O)NC(C)c3ccc(Cn4ccnc4)cc3)c21 | Score: 0.4056253433227539 | Type: <class 'float'>
06:46:17 <INFO> SMILES: COc1cnc(-c2ccc(C(C)NC(=O)c3cc(Cl)cc4ccn(C(=O)C(C)(C)C)c34)cc2)cn1 | Score: 0.8958646655082703 | Type: <class 'float'>
06:46:17 <INFO> SMILES: CC(NC(=O)c1cc(Cl)cc2ccn(C(=O)NC(C)(C)C)c12)c1ccc(C(F)(F)F)cc1 | Score: 0.8071497678756714 | Type: <class 'float'>
06:46:17 <INFO> SMILES: CC(NC(=O)c1cc(Cl)cc2ccn(C(=O)NC(C)(C)C)c12)c1ccc(Cn2ccccc2=O)cc1 | Score: 0.45524680614471436 | Type: <class 'float'>
06:46:17 <INFO> SMILES: CC(NC(=O)c1cc(Cl)cc2ccn(C(=O)C(C)c3ccccc3)c12)c1ccc(-c2ccccc2)cc1 | Score: 0.7522523999214172 | Type: <class 'float'>
06:46:17 <INFO> SMILES: CNC(=O)n1ccc2cc(Cl)cc(C(=O)NC(C)c3ccc(N4CCOCC4)cc3)c21 | Score: 0.24352556467056274 | Type: <class 'float'>
06:46:17 <INFO> SMILES: CC(=O)n1ccc2cc(Cl)cc(C(=O)NC(C)c3ccc(N4CCNCC4)cc3)c21 | Score: 0.5531352758407593 | Type: <class 'float'>
06:46:17 <INFO> SMILES: CC(=O)n1ccc2cc(Cl)cc(C(=O)NC(C)c3ccc(-c4nc5ccccc5n4CCN4CCN(C)CC4)cc3)c21 | Score: 0.6302852630615234 | Type: <class 'float'>
06:46:17 <INFO> SMILES: CC(=O)n1ccc2cc(Cl)cc(C(=O)NC(C)c3ccc(-c4cccnc4Cl)cc3)c21 | Score: 0.355216383934021 | Type: <class 'float'>
06:46:17 <INFO> SMILES: Cc1ccc(C(C)NC(=O)c2cc(Cl)cc3ccn(C(=O)c4ccccc4)c23)cc1 | Score: 0.7931444048881531 | Type: <class 'float'>
06:46:17 <INFO> SMILES: CC(=O)NC(C)(C)C(=O)n1ccc2cc(Cl)cc(C(=O)NC(C)c3ccc(-c4ccccc4)cc3)c21 | Score: 0.644939661026001 | Type: <class 'float'>
06:46:17 <INFO> SMILES: C=CC(=O)n1ccc2cc(Cl)cc(C(=O)NC(C)c3ccc(Cn4ccnn4)cc3)c21 | Score: 0.8291968703269958 | Type: <class 'float'>
06:46:17 <INFO> SMILES: CC(NC(=O)c1cc(Cl)cc2ccn(C(=O)N(CC(=O)N(C)C)c3ccccc3)c12)c1ccc(N2CCOCC2)cc1 | Score: 0.4222237467765808 | Type: <class 'float'>
06:46:17 <INFO> SMILES: CC(NC(=O)c1cc(Cl)cc2ccn(C(=O)NC(C)(C)C)c12)c1ccc(N2CCOCC2)cc1 | Score: 0.4830636978149414 | Type: <class 'float'>
06:46:17 <INFO> SMILES: CC(NC(=O)c1cc(Cl)cc2ccn(C(=O)NC(C)c3cccnc3)c12)c1ccc(-c2ccc(C#N)cc2)cc1 | Score: 0.4973909556865692 | Type: <class 'float'>
06:46:17 <INFO> SMILES: CCNC(=O)n1ccc2cc(Cl)cc(C(=O)NC(C)c3ccc(-c4cccc(Cl)c4OCC4COCCO4)cc3)c21 | Score: 0.7223072648048401 | Type: <class 'float'>
06:46:17 <INFO> SMILES: Cc1ccc(C(C)NC(=O)c2cc(Cl)cc3ccn(C(=O)c4cc(Cl)ccc4CN(C)C)c23)cc1 | Score: 0.8987129330635071 | Type: <class 'float'>
06:46:17 <INFO> SMILES: CC(NC(=O)c1cc(Cl)cc2ccn(C(=O)c3ccccc3Cl)c12)c1ccc(N2CCN(C)CC2)cc1 | Score: 0.8650623559951782 | Type: <class 'float'>
06:46:17 <INFO> SMILES: CC(NC(=O)c1cc(Cl)cc2ccn(C(=O)c3ccc(CN4CCCC4=O)cc3)c12)c1ccc(-c2nnn[nH]2)cc1 | Score: 0.35618856549263 | Type: <class 'float'>
06:46:17 <INFO> SMILES: COc1ccc(-c2ccc(C(C)NC(=O)c3cc(Cl)cc4ccn(C(=O)c5cccc(OCCCNS(=O)(=O)c6cc(OC)ccc6OC)c5)c34)cc2)cc1 | Score: 0.8152688145637512 | Type: <class 'float'>
06:46:17 <INFO> SMILES: CC(NC(=O)c1cc(Cl)cc2ccn(C(=O)c3cccnc3Cl)c12)c1ccc(N2CCOCC2)cc1 | Score: 0.3595111072063446 | Type: <class 'float'>
06:46:17 <INFO> SMILES: CNC(=O)c1ccc(C(=O)n2ccc3cc(Cl)cc(C(=O)NC(C)c4ccc(C(C)(C)C)cc4)c32)cc1 | Score: 0.6756852865219116 | Type: <class 'float'>
06:46:17 <INFO> SMILES: CC(NC(=O)c1cc(Cl)cc2ccn(C(=O)c3ccc(N(C)C)cc3)c12)c1ccc(-c2ccccc2)cc1 | Score: 0.33438560366630554 | Type: <class 'float'>
06:46:17 <INFO> SMILES: Cc1ccc(C(C)NC(=O)c2cc(Cl)cc3ccn(C(=O)c4ccccc4C)c23)cc1 | Score: 0.824059784412384 | Type: <class 'float'>
06:46:17 <INFO> SMILES: CC(NC(=O)c1cc(Cl)cc2ccn(C(=O)c3cccc[n+]3[O-])c12)c1ccc(N2CCN(C)CC2)cc1 | Score: 0.9036017656326294 | Type: <class 'float'>
06:46:17 <INFO> SMILES: CC(=O)c1ccccc1NC(=O)n1ccc2cc(Cl)cc(C(=O)NC(C)c3ccc(-c4cncc(Cl)c4)cc3)c21 | Score: 0.5262511968612671 | Type: <class 'float'>
06:46:17 <INFO> SMILES: CC(NC(=O)c1cc(Cl)cc2ccn(C(=O)Nc3ccccc3)c12)c1ccc(C(C)(C)C)cc1 | Score: 0.8503766655921936 | Type: <class 'float'>
06:46:17 <INFO> Score: 0.01 Agent NLL: 16.61 Valid: 100% Step: 2
 | Agent Prior Target Score SMILES SMILES_state Input_Scaffold R-groups Scaffold QED QED (raw) gnina score gnina score (raw) MW MW (raw) SlogP (RDKit) SlogP (RDKit) (raw) TPSA TPSA (raw) Number of stereo centers Number of stereo centers (raw) Number of HB acceptors (Lipinski) Number of HB acceptors (Lipinski) (raw) Number of HB donors (Lipinski) Number of HB donors (Lipinski) (raw) Number of rotatable bonds Number of rotatable bonds (raw) Number of Heavy atoms Number of Heavy atoms (raw) Molecular Volume (RDKit) Molecular Volume (RDKit) (raw) SA score SA score (raw) Number of HB acceptors (Lipinski) Number of HB acceptors (Lipinski) (raw) herg inactive herg inactive (raw) Alerts Alerts (raw) matching_patterns (Alerts)
 | 30.3623 28.8163 -28.8163 0.0000000 CC(NC(=O)c1cc(Cl)cc2ccn(C(=O)CN)c12)c1ccc(-c2cc(CCCO)ccc2Cl)cc1 1 c1cc(C(C)NC(=O)c2cc(Cl)cc3ccn([*])c32)ccc1[*] *C(=O)CN|C(c1cc(*)c(Cl)cc1)CCO O=C(NCc1ccc(-c2ccccc2)cc1)c1cccc2cc[nH]c12 0.0000000 0.0000 0.0000000 0.0000 0.0000000 0.0000 0.0000000 0.0000 0.0000000 0.0000 0.0000000 0.0000 0.0000000 0.0000 0.0000000 0.0000 0.0000000 0.0000 0.0000000 0.0000 0.0000000 0.0000 0.0000000 0.0000 0.0000000 0.0000 0.0000000 0.0000 0.0000000 0.0000 ['[NH2]', '[OH]']
 | 9.4646 10.5363 -10.3178 0.0004368 CC(=O)n1ccc2cc(Cl)cc(C(=O)NC(C)c3ccc(C(F)(F)F)cc3)c21 1 c1cc(C(C)NC(=O)c2cc(Cl)cc3ccn([*])c32)ccc1[*] *C(=O)C|C(F)(F)(F)* O=C(NCc1ccccc1)c1cccc2cc[nH]c12 0.6248520 0.6249 -5.9848000 -5.9848 0.9997750 408.8070 0.0000000 5.4646 1.0000000 51.1000 1.0000000 1.0000 1.0000000 3.0000 0.9467598 1.0000 0.9825279 3.0000 0.9855343 28.0000 0.9897593 330.8880 0.9169239 2.9143 1.0000000 3.0000 0.0000000 0.6741 1.0000000 1.0000 []
 | 7.0522 7.1892 -1.8570 0.0106643 CC(=O)n1ccc2cc(Cl)cc(C(=O)NC(C)c3ccc(N4CCOCC4)cc3)c21 1 c1cc(C(C)NC(=O)c2cc(Cl)cc3ccn([*])c32)ccc1[*] *C(=O)C|C1OCCN(*)C1 O=C(NCc1ccc(N2CCOCC2)cc1)c1cccc2cc[nH]c12 0.6771376 0.6771 -5.4998200 -5.4998 0.9989132 425.9160 0.0000020 4.2824 1.0000000 63.5700 1.0000000 1.0000 1.0000000 5.0000 0.9467598 1.0000 0.9693466 4.0000 0.9789100 30.0000 0.9451749 375.8080 0.9153747 2.9318 1.0000000 5.0000 1.0000000 0.2839 1.0000000 1.0000 []
 | 12.4325 13.9145 -13.7224 0.0003841 CC(=O)n1ccc2cc(Cl)cc(C(=O)NC(C)c3ccc(-c4cccc(Cl)c4)cc3)c21 1 c1cc(C(C)NC(=O)c2cc(Cl)cc3ccn([*])c32)ccc1[*] *C(=O)C|c1(Cl)cc(*)ccc1 O=C(NCc1ccc(-c2ccccc2)cc1)c1cccc2cc[nH]c12 0.3725177 0.3725 -9.3802000 -9.3802 0.9887998 451.3530 0.0000000 6.7662 1.0000000 51.1000 1.0000000 1.0000 1.0000000 3.0000 0.9467598 1.0000 0.9693466 4.0000 0.9745624 31.0000 0.9246135 384.6800 0.9241489 2.8284 1.0000000 3.0000 0.0000000 0.6707 1.0000000 1.0000 []
 | 14.5160 16.1313 -15.9315 0.0003996 COc1cccc(-c2ccc(C(C)NC(=O)c3cc(Cl)cc4ccn(C(C)=O)c34)cc2)n1 1 c1cc(C(C)NC(=O)c2cc(Cl)cc3ccn([*])c32)ccc1[*] *C(=O)C|c1(OC)cccc(*)n1 O=C(NCc1ccc(-c2ccccn2)cc1)c1cccc2cc[nH]c12 0.4370617 0.4371 -9.0684300 -9.0684 0.9918095 447.9220 0.0000000 5.5164 1.0000000 73.2200 1.0000000 1.0000 1.0000000 5.0000 0.9467598 1.0000 0.9467598 5.0000 0.9693466 32.0000 0.9029766 391.8720 0.9095872 2.9948 1.0000000 5.0000 0.0000000 0.6817 1.0000000 1.0000 []
 | 21.4787 22.2265 -21.0425 0.0023681 CC(NC(=O)c1cc(Cl)cc2ccn(C(=O)NC3CCS(=O)(=O)C3)c12)c1ccc(N2CCOCC2)cc1 1 c1cc(C(C)NC(=O)c2cc(Cl)cc3ccn([*])c32)ccc1[*] *C(=O)NC1CS(=O)(=O)CC1|C1CN(*)CCO1 O=C(NCc1ccc(N2CCOCC2)cc1)c1cccc2ccn(C(=O)NC3CCS(=O)(=O)C3)c12 0.5095184 0.5095 -7.6798900 -7.6799 0.0155156 545.0610 0.0003821 3.3671 0.9999524 109.7400 1.0000000 2.0000 0.9999900 7.0000 0.5000000 2.0000 0.9467598 5.0000 0.9237530 37.0000 0.4004190 460.5200 0.8412412 3.5516 0.9999900 7.0000 1.0000000 0.0010 1.0000000 1.0000 []
 | 6.3796 6.5263 -6.5263 0.0000000 Cc1ccc(C(C)NC(=O)c2cc(Cl)cc3ccn(C(N)=O)c23)cc1 1 c1cc(C(C)NC(=O)c2cc(Cl)cc3ccn([*])c32)ccc1[*] *C(=O)N|*C O=C(NCc1ccccc1)c1cccc2cc[nH]c12 0.0000000 0.0000 0.0000000 0.0000 0.0000000 0.0000 0.0000000 0.0000 0.0000000 0.0000 0.0000000 0.0000 0.0000000 0.0000 0.0000000 0.0000 0.0000000 0.0000 0.0000000 0.0000 0.0000000 0.0000 0.0000000 0.0000 0.0000000 0.0000 0.0000000 0.0000 0.0000000 0.0000 ['[NH2]']
 | 13.1494 12.5233 -12.5232 0.0000000 CC(NC(=O)c1cc(Cl)cc2ccn(C(N)=O)c12)c1ccc(CC#N)cc1 1 c1cc(C(C)NC(=O)c2cc(Cl)cc3ccn([*])c32)ccc1[*] *C(=O)N|N#CC* O=C(NCc1ccccc1)c1cccc2cc[nH]c12 0.0000000 0.0000 0.0000000 0.0000 0.0000000 0.0000 0.0000000 0.0000 0.0000000 0.0000 0.0000000 0.0000 0.0000000 0.0000 0.0000000 0.0000 0.0000000 0.0000 0.0000000 0.0000 0.0000000 0.0000 0.0000000 0.0000 0.0000000 0.0000 0.0000000 0.0000 0.0000000 0.0000 ['[NH2]']
 | 19.0087 27.2034 -27.1879 0.0000311 CC(NC(=O)c1cc(Cl)cc2ccn(C(=O)c3ccccc3C(=O)c3ccccc3)c12)c1ccc(C(F)(F)F)cc1 1 c1cc(C(C)NC(=O)c2cc(Cl)cc3ccn([*])c32)ccc1[*] *C(=O)c1ccccc1C(=O)c1ccccc1|FC(F)(F)* O=C(c1ccccc1)c1ccccc1C(=O)n1ccc2cccc(C(=O)NCc3ccccc3)c21 0.2110749 0.2111 -9.7111400 -9.7111 0.0010002 574.9860 0.0000000 7.7240 1.0000000 68.1700 1.0000000 1.0000 1.0000000 4.0000 0.9467598 1.0000 0.9090909 6.0000 0.8490205 41.0000 0.2761976 475.1040 0.9035006 3.0572 1.0000000 4.0000 0.0000000 0.9951 1.0000000 1.0000 []
 | 9.0446 12.9135 8.7501 0.0433273 CC(NC(=O)c1cc(Cl)cc2ccn(C(=O)c3ccccc3)c12)c1ccc(-c2ccccc2)cc1 1 c1cc(C(C)NC(=O)c2cc(Cl)cc3ccn([*])c32)ccc1[*] *C(=O)c1ccccc1|c1(*)ccccc1 O=C(NCc1ccc(-c2ccccc2)cc1)c1cccc2ccn(C(=O)c3ccccc3)c12 0.2915769 0.2916 4.8466400 4.8466 0.8739237 478.9790 0.0000000 7.1412 1.0000000 51.1000 1.0000000 1.0000 1.0000000 3.0000 0.9467598 1.0000 0.9467598 5.0000 0.9467598 35.0000 0.7421833 422.4480 0.9314896 2.7332 1.0000000 3.0000 0.0000000 0.7658 1.0000000 1.0000 []
